// Jest Snapshot v1, https://goo.gl/fbAQLP

exports[`Address is rendered 1`] = `
.emotion-1 {
  display: inline-block;
  margin-left: 1.4em;
  text-indent: -1.4em;
}

.emotion-0 {
  color: maroon;
  -webkit-text-decoration: none;
  text-decoration: none;
}

<div>
  <span
    class="emotion-1"
  >
    <span
      role="img"
      aria-label="round pushpin"
    >
      📍
    </span>
    <a
      href="https://example.com"
      class="emotion-0"
    >
      123 Main Street
    </a>
  </span>
</div>
`;
