// Jest Snapshot v1, https://goo.gl/fbAQLP

exports[`SectionHeader is rendered 1`] = `
.emotion-0 {
  line-height: 1.1;
  margin-bottom: 1rem;
}

@media (max-width:350px) {
  .emotion-0 {
    font-size: 2.4rem;
  }
}

<h1
  id="uniqueId-description"
  class="emotion-0 emotion-1"
>
  I'm a child.
</h1>
`;
