// Jest Snapshot v1, https://goo.gl/fbAQLP

exports[`CardList renders CardList is rendered 1`] = `
.emotion-0 {
  font-weight: normal;
  line-height: 1.1;
  margin: 0 0 1em;
  font-size: 1.75rem;
}

@media (max-width:21.875em) {
  .emotion-0 {
    font-size: 1.5rem;
  }
}

.emotion-20 {
  display: grid;
  grid-gap: 1.5rem;
  margin-bottom: 0.75em;
  display: -webkit-box;
  display: -webkit-flex;
  display: -ms-flexbox;
  display: flex;
  -webkit-flex-wrap: wrap;
  -ms-flex-wrap: wrap;
  flex-wrap: wrap;
}

.emotion-20 > div {
  margin-right: 1.5rem;
  margin-bottom: 1.5rem;
}

.emotion-20 > div {
  -webkit-flex: 0 0 21.25rem;
  -ms-flex: 0 0 21.25rem;
  flex: 0 0 21.25rem;
}

.emotion-17 {
  margin: 1rem;
}

.emotion-8 {
  color: hsl(0,0%,45%);
}

.emotion-18 {
  border-radius: 0.25rem;
  box-shadow: 0 2px 6px 0 hsla(0,0%,0%,0.2);
}

.emotion-6 {
  font-weight: bold;
  line-height: 1.4;
  margin-bottom: 0.75rem;
}

.emotion-4 {
  color: hsl(44,56%,32%);
  -webkit-text-decoration: none;
  text-decoration: none;
}

.emotion-12 {
  display: -webkit-box;
  display: -webkit-flex;
  display: -ms-flexbox;
  display: flex;
  -webkit-align-items: baseline;
  -webkit-box-align: baseline;
  -ms-flex-align: baseline;
  align-items: baseline;
}

.emotion-9 {
  font-family: "Segoe UI Emoji";
  margin-right: 0.25em;
}

.emotion-2 {
  border-radius: 0.25rem;
  border-bottom-left-radius: 0;
  border-bottom-right-radius: 0;
  display: block;
  height: 12rem;
  background-image: url(https://url_to_image/);
  background-size: cover;
  background-position: center center;
}

<div>
  <h1
    id="uniqueId-description"
    class="emotion-0 emotion-1"
  >
    A Title
  </h1>
  <div
    class="emotion-20 emotion-21"
  >
    <div
      class="emotion-18 emotion-19"
    >
      <a
        href="https://som_url/"
        rel="nofollow"
        class="emotion-2 emotion-3"
      />
      <div
        class="emotion-17"
      >
        <div
          class="emotion-6 emotion-7"
        >
          <a
            href="https://som_url/"
            rel="nofollow"
            class="emotion-4 emotion-5"
          >
            ABC Co.
          </a>
        </div>
        <p
          class="emotion-8"
        >
          $100–$200
        </p>
        <address>
          <div>
            <span
              class="emotion-12"
            >
              <span
                class="emotion-9"
                role="img"
                aria-label="round pushpin"
              >
                📍
              </span>
              <a
                href="https://url_to_map/"
                class="emotion-4 emotion-5"
              >
                123 Main Street
              </a>
            </span>
          </div>
          <div>
            <span
              class="emotion-12"
            >
              <span
                class="emotion-9"
                role="img"
                aria-label="phone receiver"
              >
                📞
              </span>
              <a
                href="tel:415-123-4567"
                class="emotion-4 emotion-5"
              >
                415-123-4567
              </a>
            </span>
          </div>
        </address>
      </div>
    </div>
  </div>
</div>
`;
