// Jest Snapshot v1, https://goo.gl/fbAQLP

exports[`App renders 1`] = `
.emotion-52 {
  margin-top: 1.5rem;
}

@media (min-width:540px) {
  .emotion-52 {
    margin-top: 0;
  }
}

@media (min-width:900px) {
  .emotion-52 {
    margin-top: 1.5rem;
  }
}

.emotion-8 {
  background-color: #100d44;
  background-image: url(header-background.png);
  background-size: 100%;
  background-repeat: no-repeat;
  padding: 1rem 1rem;
  padding-bottom: 2rem;
}

@media (min-width:1200px) {
  .emotion-8 {
    padding-bottom: 4rem;
  }
}

.emotion-0 {
  color: white;
  margin-bottom: 1rem;
  font-size: 14vw;
}

@media (min-width:576px) {
  .emotion-0 {
    font-size: 10vw;
  }
}

@media (min-width:768px) {
  .emotion-0 {
    font-size: 7vw;
  }
}

@media (min-width:992px) {
  .emotion-0 {
    font-size: 6vw;
  }
}

@media (min-width:1200px) {
  .emotion-0 {
    font-size: 5vw;
  }
}

.emotion-2 {
  font-size: 1.25rem;
  font-weight: 300;
  color: white;
}

.emotion-6 {
  border-radius: 0.25rem;
  display: inline-block;
  font-size: 1rem;
  text-align: center;
  vertical-align: middle;
  white-space: nowrap;
  -webkit-text-decoration: none;
  text-decoration: none;
  padding: 0.5rem 0.75rem;
  font-size: 1.25rem;
  padding: 0.75rem 1rem;
  border-radius: 0.3rem;
  color: white;
  font-weight: bold;
  background-color: rgb(225,18,130);
  width: auto;
}

.emotion-40 {
  display: -webkit-box;
  display: -webkit-flex;
  display: -ms-flexbox;
  display: flex;
  -webkit-flex-wrap: wrap;
  -ms-flex-wrap: wrap;
  flex-wrap: wrap;
  -webkit-box-pack: center;
  -webkit-justify-content: center;
  -ms-flex-pack: center;
  justify-content: center;
  list-style-type: none;
  padding: 0;
  margin: 0;
}

.emotion-13 {
  -webkit-box-flex: 1;
  -webkit-flex-grow: 1;
  -ms-flex-positive: 1;
  flex-grow: 1;
  text-align: center;
}

.emotion-11 {
  color: maroon;
  -webkit-text-decoration: none;
  text-decoration: none;
  display: block;
  padding: 0.75rem 1rem;
}

.emotion-10 {
  display: inline-block;
  margin-left: 1.4em;
  text-indent: -1.4em;
}

.emotion-75 {
  background-color: rgba(64,60,127,0.2);
  padding: 1.5rem;
}

.emotion-65 {
  grid-column: 1 / 3;
  padding: 0;
  margin-top: 1.5rem;
}

.emotion-43 {
  line-height: 1.1;
  margin-bottom: 1rem;
}

@media (max-width:350px) {
  .emotion-43 {
    font-size: 2.4rem;
  }
}

@media (min-width:900px) {
  .emotion-73 {
    display: grid;
    grid-template-columns: 1fr 2fr;
    grid-column-gap: 1rem;
  }
}

@media (min-width:540px) {
  .emotion-68 {
    display: grid;
    grid-template-columns: 1fr 1fr;
    grid-column-gap: 3rem;
  }
}

@media (min-width:900px) {
  .emotion-68 {
    display: block;
  }
}

.emotion-45 {
  margin: 0.25rem 0;
}

.emotion-50 {
  color: maroon;
  -webkit-text-decoration: none;
  text-decoration: none;
}

.emotion-61 {
  margin-left: 1.5rem;
}

.emotion-66 {
  border-radius: 0.25rem;
  display: inline-block;
  font-size: 1rem;
  text-align: center;
  vertical-align: middle;
  white-space: nowrap;
  -webkit-text-decoration: none;
  text-decoration: none;
  padding: 0.5rem 0.75rem;
  font-size: 1.25rem;
  padding: 0.75rem 1rem;
  border-radius: 0.3rem;
  color: white;
  font-weight: bold;
  background-color: rgb(225,18,130);
  width: 100%;
  grid-column: 1 / 3;
  margin-top: 0.5rem;
}

.emotion-71 {
  margin-top: 1.5rem;
}

@media (min-width:900px) {
  .emotion-71 {
    margin-top: 0px;
  }
}

.emotion-70 {
  width: 100%;
  border: 0;
}

.emotion-84 {
  background-color: rgba(182,174,71,0.2);
  padding: 1.5rem;
}

.emotion-82 {
  font-weight: bold;
}

.emotion-218 {
  display: grid;
  grid-gap: 1.5rem;
  margin-bottom: 0.75em;
  grid-template-columns: repeat(3,1fr);
}

.emotion-102 {
  margin: 1rem;
}

.emotion-103 {
  border-radius: 0.25rem;
  background-color: white;
}

.emotion-90 {
  border-radius: 0.25rem;
  border-bottom-left-radius: 0;
  border-bottom-right-radius: 0;
}

.emotion-88 {
  border-radius: 0.25rem;
  border-bottom-left-radius: 0;
  border-bottom-right-radius: 0;
  width: 100%;
  height: 12rem;
  object-fit: cover;
}

.emotion-94 {
  font-size: 1.25rem;
  line-height: 1.4;
  margin-bottom: 0.75rem;
}

@media (min-width:600px) {
  .emotion-519 {
    display: grid;
    grid-template-columns: 5rem 30rem;
    grid-row-gap: 1rem;
  }
}

@media (min-width:600px) {
  .emotion-505 {
    margin-top: 0.575rem;
  }
}

.emotion-507 {
  border-radius: 0.25rem;
  font-size: 1rem;
  line-height: 1.5;
  padding: 0.375rem 0.75rem;
  border: 1px solid #ced4da;
  display: block;
  width: 100%;
  margin: .5rem 0 1rem;
}

@media (min-width:600px) {
  .emotion-507 {
    width: auto;
    margin: 0;
  }
}

.emotion-515 {
  border-radius: 0.25rem;
  font-size: 1rem;
  line-height: 1.5;
  padding: 0.375rem 0.75rem;
  border: 1px solid #ced4da;
  display: block;
  width: 100%;
  margin: .5rem 0 1rem;
}

@media (min-width:600px) {
  .emotion-515 {
    width: auto;
    margin: 0;
  }
}

.emotion-517 {
  border-radius: 0.25rem;
  display: inline-block;
  font-size: 1rem;
  text-align: center;
  vertical-align: middle;
  white-space: nowrap;
  -webkit-text-decoration: none;
  text-decoration: none;
  padding: 0.5rem 0.75rem;
  grid-column-start: 2;
  justify-self: start;
  cursor: pointer;
  background-color: #100d44;
  color: white;
}

<div>
  <header
    aria-label="Event header"
    style="background-position-x: 0px; background-position-y: -61.44px;"
    class="emotion-8 emotion-9"
  >
    <h1
      class="emotion-0 emotion-1"
    >
      Sam & Sue’s 50th Anniversary
    </h1>
    <p
      class="emotion-2 emotion-3"
    >
      Saturday, June 23, 2018
    </p>
    <p
      class="emotion-2 emotion-3"
    >
      Somers, Montana
    </p>
    <a
      href="https://goo.gl/forms/SKdVBcUt7LUQmP1K2"
      class="emotion-6 emotion-7"
    >
      RSVP
    </a>
  </header>
  <nav>
    <ul
      class="emotion-40 emotion-41"
    >
      <li
        class="emotion-13 emotion-14"
      >
        <a
          href="#event"
          class="emotion-11 emotion-12"
        >
          <span
            class="emotion-10"
          >
            <span
              role="img"
              aria-label="party hat"
            >
              🎉
            </span>
            Details
          </span>
        </a>
      </li>
      <li
        class="emotion-13 emotion-14"
      >
        <a
          href="#airport"
          class="emotion-11 emotion-12"
        >
          <span
            class="emotion-10"
          >
            <span
              role="img"
              aria-label="airplane"
            >
              ✈️
            </span>
            Airport
          </span>
        </a>
      </li>
      <li
        class="emotion-13 emotion-14"
      >
        <a
          href="#lodgingList"
          class="emotion-11 emotion-12"
        >
          <span
            class="emotion-10"
          >
            <span
              role="img"
              aria-label="hotel"
            >
              🏩
            </span>
            Lodging
          </span>
        </a>
      </li>
      <li
        class="emotion-13 emotion-14"
      >
        <a
          href="#foodList"
          class="emotion-11 emotion-12"
        >
          <span
            class="emotion-10"
          >
            <span
              role="img"
              aria-label="burger"
            >
              🍔
            </span>
            Food
          </span>
        </a>
      </li>
      <li
        class="emotion-13 emotion-14"
      >
        <a
          href="#activityList"
          class="emotion-11 emotion-12"
        >
          <span
            class="emotion-10"
          >
            <span
              role="img"
              aria-label="biking woman"
            >
              🚴🏽‍♀️
            </span>
            Activities
          </span>
        </a>
      </li>
      <li
        class="emotion-13 emotion-14"
      >
        <a
          href="#contactUs"
          class="emotion-11 emotion-12"
        >
          <span
            class="emotion-10"
          >
            <span
              role="img"
              aria-label="woman raising hand"
            >
              🙋🏻‍♀️
            </span>
            Questions?
          </span>
        </a>
      </li>
    </ul>
  </nav>
  <main
    id="event"
    class="emotion-75"
    aria-labelledby="event-description"
  >
    <h1
      id="event-description"
      class="emotion-43 emotion-44"
    >
      <span
        class="emotion-10"
      >
        <span
          role="img"
          aria-label="party hat"
        >
          🎉
        </span>
        Celebration Details
      </span>
    </h1>
    <div
      class="emotion-73 emotion-74"
    >
      <div
        class="emotion-68 emotion-69"
      >
        <div>
          <h2>
            When?
          </h2>
          <p
            class="emotion-45 emotion-46"
          >
            <time
              datetime="2018-06-23 16:00"
            >
              Saturday, June 23, 2018
            </time>
          </p>
          <p
            class="emotion-45 emotion-46"
          >
            Starts at 4:00pm, dinner buffet at 5:00pm
          </p>
          <a
            href="event.ics"
            download=""
            class="emotion-50 emotion-51"
          >
            <span
              class="emotion-10"
            >
              <span
                role="img"
                aria-label="calendar"
              >
                📆
              </span>
              Add to calendar
            </span>
          </a>
        </div>
        <div>
          <h2
            class="emotion-52"
          >
            Where?
          </h2>
          <a
            href="http://vistalindacatering.com/"
            rel="nofollow"
            class="emotion-50 emotion-51"
          >
            Vista Linda Mexican & Catering
          </a>
          <address>
            <div>
              <span
                class="emotion-10"
              >
                <span
                  role="img"
                  aria-label="round pushpin"
                >
                  📍
                </span>
                <a
                  href="https://goo.gl/maps/THRyvih62562"
                  class="emotion-50 emotion-51"
                >
                  240 Boon Rd, Somers, MT 59932
                </a>
              </span>
            </div>
            <div>
              <span
                class="emotion-10"
              >
                <span
                  role="img"
                  aria-label="phone receiver"
                >
                  📞
                </span>
                <a
                  href="tel:(406) 857-3158"
                  class="emotion-50 emotion-51"
                >
                  (406) 857-3158
                </a>
              </span>
            </div>
          </address>
        </div>
        <ul
          class="emotion-65"
        >
          <li
            class="emotion-61 emotion-62"
          >
            Event will take place outdoors in a covered pavilion
          </li>
          <li
            class="emotion-61 emotion-62"
          >
            Dressy casual attire
          </li>
        </ul>
        <a
          href="https://goo.gl/forms/SKdVBcUt7LUQmP1K2"
          width="100%"
          class="emotion-66 emotion-7"
        >
          RSVP
        </a>
      </div>
      <div
        class="emotion-71 emotion-72"
      >
        <div>
          <iframe
            src="https://www.google.com/maps/embed?pb=!1m18!1m12!1m3!1d2665.5868734347823!2d-114.24015338435312!3d48.07961667921895!2m3!1f0!2f0!3f0!3m2!1i1024!2i768!4f13.1!3m3!1m2!1s0x5366535871876905%3A0x3088f2289bea6c!2sVista+Linda+Mexican+%26+Catering!5e0!3m2!1sen!2sus!4v1520397563655"
            title="map"
            height="300"
            allowfullscreen=""
            class="emotion-70"
          />
        </div>
      </div>
    </div>
  </main>
  <section
    id="airport"
    class="emotion-84"
    aria-labelledby="airport-description"
  >
    <h1
      id="airport-description"
      class="emotion-43 emotion-44"
    >
      <span
        class="emotion-10"
      >
        <span
          role="img"
          aria-label="airplane"
        >
          ✈️
        </span>
        Where to Fly Into?
      </span>
    </h1>
    <div>
      <span
        class="emotion-10"
      >
        <span
          role="img"
          aria-label="flight arrival"
        >
          🛬
        </span>
        <a
          href="http://www.iflyglacier.com"
          rel="nofollow"
          class="emotion-50 emotion-51"
        >
          Glacier Park International Airport
        </a>
      </span>
      <p>
        <span
          class="emotion-82 emotion-83"
        >
          Code
        </span>
        : FCA
      </p>
    </div>
  </section>
  <section
    id="lodgingList"
    class="emotion-75"
    aria-labelledby="lodgingList-description"
  >
    <h1
      id="lodgingList-description"
      class="emotion-43 emotion-44"
    >
      <span
        class="emotion-10"
      >
        <span
          role="img"
          aria-label="hotel"
        >
          🏩
        </span>
        Where to Stay?
      </span>
    </h1>
    <div
      class="emotion-218 emotion-219"
    >
      <div
        class="emotion-103 emotion-104"
      >
        <a
          href="http://outlookinnbandb.com"
          rel="nofollow"
          class="emotion-90 emotion-91"
        >
          <img
            src="https://lh5.googleusercontent.com/p/AF1QipP6DfmJnGhCT_brALxXqoV-ldPxWuavT-KKvPPe=w408-h273-k-no"
            alt="Outlook Inn Bed and Breakfast"
            class="emotion-88 emotion-89"
          />
        </a>
        <div
          class="emotion-102"
        >
          <div
            class="emotion-94 emotion-95"
          >
            <a
              href="http://outlookinnbandb.com"
              rel="nofollow"
              class="emotion-50 emotion-51"
            >
              Outlook Inn Bed and Breakfast
            </a>
          </div>
          <address>
            <div>
              <span
                class="emotion-10"
              >
                <span
                  role="img"
                  aria-label="round pushpin"
                >
                  📍
                </span>
                <a
                  href="https://goo.gl/maps/am3u2e5nG9Q2"
                  class="emotion-50 emotion-51"
                >
                  175 Boon Rd, Somers, MT 59932
                </a>
              </span>
            </div>
            <div>
              <span
                class="emotion-10"
              >
                <span
                  role="img"
                  aria-label="phone receiver"
                >
                  📞
                </span>
                <a
                  href="tel:(406) 857-2060"
                  class="emotion-50 emotion-51"
                >
                  (406) 857-2060
                </a>
              </span>
            </div>
          </address>
        </div>
      </div>
      <div
        class="emotion-103 emotion-104"
      >
        <a
          href="http://bestwesternflatheadlake.com"
          rel="nofollow"
          class="emotion-90 emotion-91"
        >
          <img
            src="https://lh3.ggpht.com/p/AF1QipPl0yDkYjiWoiJL-9HYuu832fm2Yj02m71GcsNf=s1536"
            alt="Best Western Plus Flathead Lake Inn and Suites"
            class="emotion-88 emotion-89"
          />
        </a>
        <div
          class="emotion-102"
        >
          <div
            class="emotion-94 emotion-95"
          >
            <a
              href="http://bestwesternflatheadlake.com"
              rel="nofollow"
              class="emotion-50 emotion-51"
            >
              Best Western Plus Flathead Lake Inn and Suites
            </a>
          </div>
          <p>
            $199–$219
          </p>
          <address>
            <div>
              <span
                class="emotion-10"
              >
                <span
                  role="img"
                  aria-label="round pushpin"
                >
                  📍
                </span>
                <a
                  href="https://goo.gl/maps/GshRHRYWWHT2"
                  class="emotion-50 emotion-51"
                >
                  4824 US Highway 93 S, Kalispell, MT 59901
                </a>
              </span>
            </div>
            <div>
              <span
                class="emotion-10"
              >
                <span
                  role="img"
                  aria-label="phone receiver"
                >
                  📞
                </span>
                <a
                  href="tel:(406) 857-2400"
                  class="emotion-50 emotion-51"
                >
                  (406) 857-2400
                </a>
              </span>
            </div>
          </address>
        </div>
      </div>
      <div
        class="emotion-103 emotion-104"
      >
        <a
          href="http://hiltongardeninn3.hilton.com/en/hotels/montana/hilton-garden-inn-kalispell-FCAKSGI/index.html"
          rel="nofollow"
          class="emotion-90 emotion-91"
        >
          <img
            src="https://lh5.googleusercontent.com/p/AF1QipMoJX1_n9nNn6tHnv6tNXQo9DG78AxOpHYoTM2x=w408-h271-k-no"
            alt="Hilton Garden Inn Kalispell"
            class="emotion-88 emotion-89"
          />
        </a>
        <div
          class="emotion-102"
        >
          <div
            class="emotion-94 emotion-95"
          >
            <a
              href="http://hiltongardeninn3.hilton.com/en/hotels/montana/hilton-garden-inn-kalispell-FCAKSGI/index.html"
              rel="nofollow"
              class="emotion-50 emotion-51"
            >
              Hilton Garden Inn Kalispell
            </a>
          </div>
          <address>
            <div>
              <span
                class="emotion-10"
              >
                <span
                  role="img"
                  aria-label="round pushpin"
                >
                  📍
                </span>
                <a
                  href="https://goo.gl/maps/ZdHX7Scv3Z22"
                  class="emotion-50 emotion-51"
                >
                  1840 Highway 93 South, Kalispell, MT, 59901
                </a>
              </span>
            </div>
            <div>
              <span
                class="emotion-10"
              >
                <span
                  role="img"
                  aria-label="phone receiver"
                >
                  📞
                </span>
                <a
                  href="tel:(406) 756-4500"
                  class="emotion-50 emotion-51"
                >
                  (406) 756-4500
                </a>
              </span>
            </div>
          </address>
        </div>
      </div>
      <div
        class="emotion-103 emotion-104"
      >
        <a
          href="http://www.somersbaycabins.com"
          rel="nofollow"
          class="emotion-90 emotion-91"
        >
          <img
            src="https://cdn.ostrovok.ru/t/1024x768/mec/hotels/8000000/7120000/7118600/7118558/7118558_15_b.jpg"
            alt="Somer’s Bay Log Cabin"
            class="emotion-88 emotion-89"
          />
        </a>
        <div
          class="emotion-102"
        >
          <div
            class="emotion-94 emotion-95"
          >
            <a
              href="http://www.somersbaycabins.com"
              rel="nofollow"
              class="emotion-50 emotion-51"
            >
              Somer’s Bay Log Cabin
            </a>
          </div>
          <address>
            <div>
              <span
                class="emotion-10"
              >
                <span
                  role="img"
                  aria-label="round pushpin"
                >
                  📍
                </span>
                <a
                  href="https://goo.gl/maps/BbkY5V9RMDw"
                  class="emotion-50 emotion-51"
                >
                  5496 Highway 93 South, Somers, MT 59932
                </a>
              </span>
            </div>
          </address>
        </div>
      </div>
      <div
        class="emotion-103 emotion-104"
      >
        <a
          href="http://www.fairbridgeinns.com/Booking_Platform/#/fairbridge/new/20160528012100"
          rel="nofollow"
          class="emotion-90 emotion-91"
        >
          <img
            src="https://lh3.ggpht.com/p/AF1QipMwGIaY-rFy-uL4pYwy2zgApjQdN9ZJiCn_ZYSj=s1024"
            alt="FairBridge Inn & Suites"
            class="emotion-88 emotion-89"
          />
        </a>
        <div
          class="emotion-102"
        >
          <div
            class="emotion-94 emotion-95"
          >
            <a
              href="http://www.fairbridgeinns.com/Booking_Platform/#/fairbridge/new/20160528012100"
              rel="nofollow"
              class="emotion-50 emotion-51"
            >
              FairBridge Inn & Suites
            </a>
          </div>
          <p>
            $129–$159
          </p>
          <address>
            <div>
              <span
                class="emotion-10"
              >
                <span
                  role="img"
                  aria-label="round pushpin"
                >
                  📍
                </span>
                <a
                  href="https://goo.gl/maps/5rr3juZy5Yz"
                  class="emotion-50 emotion-51"
                >
                  1701 Highway 93 South, Kalispell, MT, 59901
                </a>
              </span>
            </div>
            <div>
              <span
                class="emotion-10"
              >
                <span
                  role="img"
                  aria-label="phone receiver"
                >
                  📞
                </span>
                <a
                  href="tel:(406) 755-6100"
                  class="emotion-50 emotion-51"
                >
                  (406) 755-6100
                </a>
              </span>
            </div>
          </address>
        </div>
      </div>
      <div
        class="emotion-103 emotion-104"
      >
        <a
          href="http://sunrisevistainn.weebly.com"
          rel="nofollow"
          class="emotion-90 emotion-91"
        >
          <img
            src="http://sunrisevistainn.weebly.com/uploads/5/3/4/1/53416569/8098879_orig.jpg"
            alt="Sunrise Vista Inn"
            class="emotion-88 emotion-89"
          />
        </a>
        <div
          class="emotion-102"
        >
          <div
            class="emotion-94 emotion-95"
          >
            <a
              href="http://sunrisevistainn.weebly.com"
              rel="nofollow"
              class="emotion-50 emotion-51"
            >
              Sunrise Vista Inn
            </a>
          </div>
          <address>
            <div>
              <span
                class="emotion-10"
              >
                <span
                  role="img"
                  aria-label="round pushpin"
                >
                  📍
                </span>
                <a
                  href="https://goo.gl/maps/mQ1WixYQD142"
                  class="emotion-50 emotion-51"
                >
                  7005 Highway 93 S, Lakeside, MT 59922
                </a>
              </span>
            </div>
            <div>
              <span
                class="emotion-10"
              >
                <span
                  role="img"
                  aria-label="phone receiver"
                >
                  📞
                </span>
                <a
                  href="tel:(406) 844-0231"
                  class="emotion-50 emotion-51"
                >
                  (406) 844-0231
                </a>
              </span>
            </div>
          </address>
        </div>
      </div>
      <div
        class="emotion-103 emotion-104"
      >
        <a
          href="http://edgewaterrv.com"
          rel="nofollow"
          class="emotion-90 emotion-91"
        >
          <img
            src="http://www.passportamerica.com/img/campgrounds/3358/CG-3278_4.png"
            alt="Edgewater RV Resort & Motel"
            class="emotion-88 emotion-89"
          />
        </a>
        <div
          class="emotion-102"
        >
          <div
            class="emotion-94 emotion-95"
          >
            <a
              href="http://edgewaterrv.com"
              rel="nofollow"
              class="emotion-50 emotion-51"
            >
              Edgewater RV Resort & Motel
            </a>
          </div>
          <address>
            <div>
              <span
                class="emotion-10"
              >
                <span
                  role="img"
                  aria-label="round pushpin"
                >
                  📍
                </span>
                <a
                  href="https://goo.gl/maps/tVCfyofRppH2"
                  class="emotion-50 emotion-51"
                >
                  7140 US-93, Lakeside, MT 59922
                </a>
              </span>
            </div>
            <div>
              <span
                class="emotion-10"
              >
                <span
                  role="img"
                  aria-label="phone receiver"
                >
                  📞
                </span>
                <a
                  href="tel:(406) 844-3644"
                  class="emotion-50 emotion-51"
                >
                  (406) 844-3644
                </a>
              </span>
            </div>
          </address>
        </div>
      </div>
      <div
        class="emotion-103 emotion-104"
      >
        <a
          href="http://www.peacefulbayresort.com"
          rel="nofollow"
          class="emotion-90 emotion-91"
        >
          <img
            src="http://www.peacefulbayresort.com/images/pb-on-the-hill-sm.jpg"
            alt="Peaceful Bay Resort & Club"
            class="emotion-88 emotion-89"
          />
        </a>
        <div
          class="emotion-102"
        >
          <div
            class="emotion-94 emotion-95"
          >
            <a
              href="http://www.peacefulbayresort.com"
              rel="nofollow"
              class="emotion-50 emotion-51"
            >
              Peaceful Bay Resort & Club
            </a>
          </div>
          <address>
            <div>
              <span
                class="emotion-10"
              >
                <span
                  role="img"
                  aria-label="round pushpin"
                >
                  📍
                </span>
                <a
                  href="https://goo.gl/maps/V32mgjc37Q62"
                  class="emotion-50 emotion-51"
                >
                  59901, 137 Peaceful Ln, Lakeside, MT 59922
                </a>
              </span>
            </div>
          </address>
        </div>
      </div>
    </div>
  </section>
  <section
    id="foodList"
    class="emotion-84"
    aria-labelledby="foodList-description"
  >
    <h1
      id="foodList-description"
      class="emotion-43 emotion-44"
    >
      <span
        class="emotion-10"
      >
        <span
          role="img"
          aria-label="burger"
        >
          🍔
        </span>
        Where to Eat?
      </span>
    </h1>
    <div
      class="emotion-218 emotion-219"
    >
      <div
        class="emotion-103 emotion-104"
      >
        <a
          href="https://www.facebook.com/glacier.perks.coffee/"
          rel="nofollow"
          class="emotion-90 emotion-91"
        >
          <img
            src="https://lh5.googleusercontent.com/p/AF1QipNWYhfT5pFGozkX93Vy4k6xyOtuTTOgxU4JPVgr=s792-k-no"
            alt="Glacier Perks Coffee House"
            class="emotion-88 emotion-89"
          />
        </a>
        <div
          class="emotion-102"
        >
          <div
            class="emotion-94 emotion-95"
          >
            <a
              href="https://www.facebook.com/glacier.perks.coffee/"
              rel="nofollow"
              class="emotion-50 emotion-51"
            >
              Glacier Perks Coffee House
            </a>
          </div>
          <address>
            <div>
              <span
                class="emotion-10"
              >
                <span
                  role="img"
                  aria-label="round pushpin"
                >
                  📍
                </span>
                <a
                  href="https://goo.gl/maps/jugv4Y9a1cB2"
                  class="emotion-50 emotion-51"
                >
                  7235 US Highway 93 S, Lakeside, MT 59922
                </a>
              </span>
            </div>
            <div>
              <span
                class="emotion-10"
              >
                <span
                  role="img"
                  aria-label="phone receiver"
                >
                  📞
                </span>
                <a
                  href="tel:(406) 844-0908"
                  class="emotion-50 emotion-51"
                >
                  (406) 844-0908
                </a>
              </span>
            </div>
          </address>
        </div>
      </div>
      <div
        class="emotion-103 emotion-104"
      >
        <a
          href="http://www.farmhouselakeside.com"
          rel="nofollow"
          class="emotion-90 emotion-91"
        >
          <img
            src="https://lh3.ggpht.com/p/AF1QipMnq0hRJAZx8v0dzUghoHUTZWIdU0DehUtECS7O=s1024"
            alt="The Farmhouse Restaurant"
            class="emotion-88 emotion-89"
          />
        </a>
        <div
          class="emotion-102"
        >
          <div
            class="emotion-94 emotion-95"
          >
            <a
              href="http://www.farmhouselakeside.com"
              rel="nofollow"
              class="emotion-50 emotion-51"
            >
              The Farmhouse Restaurant
            </a>
          </div>
          <address>
            <div>
              <span
                class="emotion-10"
              >
                <span
                  role="img"
                  aria-label="round pushpin"
                >
                  📍
                </span>
                <a
                  href="https://goo.gl/maps/torto64XEY12"
                  class="emotion-50 emotion-51"
                >
                  306 Stoner Loop, Lakeside, MT 59922
                </a>
              </span>
            </div>
            <div>
              <span
                class="emotion-10"
              >
                <span
                  role="img"
                  aria-label="phone receiver"
                >
                  📞
                </span>
                <a
                  href="tel:(406) 844-0610"
                  class="emotion-50 emotion-51"
                >
                  (406) 844-0610
                </a>
              </span>
            </div>
          </address>
        </div>
      </div>
      <div
        class="emotion-103 emotion-104"
      >
        <a
          href="https://www.tamarackbrewing.com/lakeside"
          rel="nofollow"
          class="emotion-90 emotion-91"
        >
          <img
            src="https://lh3.ggpht.com/p/AF1QipPunoYdh_MlZieT4exVD5a6x-337zzUaTBV1p9I=s1024"
            alt="Tamarack Brewing Company"
            class="emotion-88 emotion-89"
          />
        </a>
        <div
          class="emotion-102"
        >
          <div
            class="emotion-94 emotion-95"
          >
            <a
              href="https://www.tamarackbrewing.com/lakeside"
              rel="nofollow"
              class="emotion-50 emotion-51"
            >
              Tamarack Brewing Company
            </a>
          </div>
          <address>
            <div>
              <span
                class="emotion-10"
              >
                <span
                  role="img"
                  aria-label="round pushpin"
                >
                  📍
                </span>
                <a
                  href="https://goo.gl/maps/sTZ8XbjgAiG2"
                  class="emotion-50 emotion-51"
                >
                  105 Blacktail Road, Lakeside, MT
                </a>
              </span>
            </div>
            <div>
              <span
                class="emotion-10"
              >
                <span
                  role="img"
                  aria-label="phone receiver"
                >
                  📞
                </span>
                <a
                  href="tel:(406) 844-0244"
                  class="emotion-50 emotion-51"
                >
                  (406) 844-0244
                </a>
              </span>
            </div>
          </address>
        </div>
      </div>
      <div
        class="emotion-103 emotion-104"
      >
        <a
          href="https://www.facebook.com/homesteadcafebarandcasino/"
          rel="nofollow"
          class="emotion-90 emotion-91"
        >
          <img
            src="https://lh3.ggpht.com/p/AF1QipMjDbTEfGaaysS5OVQUaxeGGQHi5adNwoNMYan6=s1024"
            alt="Homestead Cafe"
            class="emotion-88 emotion-89"
          />
        </a>
        <div
          class="emotion-102"
        >
          <div
            class="emotion-94 emotion-95"
          >
            <a
              href="https://www.facebook.com/homesteadcafebarandcasino/"
              rel="nofollow"
              class="emotion-50 emotion-51"
            >
              Homestead Cafe
            </a>
          </div>
          <address>
            <div>
              <span
                class="emotion-10"
              >
                <span
                  role="img"
                  aria-label="round pushpin"
                >
                  📍
                </span>
                <a
                  href="https://goo.gl/maps/9YQK8DymPK52"
                  class="emotion-50 emotion-51"
                >
                  7262 US Highway 93, Lakeside, MT 59922
                </a>
              </span>
            </div>
            <div>
              <span
                class="emotion-10"
              >
                <span
                  role="img"
                  aria-label="phone receiver"
                >
                  📞
                </span>
                <a
                  href="tel:(406) 844-3926"
                  class="emotion-50 emotion-51"
                >
                  (406) 844-3926
                </a>
              </span>
            </div>
          </address>
        </div>
      </div>
      <div
        class="emotion-103 emotion-104"
      >
        <a
          href="https://www.dairyqueen.com/us-en/locator/Detail/?localechange=1&store-id=7001&"
          rel="nofollow"
          class="emotion-90 emotion-91"
        >
          <img
            src="https://geo0.ggpht.com/cbk?cb_client=maps_sv.tactile&authuser=0&hl=en&gl=us&photoid=gkRxLlg5XAIAAAQun13VTQ&output=photo"
            alt="Dairy Queen"
            class="emotion-88 emotion-89"
          />
        </a>
        <div
          class="emotion-102"
        >
          <div
            class="emotion-94 emotion-95"
          >
            <a
              href="https://www.dairyqueen.com/us-en/locator/Detail/?localechange=1&store-id=7001&"
              rel="nofollow"
              class="emotion-50 emotion-51"
            >
              Dairy Queen
            </a>
          </div>
          <address>
            <div>
              <span
                class="emotion-10"
              >
                <span
                  role="img"
                  aria-label="round pushpin"
                >
                  📍
                </span>
                <a
                  href="https://goo.gl/maps/LR9qrqDZ3DN2"
                  class="emotion-50 emotion-51"
                >
                  7170 HWY 93 S, Lakeside, MT 59922
                </a>
              </span>
            </div>
            <div>
              <span
                class="emotion-10"
              >
                <span
                  role="img"
                  aria-label="phone receiver"
                >
                  📞
                </span>
                <a
                  href="tel:(406) 844-3844"
                  class="emotion-50 emotion-51"
                >
                  (406) 844-3844
                </a>
              </span>
            </div>
          </address>
        </div>
      </div>
      <div
        class="emotion-103 emotion-104"
      >
        <a
          href="https://www.facebook.com/pages/Winchester-Steak-House/325894450829601"
          rel="nofollow"
          class="emotion-90 emotion-91"
        >
          <img
            src="https://lh3.ggpht.com/p/AF1QipPdnh0NOOANGbddezmt93GNeHsbkV6PtcpZdFws=s1024"
            alt="Winchester Steak House"
            class="emotion-88 emotion-89"
          />
        </a>
        <div
          class="emotion-102"
        >
          <div
            class="emotion-94 emotion-95"
          >
            <a
              href="https://www.facebook.com/pages/Winchester-Steak-House/325894450829601"
              rel="nofollow"
              class="emotion-50 emotion-51"
            >
              Winchester Steak House
            </a>
          </div>
          <address>
            <div>
              <span
                class="emotion-10"
              >
                <span
                  role="img"
                  aria-label="round pushpin"
                >
                  📍
                </span>
                <a
                  href="https://goo.gl/maps/RN46pwo4Be92"
                  class="emotion-50 emotion-51"
                >
                  2205 US Highway 93 S, Kalispell, MT 59901
                </a>
              </span>
            </div>
            <div>
              <span
                class="emotion-10"
              >
                <span
                  role="img"
                  aria-label="phone receiver"
                >
                  📞
                </span>
                <a
                  href="tel:(406) 257-8188"
                  class="emotion-50 emotion-51"
                >
                  (406) 257-8188
                </a>
              </span>
            </div>
          </address>
        </div>
      </div>
      <div
        class="emotion-103 emotion-104"
      >
        <a
          href="http://scottysmt.com"
          rel="nofollow"
          class="emotion-90 emotion-91"
        >
          <img
            src="https://lh3.ggpht.com/p/AF1QipNisMxLj0y-kjpFsm7xRX_JufIRw2_K1PXmbjI_=s1024"
            alt="Scotty's Bar"
            class="emotion-88 emotion-89"
          />
        </a>
        <div
          class="emotion-102"
        >
          <div
            class="emotion-94 emotion-95"
          >
            <a
              href="http://scottysmt.com"
              rel="nofollow"
              class="emotion-50 emotion-51"
            >
              Scotty's Bar
            </a>
          </div>
          <address>
            <div>
              <span
                class="emotion-10"
              >
                <span
                  role="img"
                  aria-label="round pushpin"
                >
                  📍
                </span>
                <a
                  href="https://goo.gl/maps/fpx285LR8JL2"
                  class="emotion-50 emotion-51"
                >
                  2205 US Highway 93 S, Kalispell, MT 59901
                </a>
              </span>
            </div>
            <div>
              <span
                class="emotion-10"
              >
                <span
                  role="img"
                  aria-label="phone receiver"
                >
                  📞
                </span>
                <a
                  href="tel:(406) 257-8188"
                  class="emotion-50 emotion-51"
                >
                  (406) 257-8188
                </a>
              </span>
            </div>
          </address>
        </div>
      </div>
    </div>
  </section>
  <section
    id="activityList"
    class="emotion-75"
    aria-labelledby="activityList-description"
  >
    <h1
      id="activityList-description"
      class="emotion-43 emotion-44"
    >
      <span
        class="emotion-10"
      >
        <span
          role="img"
          aria-label="biking woman"
        >
          🚴🏽‍♀️
        </span>
        What to Do?
      </span>
    </h1>
    <div
      class="emotion-218 emotion-219"
    >
      <div
        class="emotion-103 emotion-104"
      >
        <a
          href="https://www.nps.gov/glac/index.htm"
          rel="nofollow"
          class="emotion-90 emotion-91"
        >
          <img
            src="https://lh3.ggpht.com/p/AF1QipMneZ7VhRLaiEaUTBhRo1CWqUzv3hs-gBP3fYkM=s1024"
            alt="Glacier National Park"
            class="emotion-88 emotion-89"
          />
        </a>
        <div
          class="emotion-102"
        >
          <div
            class="emotion-94 emotion-95"
          >
            <a
              href="https://www.nps.gov/glac/index.htm"
              rel="nofollow"
              class="emotion-50 emotion-51"
            >
              Glacier National Park
            </a>
          </div>
          <address>
            <div>
              <span
                class="emotion-10"
              >
                <span
                  role="img"
                  aria-label="round pushpin"
                >
                  📍
                </span>
                <a
                  href="https://goo.gl/maps/SR32JLrbeb62"
                  class="emotion-50 emotion-51"
                >
                  Glacier National Park, MT
                </a>
              </span>
            </div>
            <div>
              <span
                class="emotion-10"
              >
                <span
                  role="img"
                  aria-label="phone receiver"
                >
                  📞
                </span>
                <a
                  href="tel:(406) 888-7800"
                  class="emotion-50 emotion-51"
                >
                  (406) 888-7800
                </a>
              </span>
            </div>
          </address>
        </div>
      </div>
      <div
        class="emotion-103 emotion-104"
      >
        <a
          href="http://www.flatheadlakeboattour.com"
          rel="nofollow"
          class="emotion-90 emotion-91"
        >
          <img
            src="http://www.flatheadlakeboattour.com/wp-content/uploads/2017/05/Far-West-Tour-Boat.jpg"
            alt="Far West Boat Tours"
            class="emotion-88 emotion-89"
          />
        </a>
        <div
          class="emotion-102"
        >
          <div
            class="emotion-94 emotion-95"
          >
            <a
              href="http://www.flatheadlakeboattour.com"
              rel="nofollow"
              class="emotion-50 emotion-51"
            >
              Far West Boat Tours
            </a>
          </div>
          <p>
            Adults $22, Children 6–12: $10
          </p>
          <address>
            <div>
              <span
                class="emotion-10"
              >
                <span
                  role="img"
                  aria-label="round pushpin"
                >
                  📍
                </span>
                <a
                  href="https://goo.gl/maps/9eSbLLUZ58L2"
                  class="emotion-50 emotion-51"
                >
                  Lakeside Marina, 7135 Hwy 93 South, Lakeside, MT 59922
                </a>
              </span>
            </div>
            <div>
              <span
                class="emotion-10"
              >
                <span
                  role="img"
                  aria-label="phone receiver"
                >
                  📞
                </span>
                <a
                  href="tel:(406) 844-2628"
                  class="emotion-50 emotion-51"
                >
                  (406) 844-2628
                </a>
              </span>
            </div>
          </address>
        </div>
      </div>
      <div
        class="emotion-103 emotion-104"
      >
        <a
          href="http://www.spokeandpaddle.com"
          rel="nofollow"
          class="emotion-90 emotion-91"
        >
          <img
            src="http://www.spokeandpaddle.com/images/sandflats.jpg"
            alt="Spoke & Paddle Outdoor Adventures"
            class="emotion-88 emotion-89"
          />
        </a>
        <div
          class="emotion-102"
        >
          <div
            class="emotion-94 emotion-95"
          >
            <a
              href="http://www.spokeandpaddle.com"
              rel="nofollow"
              class="emotion-50 emotion-51"
            >
              Spoke & Paddle Outdoor Adventures
            </a>
          </div>
          <address>
            <div>
              <span
                class="emotion-10"
              >
                <span
                  role="img"
                  aria-label="round pushpin"
                >
                  📍
                </span>
                <a
                  href="https://goo.gl/maps/CJPCsbMfwdP2"
                  class="emotion-50 emotion-51"
                >
                  10 Somers Rd, Somers, MT 59932
                </a>
              </span>
            </div>
            <div>
              <span
                class="emotion-10"
              >
                <span
                  role="img"
                  aria-label="phone receiver"
                >
                  📞
                </span>
                <a
                  href="tel:(406) 393-2133"
                  class="emotion-50 emotion-51"
                >
                  (406) 393-2133
                </a>
              </span>
            </div>
          </address>
        </div>
      </div>
      <div
        class="emotion-103 emotion-104"
      >
        <a
          href="http://www.seamepaddle.com"
          rel="nofollow"
          class="emotion-90 emotion-91"
        >
          <img
            src="https://lh3.ggpht.com/p/AF1QipNbgLiDCF3vj9_AMegijlQMaBJf9OvAImYPjqyN=s1024"
            alt="Sea Me Paddle Kayaking Tours"
            class="emotion-88 emotion-89"
          />
        </a>
        <div
          class="emotion-102"
        >
          <div
            class="emotion-94 emotion-95"
          >
            <a
              href="http://www.seamepaddle.com"
              rel="nofollow"
              class="emotion-50 emotion-51"
            >
              Sea Me Paddle Kayaking Tours
            </a>
          </div>
          <address>
            <div>
              <span
                class="emotion-10"
              >
                <span
                  role="img"
                  aria-label="round pushpin"
                >
                  📍
                </span>
                <a
                  href="https://goo.gl/maps/sJHiaKQe8zk"
                  class="emotion-50 emotion-51"
                >
                  7220 Hwy 93 S #3, Lakeside,, MT 59922
                </a>
              </span>
            </div>
            <div>
              <span
                class="emotion-10"
              >
                <span
                  role="img"
                  aria-label="phone receiver"
                >
                  📞
                </span>
                <a
                  href="tel:(406) 249-1153"
                  class="emotion-50 emotion-51"
                >
                  (406) 249-1153
                </a>
              </span>
            </div>
          </address>
        </div>
      </div>
      <div
        class="emotion-103 emotion-104"
      >
        <a
          href="https://glacierraftco.com"
          rel="nofollow"
          class="emotion-90 emotion-91"
        >
          <img
            src="https://www.bmwunstoppable.com/wp-content/uploads/2017/04/maxresdefault-1-7.jpg"
            alt="Glacier Raft Company"
            class="emotion-88 emotion-89"
          />
        </a>
        <div
          class="emotion-102"
        >
          <div
            class="emotion-94 emotion-95"
          >
            <a
              href="https://glacierraftco.com"
              rel="nofollow"
              class="emotion-50 emotion-51"
            >
              Glacier Raft Company
            </a>
          </div>
          <address>
            <div>
              <span
                class="emotion-10"
              >
                <span
                  role="img"
                  aria-label="round pushpin"
                >
                  📍
                </span>
                <a
                  href="https://goo.gl/maps/cRRSk9WZ6ny"
                  class="emotion-50 emotion-51"
                >
                  106 Going-To-The-Sun Rd, West Glacier, MT 59936
                </a>
              </span>
            </div>
            <div>
              <span
                class="emotion-10"
              >
                <span
                  role="img"
                  aria-label="phone receiver"
                >
                  📞
                </span>
                <a
                  href="tel:(406) 888-5454"
                  class="emotion-50 emotion-51"
                >
                  (406) 888-5454
                </a>
              </span>
            </div>
          </address>
        </div>
      </div>
      <div
        class="emotion-103 emotion-104"
      >
        <a
          href="http://www.bigfork.org/contents/view/bigfork-montana-chamber"
          rel="nofollow"
          class="emotion-90 emotion-91"
        >
          <img
            src="https://images.fineartamerica.com/images-medium-large/bigfork-montana-sunset-jim-pavelle.jpg"
            alt="Bigfork"
            class="emotion-88 emotion-89"
          />
        </a>
        <div
          class="emotion-102"
        >
          <div
            class="emotion-94 emotion-95"
          >
            <a
              href="http://www.bigfork.org/contents/view/bigfork-montana-chamber"
              rel="nofollow"
              class="emotion-50 emotion-51"
            >
              Bigfork
            </a>
          </div>
          <address>
            <div>
              <span
                class="emotion-10"
              >
                <span
                  role="img"
                  aria-label="round pushpin"
                >
                  📍
                </span>
                <a
                  href="https://goo.gl/maps/nd9GxmGTmJv"
                  class="emotion-50 emotion-51"
                >
                  Bigfork, MT
                </a>
              </span>
            </div>
          </address>
        </div>
      </div>
      <div
        class="emotion-103 emotion-104"
      >
        <a
          href="http://www.boatrentalsandrides.com"
          rel="nofollow"
          class="emotion-90 emotion-91"
        >
          <img
            src="https://lh3.ggpht.com/p/AF1QipPOnBM5O5btlHaud1AH-QlcdmbFp-apN3jGtF8j=s1024"
            alt="Boat Rentals and Rides"
            class="emotion-88 emotion-89"
          />
        </a>
        <div
          class="emotion-102"
        >
          <div
            class="emotion-94 emotion-95"
          >
            <a
              href="http://www.boatrentalsandrides.com"
              rel="nofollow"
              class="emotion-50 emotion-51"
            >
              Boat Rentals and Rides
            </a>
          </div>
          <address>
            <div>
              <span
                class="emotion-10"
              >
                <span
                  role="img"
                  aria-label="round pushpin"
                >
                  📍
                </span>
                <a
                  href="https://goo.gl/maps/WvUwTE5xy882"
                  class="emotion-50 emotion-51"
                >
                  44227 A St, Big Arm, MT 59910
                </a>
              </span>
            </div>
            <div>
              <span
                class="emotion-10"
              >
                <span
                  role="img"
                  aria-label="phone receiver"
                >
                  📞
                </span>
                <a
                  href="tel:(406) 260-5090"
                  class="emotion-50 emotion-51"
                >
                  (406) 260-5090
                </a>
              </span>
            </div>
          </address>
        </div>
      </div>
      <div
        class="emotion-103 emotion-104"
      >
        <a
          href="http://www.flatheadlakesailing.com"
          rel="nofollow"
          class="emotion-90 emotion-91"
        >
          <img
            src="https://static1.squarespace.com/static/54da76f0e4b004762df44faa/t/54f7394ce4b0aff87aef4f08/1425488206828/FLR2032.jpg"
            alt="Flathead Lake Sailing & Charters"
            class="emotion-88 emotion-89"
          />
        </a>
        <div
          class="emotion-102"
        >
          <div
            class="emotion-94 emotion-95"
          >
            <a
              href="http://www.flatheadlakesailing.com"
              rel="nofollow"
              class="emotion-50 emotion-51"
            >
              Flathead Lake Sailing & Charters
            </a>
          </div>
          <address>
            <div>
              <span
                class="emotion-10"
              >
                <span
                  role="img"
                  aria-label="round pushpin"
                >
                  📍
                </span>
                <a
                  href="https://goo.gl/maps/nzUd172fAPr"
                  class="emotion-50 emotion-51"
                >
                  150 Flathead Lodge Rd, Bigfork, MT 59911
                </a>
              </span>
            </div>
            <div>
              <span
                class="emotion-10"
              >
                <span
                  role="img"
                  aria-label="phone receiver"
                >
                  📞
                </span>
                <a
                  href="tel:(406) 837-5569"
                  class="emotion-50 emotion-51"
                >
                  (406) 837-5569
                </a>
              </span>
            </div>
          </address>
        </div>
      </div>
      <div
        class="emotion-103 emotion-104"
      >
        <a
          href="http://www.wildhorseislandboattrips.com"
          rel="nofollow"
          class="emotion-90 emotion-91"
        >
          <img
            src="https://lh3.ggpht.com/p/AF1QipMuV4H2G2h4_I0oCPKyTxmuMVOBeEEqjqcTvdDb=s1024"
            alt="WildHorse Island Boat Trips"
            class="emotion-88 emotion-89"
          />
        </a>
        <div
          class="emotion-102"
        >
          <div
            class="emotion-94 emotion-95"
          >
            <a
              href="http://www.wildhorseislandboattrips.com"
              rel="nofollow"
              class="emotion-50 emotion-51"
            >
              WildHorse Island Boat Trips
            </a>
          </div>
          <address>
            <div>
              <span
                class="emotion-10"
              >
                <span
                  role="img"
                  aria-label="round pushpin"
                >
                  📍
                </span>
                <a
                  href="https://goo.gl/maps/Ni7GehCRdDR2"
                  class="emotion-50 emotion-51"
                >
                  452 Grand Drive, Bigfork, MT 59911
                </a>
              </span>
            </div>
            <div>
              <span
                class="emotion-10"
              >
                <span
                  role="img"
                  aria-label="phone receiver"
                >
                  📞
                </span>
                <a
                  href="tel:(406) 837-5617"
                  class="emotion-50 emotion-51"
                >
                  (406) 837-5617
                </a>
              </span>
            </div>
          </address>
        </div>
      </div>
    </div>
  </section>
  <section
    id="contactUs"
    class="emotion-84"
    aria-labelledby="contactUs-description"
  >
    <h1
      id="contactUs-description"
      class="emotion-43 emotion-44"
    >
      <span
        class="emotion-10"
      >
        <span
          role="img"
          aria-label="woman raising hand"
        >
          🙋🏻‍♀️
        </span>
        Questions?
      </span>
    </h1>
    <form
      action="https://formspree.io/birky50@damacy.net"
      method="POST"
      class="emotion-519 emotion-520"
    >
      <label
        for="contact_us_name"
        class="emotion-505 emotion-506"
      >
        Name
      </label>
      <input
        type="text"
        name="name"
        id="contact_us_name"
        placeholder="Your Name"
        required=""
        class="emotion-507 emotion-508"
      />
      <label
        for="contact_us_email"
        class="emotion-505 emotion-506"
      >
        Email
      </label>
      <input
        type="email"
        name="email"
        id="contact_us_email"
        placeholder="Your Email"
        required=""
        class="emotion-507 emotion-508"
      />
      <label
        for="contact_us_message"
        class="emotion-505 emotion-506"
      >
        Message
      </label>
      <textarea
        name="message"
        id="contact_us_message"
        placeholder="Message"
        rows="3"
        required=""
        class="emotion-515 emotion-516"
      />
      <input
        type="hidden"
        name="_subject"
        value="Birky 50th Anniversary Message"
      />
      <input
        type="hidden"
        name="_gotcha"
      />
      <button
        type="submit"
        class="emotion-517 emotion-518"
      >
        Send
      </button>
    </form>
  </section>
</div>
`;
