// Jest Snapshot v1, https://goo.gl/fbAQLP

exports[`SectionHeader is rendered 1`] = `
.emotion-4 {
  position: -webkit-sticky;
  position: sticky;
  top: 0;
  background-color: hsla(0,0%,100%,0.8);
  padding: 15px 24px;
  border-top: 8px solid yellow;
}

@media (max-width:21.875em) {
  .emotion-4 {
    padding: 12px 24px;
  }
}

.emotion-2 {
  font-weight: normal;
  margin: 0 0;
  font-size: 1.75rem;
}

@media (max-width:21.875em) {
  .emotion-2 {
    font-size: 1.5rem;
  }
}

.emotion-1 {
  display: -webkit-box;
  display: -webkit-flex;
  display: -ms-flexbox;
  display: flex;
  -webkit-align-items: baseline;
  -webkit-box-align: baseline;
  -ms-flex-align: baseline;
  align-items: baseline;
}

.emotion-0 {
  font-family: "Segoe UI Emoji";
  margin-right: 0.25em;
}

<div
  class="emotion-4 emotion-5"
>
  <h1
    id="uniqueId-description"
    class="emotion-2 emotion-3"
  >
    <span
      class="emotion-1"
    >
      <span
        class="emotion-0"
        role="img"
        aria-label="airplane"
      >
        ✈️
      </span>
      Hi
    </span>
  </h1>
</div>
`;
