// Jest Snapshot v1, https://goo.gl/fbAQLP

exports[`SectionHeader is rendered 1`] = `
.emotion-2 {
  border-top: 8px solid;
  padding: 16px 24px 0;
}

.emotion-0 {
  font-weight: normal;
  line-height: 1.1;
  margin: 0 0 1em;
  font-size: 1.75rem;
}

@media (max-width:21.875em) {
  .emotion-0 {
    font-size: 1.5rem;
  }
}

<div
  class="emotion-2"
>
  <h1
    id="uniqueId-description"
    class="emotion-0 emotion-1"
  >
    I'm a child.
  </h1>
</div>
`;
