// Jest Snapshot v1, https://goo.gl/fbAQLP

exports[`SectionHeader is rendered 1`] = `
.emotion-2 {
  position: -webkit-sticky;
  position: sticky;
  top: 0;
  background-color: hsla(0,0%,100%,0.8);
  padding: 15px 24px;
  border-top: 8px solid yellow;
}

@media (max-width:21.875em) {
  .emotion-2 {
    padding: 12px 24px;
  }
}

.emotion-0 {
  font-weight: normal;
  margin: 0 0;
  font-size: 1.75rem;
}

@media (max-width:21.875em) {
  .emotion-0 {
    font-size: 1.5rem;
  }
}

<div
  class="emotion-2 emotion-3"
>
  <h1
    id="uniqueId-description"
    class="emotion-0 emotion-1"
  >
    I'm a child.
  </h1>
</div>
`;
