// Jest Snapshot v1, https://goo.gl/fbAQLP

exports[`App renders 1`] = `
.emotion-96 {
  padding: 0 24px;
}

.emotion-8 {
  background-image: url(header-background.png);
  background-color: hsl(243,68%,16%);
  background-size: 100%;
  background-repeat: no-repeat;
  padding: 16px 16px;
  padding-bottom: 32px;
}

@media (min-width:75em) {
  .emotion-8 {
    padding-bottom: 64px;
  }
}

.emotion-0 {
  font-family: "Playfair Display";
  font-weight: normal;
  color: hsl(243,68%,95%);
  margin: 0 0 0.5em;
  font-size: 13vw;
}

@media (min-width:36em) {
  .emotion-0 {
    font-size: 9vw;
  }
}

@media (min-width:48em) {
  .emotion-0 {
    font-size: 6vw;
  }
}

@media (min-width:62em) {
  .emotion-0 {
    font-size: 5vw;
  }
}

@media (min-width:75em) {
  .emotion-0 {
    font-size: 4vw;
  }
}

.emotion-2 {
  color: hsl(243,68%,85%);
  font-size: 1.1rem;
}

@media (min-width:36em) {
  .emotion-2 {
    font-size: 1.25rem;
  }
}

.emotion-6 {
  border-radius: 0.25rem;
  box-shadow: 0 3px 8px 0 hsla(0,0%,0%,0.15);
  display: inline-block;
  font-size: 1rem;
  text-align: center;
  vertical-align: middle;
  -webkit-text-decoration: none;
  text-decoration: none;
  padding: 0.5rem 0.75rem;
  border: 0;
  font-size: 1.25rem;
  padding: 0.75rem 1rem;
  background-color: hsl(328,85%,48%);
  color: hsl(328,85%,95%);
  width: auto;
}

.emotion-12 {
  display: inline-block;
  border-bottom: 4px solid hsl(48,93%,47%);
  padding-bottom: 0.15em;
}

.emotion-19 {
  display: inline-block;
  border-bottom: 4px solid hsl(199,71%,51%);
  padding-bottom: 0.15em;
}

.emotion-26 {
  display: inline-block;
  border-bottom: 4px solid hsl(335,82%,70%);
  padding-bottom: 0.15em;
}

.emotion-33 {
  display: inline-block;
  border-bottom: 4px solid hsl(30,83%,65%);
  padding-bottom: 0.15em;
}

.emotion-40 {
  display: inline-block;
  border-bottom: 4px solid hsl(354,63%,51%);
  padding-bottom: 0.15em;
}

.emotion-47 {
  display: inline-block;
  border-bottom: 4px solid hsl(288,50%,48%);
  padding-bottom: 0.15em;
}

.emotion-52 {
  display: -webkit-box;
  display: -webkit-flex;
  display: -ms-flexbox;
  display: flex;
  -webkit-flex-wrap: wrap;
  -ms-flex-wrap: wrap;
  flex-wrap: wrap;
  -webkit-box-pack: space-around;
  -webkit-justify-content: space-around;
  -ms-flex-pack: space-around;
  justify-content: space-around;
  list-style-type: none;
  padding: 0.25rem 0 0.75rem;
  margin: 0;
}

.emotion-15 {
  text-align: center;
}

.emotion-13 {
  color: hsl(44,56%,32%);
  -webkit-text-decoration: none;
  text-decoration: none;
  display: block;
  font-size: 1.1rem;
  padding: 0.75rem 1rem;
}

.emotion-11 {
  display: -webkit-box;
  display: -webkit-flex;
  display: -ms-flexbox;
  display: flex;
  -webkit-align-items: baseline;
  -webkit-box-align: baseline;
  -ms-flex-align: baseline;
  align-items: baseline;
}

.emotion-10 {
  font-family: "Segoe UI Emoji";
  margin-right: 0.25em;
}

.emotion-98 {
  padding: 0 0 24px;
}

.emotion-58 {
  border-top: 8px solid hsl(48,93%,47%);
  padding: 16px 24px 0;
}

.emotion-56 {
  font-weight: normal;
  line-height: 1.1;
  margin: 0 0 1em;
  font-size: 1.75rem;
}

@media (max-width:21.875em) {
  .emotion-56 {
    font-size: 1.5rem;
  }
}

.emotion-61 {
  font-weight: bold;
}

.emotion-86 {
  grid-column: 1 / 3;
  padding: 0;
  margin-top: 2em;
}

@media (min-width:61.25em) {
  .emotion-94 {
    display: grid;
    grid-template-columns: 1fr 2fr;
    grid-column-gap: 1rem;
  }
}

@media (min-width:61.25em) {
  .emotion-94 {
    display: -webkit-box;
    display: -webkit-flex;
    display: -ms-flexbox;
    display: flex;
    -webkit-box-pack: justify;
    -webkit-justify-content: space-between;
    -ms-flex-pack: justify;
    justify-content: space-between;
  }
}

@media (min-width:61.25em) {
  .emotion-94 > *:first-child {
    -webkit-flex: 0 0 32%;
    -ms-flex: 0 0 32%;
    flex: 0 0 32%;
  }
}

@media (min-width:61.25em) {
  .emotion-94 > *:last-child {
    -webkit-flex: 0 0 65%;
    -ms-flex: 0 0 65%;
    flex: 0 0 65%;
  }
}

.emotion-89 {
  -webkit-flex-wrap: wrap;
  -ms-flex-wrap: wrap;
  flex-wrap: wrap;
}

@media (min-width:36.875em) {
  .emotion-89 {
    display: grid;
    grid-template-columns: 1fr 1fr;
    grid-column-gap: 10vw;
  }
}

@media (min-width:61.25em) {
  .emotion-89 {
    display: block;
  }
}

@media (min-width:36.875em) {
  .emotion-89 {
    display: -webkit-box;
    display: -webkit-flex;
    display: -ms-flexbox;
    display: flex;
  }
}

@media (min-width:61.25em) {
  .emotion-89 {
    display: block;
  }
}

@media (min-width:36.875em) {
  .emotion-89 > *:first-child {
    margin-right: 10vw;
  }
}

.emotion-59 {
  font-size: 1rem;
  font-weight: normal;
  color: hsl(0,0%,29%);
  margin: 0 0 1em;
}

.emotion-66 a,
.emotion-66 p {
  margin: 0.75em 0 0;
}

.emotion-64 {
  color: hsl(44,56%,32%);
  -webkit-text-decoration: none;
  text-decoration: none;
  display: inline-block;
}

.emotion-68 {
  font-size: 1rem;
  font-weight: normal;
  color: hsl(0,0%,29%);
  margin: 0 0 1em;
  margin-top: 2.25em;
}

@media (min-width:36.875em) {
  .emotion-68 {
    margin-top: 0;
  }
}

@media (min-width:61.25em) {
  .emotion-68 {
    margin-top: 2.25em;
  }
}

.emotion-70 {
  color: hsl(44,56%,32%);
  -webkit-text-decoration: none;
  text-decoration: none;
  font-weight: bold;
}

.emotion-73 {
  color: hsl(44,56%,32%);
  -webkit-text-decoration: none;
  text-decoration: none;
}

.emotion-82 {
  color: hsl(0,0%,45%);
  margin-left: 1.5rem;
}

.emotion-87 {
  border-radius: 0.25rem;
  box-shadow: 0 3px 8px 0 hsla(0,0%,0%,0.15);
  display: inline-block;
  font-size: 1rem;
  text-align: center;
  vertical-align: middle;
  -webkit-text-decoration: none;
  text-decoration: none;
  padding: 0.5rem 0.75rem;
  border: 0;
  font-size: 1.25rem;
  padding: 0.75rem 1rem;
  background-color: hsl(328,85%,48%);
  color: hsl(328,85%,95%);
  width: 100%;
  grid-column: 1 / 3;
  margin-top: 0.5rem;
}

.emotion-92 {
  margin-top: 1.5rem;
}

@media (min-width:61.25em) {
  .emotion-92 {
    margin-top: 0px;
  }
}

.emotion-91 {
  box-shadow: 0 2px 6px 0 hsla(0,0%,0%,0.2);
  width: 100%;
  border: 0;
}

.emotion-103 {
  border-top: 8px solid hsl(199,71%,51%);
  padding: 16px 24px 0;
}

.emotion-108 {
  color: hsl(0,0%,45%);
}

.emotion-117 {
  border-top: 8px solid hsl(335,82%,70%);
  padding: 16px 24px 0;
}

.emotion-252 {
  display: grid;
  grid-gap: 1.5rem;
  margin-bottom: 0.75em;
  display: -webkit-box;
  display: -webkit-flex;
  display: -ms-flexbox;
  display: flex;
  -webkit-flex-wrap: wrap;
  -ms-flex-wrap: wrap;
  flex-wrap: wrap;
}

.emotion-252 > div {
  margin-right: 1.5rem;
  margin-bottom: 1.5rem;
}

.emotion-252 > div {
  -webkit-flex: 0 0 18.333333333333332rem;
  -ms-flex: 0 0 18.333333333333332rem;
  flex: 0 0 18.333333333333332rem;
}

.emotion-132 {
  margin: 1rem;
}

.emotion-133 {
  border-radius: 0.25rem;
  box-shadow: 0 2px 6px 0 hsla(0,0%,0%,0.2);
}

.emotion-118 {
  border-radius: 0.25rem;
  border-bottom-left-radius: 0;
  border-bottom-right-radius: 0;
  display: block;
  height: 12rem;
  background-image: url(https://lh5.googleusercontent.com/p/AF1QipP6DfmJnGhCT_brALxXqoV-ldPxWuavT-KKvPPe=w408-h273-k-no);
  background-size: cover;
  background-position: center center;
}

.emotion-122 {
  font-weight: bold;
  line-height: 1.4;
  margin-bottom: 0.75rem;
}

.emotion-141 {
  color: hsl(0,0%,45%);
}

.emotion-135 {
  border-radius: 0.25rem;
  border-bottom-left-radius: 0;
  border-bottom-right-radius: 0;
  display: block;
  height: 12rem;
  background-image: url(https://lh3.ggpht.com/p/AF1QipPl0yDkYjiWoiJL-9HYuu832fm2Yj02m71GcsNf=s1536);
  background-size: cover;
  background-position: center center;
}

.emotion-153 {
  border-radius: 0.25rem;
  border-bottom-left-radius: 0;
  border-bottom-right-radius: 0;
  display: block;
  height: 12rem;
  background-image: url(https://lh5.googleusercontent.com/p/AF1QipMoJX1_n9nNn6tHnv6tNXQo9DG78AxOpHYoTM2x=w408-h271-k-no);
  background-size: cover;
  background-position: center center;
}

.emotion-170 {
  border-radius: 0.25rem;
  border-bottom-left-radius: 0;
  border-bottom-right-radius: 0;
  display: block;
  height: 12rem;
  background-image: url(https://cdn.ostrovok.ru/t/1024x768/mec/hotels/8000000/7120000/7118600/7118558/7118558_15_b.jpg);
  background-size: cover;
  background-position: center center;
}

.emotion-183 {
  border-radius: 0.25rem;
  border-bottom-left-radius: 0;
  border-bottom-right-radius: 0;
  display: block;
  height: 12rem;
  background-image: url(https://lh3.ggpht.com/p/AF1QipMwGIaY-rFy-uL4pYwy2zgApjQdN9ZJiCn_ZYSj=s1024);
  background-size: cover;
  background-position: center center;
}

.emotion-201 {
  border-radius: 0.25rem;
  border-bottom-left-radius: 0;
  border-bottom-right-radius: 0;
  display: block;
  height: 12rem;
  background-image: url(http://sunrisevistainn.weebly.com/uploads/5/3/4/1/53416569/8098879_orig.jpg);
  background-size: cover;
  background-position: center center;
}

.emotion-218 {
  border-radius: 0.25rem;
  border-bottom-left-radius: 0;
  border-bottom-right-radius: 0;
  display: block;
  height: 12rem;
  background-image: url(http://www.passportamerica.com/img/campgrounds/3358/CG-3278_4.png);
  background-size: cover;
  background-position: center center;
}

.emotion-235 {
  border-radius: 0.25rem;
  border-bottom-left-radius: 0;
  border-bottom-right-radius: 0;
  display: block;
  height: 12rem;
  background-image: url(http://www.peacefulbayresort.com/assets/img/PBR-Hero3.jpg);
  background-size: cover;
  background-position: center center;
}

.emotion-261 {
  border-top: 8px solid hsl(30,83%,65%);
  padding: 16px 24px 0;
}

.emotion-262 {
  border-radius: 0.25rem;
  border-bottom-left-radius: 0;
  border-bottom-right-radius: 0;
  display: block;
  height: 12rem;
  background-image: url(https://lh5.googleusercontent.com/p/AF1QipNWYhfT5pFGozkX93Vy4k6xyOtuTTOgxU4JPVgr=s792-k-no);
  background-size: cover;
  background-position: center center;
}

.emotion-279 {
  border-radius: 0.25rem;
  border-bottom-left-radius: 0;
  border-bottom-right-radius: 0;
  display: block;
  height: 12rem;
  background-image: url(https://lh3.ggpht.com/p/AF1QipMnq0hRJAZx8v0dzUghoHUTZWIdU0DehUtECS7O=s1024);
  background-size: cover;
  background-position: center center;
}

.emotion-296 {
  border-radius: 0.25rem;
  border-bottom-left-radius: 0;
  border-bottom-right-radius: 0;
  display: block;
  height: 12rem;
  background-image: url(https://lh3.ggpht.com/p/AF1QipPunoYdh_MlZieT4exVD5a6x-337zzUaTBV1p9I=s1024);
  background-size: cover;
  background-position: center center;
}

.emotion-313 {
  border-radius: 0.25rem;
  border-bottom-left-radius: 0;
  border-bottom-right-radius: 0;
  display: block;
  height: 12rem;
  background-image: url(https://lh3.ggpht.com/p/AF1QipMjDbTEfGaaysS5OVQUaxeGGQHi5adNwoNMYan6=s1024);
  background-size: cover;
  background-position: center center;
}

.emotion-330 {
  border-radius: 0.25rem;
  border-bottom-left-radius: 0;
  border-bottom-right-radius: 0;
  display: block;
  height: 12rem;
  background-image: url(https://geo0.ggpht.com/cbk?cb_client=maps_sv.tactile&authuser=0&hl=en&gl=us&photoid=gkRxLlg5XAIAAAQun13VTQ&output=photo);
  background-size: cover;
  background-position: center center;
}

.emotion-347 {
  border-radius: 0.25rem;
  border-bottom-left-radius: 0;
  border-bottom-right-radius: 0;
  display: block;
  height: 12rem;
  background-image: url(https://lh3.ggpht.com/p/AF1QipPdnh0NOOANGbddezmt93GNeHsbkV6PtcpZdFws=s1024);
  background-size: cover;
  background-position: center center;
}

.emotion-364 {
  border-radius: 0.25rem;
  border-bottom-left-radius: 0;
  border-bottom-right-radius: 0;
  display: block;
  height: 12rem;
  background-image: url(https://lh3.ggpht.com/p/AF1QipNisMxLj0y-kjpFsm7xRX_JufIRw2_K1PXmbjI_=s1024);
  background-size: cover;
  background-position: center center;
}

.emotion-390 {
  border-top: 8px solid hsl(354,63%,51%);
  padding: 16px 24px 0;
}

.emotion-391 {
  border-radius: 0.25rem;
  border-bottom-left-radius: 0;
  border-bottom-right-radius: 0;
  display: block;
  height: 12rem;
  background-image: url(https://lh3.ggpht.com/p/AF1QipMneZ7VhRLaiEaUTBhRo1CWqUzv3hs-gBP3fYkM=s1024);
  background-size: cover;
  background-position: center center;
}

.emotion-408 {
  border-radius: 0.25rem;
  border-bottom-left-radius: 0;
  border-bottom-right-radius: 0;
  display: block;
  height: 12rem;
  background-image: url(http://www.flatheadlakeboattour.com/wp-content/uploads/2017/05/Far-West-Tour-Boat.jpg);
  background-size: cover;
  background-position: center center;
}

.emotion-426 {
  border-radius: 0.25rem;
  border-bottom-left-radius: 0;
  border-bottom-right-radius: 0;
  display: block;
  height: 12rem;
  background-image: url(http://www.spokeandpaddle.com/images/sandflats.jpg);
  background-size: cover;
  background-position: center center;
}

.emotion-443 {
  border-radius: 0.25rem;
  border-bottom-left-radius: 0;
  border-bottom-right-radius: 0;
  display: block;
  height: 12rem;
  background-image: url(https://lh3.ggpht.com/p/AF1QipNbgLiDCF3vj9_AMegijlQMaBJf9OvAImYPjqyN=s1024);
  background-size: cover;
  background-position: center center;
}

.emotion-460 {
  border-radius: 0.25rem;
  border-bottom-left-radius: 0;
  border-bottom-right-radius: 0;
  display: block;
  height: 12rem;
  background-image: url(https://www.bmwunstoppable.com/wp-content/uploads/2017/04/maxresdefault-1-7.jpg);
  background-size: cover;
  background-position: center center;
}

.emotion-477 {
  border-radius: 0.25rem;
  border-bottom-left-radius: 0;
  border-bottom-right-radius: 0;
  display: block;
  height: 12rem;
  background-image: url(https://images.fineartamerica.com/images-medium-large/bigfork-montana-sunset-jim-pavelle.jpg);
  background-size: cover;
  background-position: center center;
}

.emotion-490 {
  border-radius: 0.25rem;
  border-bottom-left-radius: 0;
  border-bottom-right-radius: 0;
  display: block;
  height: 12rem;
  background-image: url(https://lh3.ggpht.com/p/AF1QipPOnBM5O5btlHaud1AH-QlcdmbFp-apN3jGtF8j=s1024);
  background-size: cover;
  background-position: center center;
}

.emotion-507 {
  border-radius: 0.25rem;
  border-bottom-left-radius: 0;
  border-bottom-right-radius: 0;
  display: block;
  height: 12rem;
  background-image: url(https://static1.squarespace.com/static/54da76f0e4b004762df44faa/t/54f7394ce4b0aff87aef4f08/1425488206828/FLR2032.jpg);
  background-size: cover;
  background-position: center center;
}

.emotion-524 {
  border-radius: 0.25rem;
  border-bottom-left-radius: 0;
  border-bottom-right-radius: 0;
  display: block;
  height: 12rem;
  background-image: url(https://lh3.ggpht.com/p/AF1QipMuV4H2G2h4_I0oCPKyTxmuMVOBeEEqjqcTvdDb=s1024);
  background-size: cover;
  background-position: center center;
}

.emotion-550 {
  border-top: 8px solid hsl(288,50%,48%);
  padding: 16px 24px 0;
}

@media (min-width:37.5em) {
  .emotion-565 {
    display: grid;
    grid-template-columns: 5rem 30rem;
    grid-row-gap: 1rem;
  }
}

@media (min-width:37.5em) {
  .emotion-565 {
    display: -webkit-box;
    display: -webkit-flex;
    display: -ms-flexbox;
    display: flex;
    -webkit-flex-wrap: wrap;
    -ms-flex-wrap: wrap;
    flex-wrap: wrap;
    -webkit-align-items: baseline;
    -webkit-box-align: baseline;
    -ms-flex-align: baseline;
    align-items: baseline;
    width: 40rem;
  }
}

@media (min-width:37.5em) {
  .emotion-551 {
    margin-top: 0.575rem;
  }
}

@media (min-width:37.5em) {
  .emotion-551 {
    -webkit-flex: 0 0 5rem;
    -ms-flex: 0 0 5rem;
    flex: 0 0 5rem;
  }
}

.emotion-553 {
  border-radius: 0.25rem;
  font: 1rem "Libre Franklin",sans-serif;
  line-height: 1.5;
  padding: 0.375rem 0.75rem;
  border: 1px solid hsla(0,0%,0%,0.16);
  box-shadow: inset 0 2px 4px 0 hsla(0,0%,0%,0.08);
  -webkit-appearance: none;
  display: block;
  width: 100%;
  margin: .5rem 0 1rem;
}

@media (min-width:37.5em) {
  .emotion-553 {
    width: auto;
    margin: 0;
  }
}

@media (min-width:37.5em) {
  .emotion-553 {
    -webkit-flex: 0 0 30rem;
    -ms-flex: 0 0 30rem;
    flex: 0 0 30rem;
  }
}

@media (min-width:37.5em) {
  .emotion-553 {
    margin-top: 1rem;
  }
}

.emotion-561 {
  border-radius: 0.25rem;
  font: 1rem "Libre Franklin",sans-serif;
  line-height: 1.5;
  padding: 0.375rem 0.75rem;
  border: 1px solid hsla(0,0%,0%,0.16);
  box-shadow: inset 0 2px 4px 0 hsla(0,0%,0%,0.08);
  -webkit-appearance: none;
  display: block;
  width: 100%;
  margin: .5rem 0 1rem;
}

@media (min-width:37.5em) {
  .emotion-561 {
    width: auto;
    margin: 0;
  }
}

@media (min-width:37.5em) {
  .emotion-561 {
    -webkit-flex: 0 0 30rem;
    -ms-flex: 0 0 30rem;
    flex: 0 0 30rem;
  }
}

@media (min-width:37.5em) {
  .emotion-561 {
    margin-top: 1rem;
  }
}

.emotion-563 {
  border-radius: 0.25rem;
  box-shadow: 0 3px 8px 0 hsla(0,0%,0%,0.15);
  display: inline-block;
  font-size: 1rem;
  text-align: center;
  vertical-align: middle;
  -webkit-text-decoration: none;
  text-decoration: none;
  padding: 0.5rem 0.75rem;
  border: 0;
  grid-column-start: 2;
  justify-self: start;
  cursor: pointer;
  color: hsl(288,50%,48%);
  border: 4px solid hsl(288,50%,78%);
  background-color: transparent;
  width: 6em;
}

@media (min-width:37.5em) {
  .emotion-563 {
    margin-left: 5rem;
  }
}

@media (min-width:37.5em) {
  .emotion-563 {
    margin-top: 1rem;
  }
}

<div>
  <header
    aria-label="Event header"
    style="background-position-x: 0px; background-position-y: -61.44px;"
    class="emotion-8 emotion-9"
  >
    <h1
      class="emotion-0 emotion-1"
    >
      Sam & Sue’s 50th Anniversary
    </h1>
    <p
      class="emotion-2 emotion-3"
    >
      Saturday, June 23, 2018
    </p>
    <p
      class="emotion-2 emotion-3"
    >
      Somers, Montana
    </p>
    <a
      href="https://goo.gl/forms/SKdVBcUt7LUQmP1K2"
      class="emotion-6 emotion-7"
    >
      RSVP
    </a>
  </header>
  <nav>
    <ul
      class="emotion-52 emotion-53"
    >
      <li
        class="emotion-15 emotion-16"
      >
        <a
          href="#event"
          class="emotion-13 emotion-14"
        >
          <span
            class="emotion-12"
          >
            <span
              class="emotion-11"
            >
              <span
                class="emotion-10"
                role="img"
                aria-label="party hat"
              >
                🎉
              </span>
              Details
            </span>
          </span>
        </a>
      </li>
      <li
        class="emotion-15 emotion-16"
      >
        <a
          href="#airport"
          class="emotion-13 emotion-14"
        >
          <span
            class="emotion-19"
          >
            <span
              class="emotion-11"
            >
              <span
                class="emotion-10"
                role="img"
                aria-label="airplane"
              >
                ✈️
              </span>
              Airport
            </span>
          </span>
        </a>
      </li>
      <li
        class="emotion-15 emotion-16"
      >
        <a
          href="#lodgingList"
          class="emotion-13 emotion-14"
        >
          <span
            class="emotion-26"
          >
            <span
              class="emotion-11"
            >
              <span
                class="emotion-10"
                role="img"
                aria-label="hotel"
              >
                🏩
              </span>
              Lodging
            </span>
          </span>
        </a>
      </li>
      <li
        class="emotion-15 emotion-16"
      >
        <a
          href="#foodList"
          class="emotion-13 emotion-14"
        >
          <span
            class="emotion-33"
          >
            <span
              class="emotion-11"
            >
              <span
                class="emotion-10"
                role="img"
                aria-label="burger"
              >
                🍔
              </span>
              Food
            </span>
          </span>
        </a>
      </li>
      <li
        class="emotion-15 emotion-16"
      >
        <a
          href="#activityList"
          class="emotion-13 emotion-14"
        >
          <span
            class="emotion-40"
          >
            <span
              class="emotion-11"
            >
              <span
                class="emotion-10"
                role="img"
                aria-label="biking woman"
              >
                🚴🏽‍♀️
              </span>
              Activities
            </span>
          </span>
        </a>
      </li>
      <li
        class="emotion-15 emotion-16"
      >
        <a
          href="#contactUs"
          class="emotion-13 emotion-14"
        >
          <span
            class="emotion-47"
          >
            <span
              class="emotion-11"
            >
              <span
                class="emotion-10"
                role="img"
                aria-label="woman raising hand"
              >
                🙋🏻‍♀️
              </span>
              Questions?
            </span>
          </span>
        </a>
      </li>
    </ul>
  </nav>
  <main
    id="event"
    aria-labelledby="event-description"
    class="emotion-98"
  >
    <div
      class="emotion-58"
    >
      <h1
        id="event-description"
        class="emotion-56 emotion-57"
      >
        <span
          class="emotion-11"
        >
          <span
            class="emotion-10"
            role="img"
            aria-label="party hat"
          >
            🎉
          </span>
          Celebration Details
        </span>
      </h1>
    </div>
    <div
      class="emotion-96 emotion-97"
    >
      <div
        class="emotion-94 emotion-95"
      >
        <div
          class="emotion-89 emotion-90"
        >
          <div>
            <h2
              class="emotion-59 emotion-60"
            >
              When?
            </h2>
            <div
              class="emotion-66 emotion-67"
            >
              <p
                class="emotion-61"
              >
                <time
                  datetime="2018-06-23 16:00"
                >
                  Saturday, June 23, 2018
                </time>
              </p>
              <p>
                Starts at 4:00pm, dinner buffet at 5:00pm
              </p>
              <a
                href="event.ics"
                class="emotion-64 emotion-65"
                download=""
              >
                <span
                  class="emotion-11"
                >
                  <span
                    class="emotion-10"
                    role="img"
                    aria-label="calendar"
                  >
                    📆
                  </span>
                  Add to calendar
                </span>
              </a>
            </div>
          </div>
          <div>
            <h2
              class="emotion-68 emotion-60"
            >
              Where?
            </h2>
            <div
              class="emotion-66 emotion-67"
            >
              <a
                href="http://vistalindacatering.com/"
                rel="nofollow"
                class="emotion-70 emotion-65"
              >
                Vista Linda Mexican & Catering
              </a>
              <address>
                <div>
                  <span
                    class="emotion-11"
                  >
                    <span
                      class="emotion-10"
                      role="img"
                      aria-label="round pushpin"
                    >
                      📍
                    </span>
                    <a
                      href="https://goo.gl/maps/THRyvih62562"
                      class="emotion-73 emotion-65"
                    >
                      240 Boon Rd, Somers, MT 59932
                    </a>
                  </span>
                </div>
                <div>
                  <span
                    class="emotion-11"
                  >
                    <span
                      class="emotion-10"
                      role="img"
                      aria-label="phone receiver"
                    >
                      📞
                    </span>
                    <a
                      href="tel:(406) 857-3158"
                      class="emotion-73 emotion-65"
                    >
                      (406) 857-3158
                    </a>
                  </span>
                </div>
              </address>
            </div>
          </div>
          <ul
            class="emotion-86"
          >
            <li
              class="emotion-82 emotion-83"
            >
              Event will take place outdoors in a covered pavilion
            </li>
            <li
              class="emotion-82 emotion-83"
            >
              Dressy casual attire
            </li>
          </ul>
          <a
            href="https://goo.gl/forms/SKdVBcUt7LUQmP1K2"
            width="100%"
            class="emotion-87 emotion-7"
          >
            RSVP
          </a>
        </div>
        <div
          class="emotion-92 emotion-93"
        >
          <div>
            <iframe
              src="https://www.google.com/maps/embed?pb=!1m18!1m12!1m3!1d2665.5868734347823!2d-114.24015338435312!3d48.07961667921895!2m3!1f0!2f0!3f0!3m2!1i1024!2i768!4f13.1!3m3!1m2!1s0x5366535871876905%3A0x3088f2289bea6c!2sVista+Linda+Mexican+%26+Catering!5e0!3m2!1sen!2sus!4v1520397563655"
              title="map"
              height="300"
              allowfullscreen=""
              class="emotion-91"
            />
          </div>
        </div>
      </div>
    </div>
  </main>
  <section
    id="airport"
    aria-labelledby="airport-description"
    class="emotion-98"
  >
    <div
      class="emotion-103"
    >
      <h1
        id="airport-description"
        class="emotion-56 emotion-57"
      >
        <span
          class="emotion-11"
        >
          <span
            class="emotion-10"
            role="img"
            aria-label="airplane"
          >
            ✈️
          </span>
          Where to Fly Into?
        </span>
      </h1>
    </div>
    <div
      class="emotion-96 emotion-97"
    >
      <span
        class="emotion-11"
      >
        <span
          class="emotion-10"
          role="img"
          aria-label="flight arrival"
        >
          🛬
        </span>
        <a
          href="http://www.iflyglacier.com"
          rel="nofollow"
          class="emotion-73 emotion-65"
        >
          Glacier Park International Airport
        </a>
      </span>
      <p>
        <span
          class="emotion-108"
        >
          Code:
        </span>
        <span
          class="emotion-61"
        >
          FCA
        </span>
      </p>
    </div>
  </section>
  <section
    id="lodgingList"
    aria-labelledby="lodgingList-description"
    class="emotion-98"
  >
    <div
      class="emotion-117"
    >
      <h1
        id="lodgingList-description"
        class="emotion-56 emotion-57"
      >
        <span
          class="emotion-11"
        >
          <span
            class="emotion-10"
            role="img"
            aria-label="hotel"
          >
            🏩
          </span>
          Where to Stay?
        </span>
      </h1>
    </div>
    <div
      class="emotion-96 emotion-97"
    >
      <div
        class="emotion-252 emotion-253"
      >
        <div
          class="emotion-133 emotion-134"
        >
          <a
            href="http://outlookinnbandb.com"
            rel="nofollow"
            class="emotion-118 emotion-119"
          />
          <div
            class="emotion-132"
          >
            <div
              class="emotion-122 emotion-123"
            >
              <a
                href="http://outlookinnbandb.com"
                rel="nofollow"
                class="emotion-73 emotion-65"
              >
                Outlook Inn Bed and Breakfast
              </a>
            </div>
            <address>
              <div>
                <span
                  class="emotion-11"
                >
                  <span
                    class="emotion-10"
                    role="img"
                    aria-label="round pushpin"
                  >
                    📍
                  </span>
                  <a
                    href="https://goo.gl/maps/am3u2e5nG9Q2"
                    class="emotion-73 emotion-65"
                  >
                    175 Boon Rd, Somers, MT 59932
                  </a>
                </span>
              </div>
              <div>
                <span
                  class="emotion-11"
                >
                  <span
                    class="emotion-10"
                    role="img"
                    aria-label="phone receiver"
                  >
                    📞
                  </span>
                  <a
                    href="tel:(406) 857-2060"
                    class="emotion-73 emotion-65"
                  >
                    (406) 857-2060
                  </a>
                </span>
              </div>
            </address>
          </div>
        </div>
        <div
          class="emotion-133 emotion-134"
        >
          <a
            href="http://bestwesternflatheadlake.com"
            rel="nofollow"
            class="emotion-135 emotion-119"
          />
          <div
            class="emotion-132"
          >
            <div
              class="emotion-122 emotion-123"
            >
              <a
                href="http://bestwesternflatheadlake.com"
                rel="nofollow"
                class="emotion-73 emotion-65"
              >
                Best Western Plus Flathead Lake Inn and Suites
              </a>
            </div>
            <p
              class="emotion-141"
            >
              $199–$219
            </p>
            <address>
              <div>
                <span
                  class="emotion-11"
                >
                  <span
                    class="emotion-10"
                    role="img"
                    aria-label="round pushpin"
                  >
                    📍
                  </span>
                  <a
                    href="https://goo.gl/maps/GshRHRYWWHT2"
                    class="emotion-73 emotion-65"
                  >
                    4824 US Highway 93 S, Kalispell, MT 59901
                  </a>
                </span>
              </div>
              <div>
                <span
                  class="emotion-11"
                >
                  <span
                    class="emotion-10"
                    role="img"
                    aria-label="phone receiver"
                  >
                    📞
                  </span>
                  <a
                    href="tel:(406) 857-2400"
                    class="emotion-73 emotion-65"
                  >
                    (406) 857-2400
                  </a>
                </span>
              </div>
            </address>
          </div>
        </div>
        <div
          class="emotion-133 emotion-134"
        >
          <a
            href="http://hiltongardeninn3.hilton.com/en/hotels/montana/hilton-garden-inn-kalispell-FCAKSGI/index.html"
            rel="nofollow"
            class="emotion-153 emotion-119"
          />
          <div
            class="emotion-132"
          >
            <div
              class="emotion-122 emotion-123"
            >
              <a
                href="http://hiltongardeninn3.hilton.com/en/hotels/montana/hilton-garden-inn-kalispell-FCAKSGI/index.html"
                rel="nofollow"
                class="emotion-73 emotion-65"
              >
                Hilton Garden Inn Kalispell
              </a>
            </div>
            <address>
              <div>
                <span
                  class="emotion-11"
                >
                  <span
                    class="emotion-10"
                    role="img"
                    aria-label="round pushpin"
                  >
                    📍
                  </span>
                  <a
                    href="https://goo.gl/maps/ZdHX7Scv3Z22"
                    class="emotion-73 emotion-65"
                  >
                    1840 Highway 93 South, Kalispell, MT, 59901
                  </a>
                </span>
              </div>
              <div>
                <span
                  class="emotion-11"
                >
                  <span
                    class="emotion-10"
                    role="img"
                    aria-label="phone receiver"
                  >
                    📞
                  </span>
                  <a
                    href="tel:(406) 756-4500"
                    class="emotion-73 emotion-65"
                  >
                    (406) 756-4500
                  </a>
                </span>
              </div>
            </address>
          </div>
        </div>
        <div
          class="emotion-133 emotion-134"
        >
          <a
            href="http://www.somersbaycabins.com"
            rel="nofollow"
            class="emotion-170 emotion-119"
          />
          <div
            class="emotion-132"
          >
            <div
              class="emotion-122 emotion-123"
            >
              <a
                href="http://www.somersbaycabins.com"
                rel="nofollow"
                class="emotion-73 emotion-65"
              >
                Somer’s Bay Log Cabin
              </a>
            </div>
            <address>
              <div>
                <span
                  class="emotion-11"
                >
                  <span
                    class="emotion-10"
                    role="img"
                    aria-label="round pushpin"
                  >
                    📍
                  </span>
                  <a
                    href="https://goo.gl/maps/BbkY5V9RMDw"
                    class="emotion-73 emotion-65"
                  >
                    5496 Highway 93 South, Somers, MT 59932
                  </a>
                </span>
              </div>
            </address>
          </div>
        </div>
        <div
          class="emotion-133 emotion-134"
        >
          <a
            href="http://www.fairbridgeinns.com/Booking_Platform/#/fairbridge/new/20160528012100"
            rel="nofollow"
            class="emotion-183 emotion-119"
          />
          <div
            class="emotion-132"
          >
            <div
              class="emotion-122 emotion-123"
            >
              <a
                href="http://www.fairbridgeinns.com/Booking_Platform/#/fairbridge/new/20160528012100"
                rel="nofollow"
                class="emotion-73 emotion-65"
              >
                FairBridge Inn & Suites
              </a>
            </div>
            <p
              class="emotion-141"
            >
              $129–$159
            </p>
            <address>
              <div>
                <span
                  class="emotion-11"
                >
                  <span
                    class="emotion-10"
                    role="img"
                    aria-label="round pushpin"
                  >
                    📍
                  </span>
                  <a
                    href="https://goo.gl/maps/5rr3juZy5Yz"
                    class="emotion-73 emotion-65"
                  >
                    1701 Highway 93 South, Kalispell, MT, 59901
                  </a>
                </span>
              </div>
              <div>
                <span
                  class="emotion-11"
                >
                  <span
                    class="emotion-10"
                    role="img"
                    aria-label="phone receiver"
                  >
                    📞
                  </span>
                  <a
                    href="tel:(406) 755-6100"
                    class="emotion-73 emotion-65"
                  >
                    (406) 755-6100
                  </a>
                </span>
              </div>
            </address>
          </div>
        </div>
        <div
          class="emotion-133 emotion-134"
        >
          <a
            href="http://sunrisevistainn.weebly.com"
            rel="nofollow"
            class="emotion-201 emotion-119"
          />
          <div
            class="emotion-132"
          >
            <div
              class="emotion-122 emotion-123"
            >
              <a
                href="http://sunrisevistainn.weebly.com"
                rel="nofollow"
                class="emotion-73 emotion-65"
              >
                Sunrise Vista Inn
              </a>
            </div>
            <address>
              <div>
                <span
                  class="emotion-11"
                >
                  <span
                    class="emotion-10"
                    role="img"
                    aria-label="round pushpin"
                  >
                    📍
                  </span>
                  <a
                    href="https://goo.gl/maps/mQ1WixYQD142"
                    class="emotion-73 emotion-65"
                  >
                    7005 Highway 93 S, Lakeside, MT 59922
                  </a>
                </span>
              </div>
              <div>
                <span
                  class="emotion-11"
                >
                  <span
                    class="emotion-10"
                    role="img"
                    aria-label="phone receiver"
                  >
                    📞
                  </span>
                  <a
                    href="tel:(406) 844-0231"
                    class="emotion-73 emotion-65"
                  >
                    (406) 844-0231
                  </a>
                </span>
              </div>
            </address>
          </div>
        </div>
        <div
          class="emotion-133 emotion-134"
        >
          <a
            href="http://edgewaterrv.com"
            rel="nofollow"
            class="emotion-218 emotion-119"
          />
          <div
            class="emotion-132"
          >
            <div
              class="emotion-122 emotion-123"
            >
              <a
                href="http://edgewaterrv.com"
                rel="nofollow"
                class="emotion-73 emotion-65"
              >
                Edgewater RV Resort & Motel
              </a>
            </div>
            <address>
              <div>
                <span
                  class="emotion-11"
                >
                  <span
                    class="emotion-10"
                    role="img"
                    aria-label="round pushpin"
                  >
                    📍
                  </span>
                  <a
                    href="https://goo.gl/maps/tVCfyofRppH2"
                    class="emotion-73 emotion-65"
                  >
                    7140 US-93, Lakeside, MT 59922
                  </a>
                </span>
              </div>
              <div>
                <span
                  class="emotion-11"
                >
                  <span
                    class="emotion-10"
                    role="img"
                    aria-label="phone receiver"
                  >
                    📞
                  </span>
                  <a
                    href="tel:(406) 844-3644"
                    class="emotion-73 emotion-65"
                  >
                    (406) 844-3644
                  </a>
                </span>
              </div>
            </address>
          </div>
        </div>
        <div
          class="emotion-133 emotion-134"
        >
          <a
            href="http://www.peacefulbayresort.com"
            rel="nofollow"
            class="emotion-235 emotion-119"
          />
          <div
            class="emotion-132"
          >
            <div
              class="emotion-122 emotion-123"
            >
              <a
                href="http://www.peacefulbayresort.com"
                rel="nofollow"
                class="emotion-73 emotion-65"
              >
                Peaceful Bay Resort & Club
              </a>
            </div>
            <address>
              <div>
                <span
                  class="emotion-11"
                >
                  <span
                    class="emotion-10"
                    role="img"
                    aria-label="round pushpin"
                  >
                    📍
                  </span>
                  <a
                    href="https://goo.gl/maps/V32mgjc37Q62"
                    class="emotion-73 emotion-65"
                  >
                    59901, 137 Peaceful Ln, Lakeside, MT 59922
                  </a>
                </span>
              </div>
              <div>
                <span
                  class="emotion-11"
                >
                  <span
                    class="emotion-10"
                    role="img"
                    aria-label="phone receiver"
                  >
                    📞
                  </span>
                  <a
                    href="tel:(406) 709-2202"
                    class="emotion-73 emotion-65"
                  >
                    (406) 709-2202
                  </a>
                </span>
              </div>
            </address>
          </div>
        </div>
      </div>
    </div>
  </section>
  <section
    id="foodList"
    aria-labelledby="foodList-description"
    class="emotion-98"
  >
    <div
      class="emotion-261"
    >
      <h1
        id="foodList-description"
        class="emotion-56 emotion-57"
      >
        <span
          class="emotion-11"
        >
          <span
            class="emotion-10"
            role="img"
            aria-label="burger"
          >
            🍔
          </span>
          Where to Eat?
        </span>
      </h1>
    </div>
    <div
      class="emotion-96 emotion-97"
    >
      <div
        class="emotion-252 emotion-253"
      >
        <div
          class="emotion-133 emotion-134"
        >
          <a
            href="https://www.facebook.com/glacier.perks.coffee/"
            rel="nofollow"
            class="emotion-262 emotion-119"
          />
          <div
            class="emotion-132"
          >
            <div
              class="emotion-122 emotion-123"
            >
              <a
                href="https://www.facebook.com/glacier.perks.coffee/"
                rel="nofollow"
                class="emotion-73 emotion-65"
              >
                Glacier Perks Coffee House
              </a>
            </div>
            <address>
              <div>
                <span
                  class="emotion-11"
                >
                  <span
                    class="emotion-10"
                    role="img"
                    aria-label="round pushpin"
                  >
                    📍
                  </span>
                  <a
                    href="https://goo.gl/maps/jugv4Y9a1cB2"
                    class="emotion-73 emotion-65"
                  >
                    7235 US Highway 93 S, Lakeside, MT 59922
                  </a>
                </span>
              </div>
              <div>
                <span
                  class="emotion-11"
                >
                  <span
                    class="emotion-10"
                    role="img"
                    aria-label="phone receiver"
                  >
                    📞
                  </span>
                  <a
                    href="tel:(406) 844-0908"
                    class="emotion-73 emotion-65"
                  >
                    (406) 844-0908
                  </a>
                </span>
              </div>
            </address>
          </div>
        </div>
        <div
          class="emotion-133 emotion-134"
        >
          <a
            href="http://www.farmhouselakeside.com"
            rel="nofollow"
            class="emotion-279 emotion-119"
          />
          <div
            class="emotion-132"
          >
            <div
              class="emotion-122 emotion-123"
            >
              <a
                href="http://www.farmhouselakeside.com"
                rel="nofollow"
                class="emotion-73 emotion-65"
              >
                The Farmhouse Restaurant
              </a>
            </div>
            <address>
              <div>
                <span
                  class="emotion-11"
                >
                  <span
                    class="emotion-10"
                    role="img"
                    aria-label="round pushpin"
                  >
                    📍
                  </span>
                  <a
                    href="https://goo.gl/maps/torto64XEY12"
                    class="emotion-73 emotion-65"
                  >
                    306 Stoner Loop, Lakeside, MT 59922
                  </a>
                </span>
              </div>
              <div>
                <span
                  class="emotion-11"
                >
                  <span
                    class="emotion-10"
                    role="img"
                    aria-label="phone receiver"
                  >
                    📞
                  </span>
                  <a
                    href="tel:(406) 844-0610"
                    class="emotion-73 emotion-65"
                  >
                    (406) 844-0610
                  </a>
                </span>
              </div>
            </address>
          </div>
        </div>
        <div
          class="emotion-133 emotion-134"
        >
          <a
            href="https://www.tamarackbrewing.com/lakeside"
            rel="nofollow"
            class="emotion-296 emotion-119"
          />
          <div
            class="emotion-132"
          >
            <div
              class="emotion-122 emotion-123"
            >
              <a
                href="https://www.tamarackbrewing.com/lakeside"
                rel="nofollow"
                class="emotion-73 emotion-65"
              >
                Tamarack Brewing Company
              </a>
            </div>
            <address>
              <div>
                <span
                  class="emotion-11"
                >
                  <span
                    class="emotion-10"
                    role="img"
                    aria-label="round pushpin"
                  >
                    📍
                  </span>
                  <a
                    href="https://goo.gl/maps/sTZ8XbjgAiG2"
                    class="emotion-73 emotion-65"
                  >
                    105 Blacktail Road, Lakeside, MT
                  </a>
                </span>
              </div>
              <div>
                <span
                  class="emotion-11"
                >
                  <span
                    class="emotion-10"
                    role="img"
                    aria-label="phone receiver"
                  >
                    📞
                  </span>
                  <a
                    href="tel:(406) 844-0244"
                    class="emotion-73 emotion-65"
                  >
                    (406) 844-0244
                  </a>
                </span>
              </div>
            </address>
          </div>
        </div>
        <div
          class="emotion-133 emotion-134"
        >
          <a
            href="https://www.facebook.com/homesteadcafebarandcasino/"
            rel="nofollow"
            class="emotion-313 emotion-119"
          />
          <div
            class="emotion-132"
          >
            <div
              class="emotion-122 emotion-123"
            >
              <a
                href="https://www.facebook.com/homesteadcafebarandcasino/"
                rel="nofollow"
                class="emotion-73 emotion-65"
              >
                Homestead Cafe
              </a>
            </div>
            <address>
              <div>
                <span
                  class="emotion-11"
                >
                  <span
                    class="emotion-10"
                    role="img"
                    aria-label="round pushpin"
                  >
                    📍
                  </span>
                  <a
                    href="https://goo.gl/maps/9YQK8DymPK52"
                    class="emotion-73 emotion-65"
                  >
                    7262 US Highway 93, Lakeside, MT 59922
                  </a>
                </span>
              </div>
              <div>
                <span
                  class="emotion-11"
                >
                  <span
                    class="emotion-10"
                    role="img"
                    aria-label="phone receiver"
                  >
                    📞
                  </span>
                  <a
                    href="tel:(406) 844-3926"
                    class="emotion-73 emotion-65"
                  >
                    (406) 844-3926
                  </a>
                </span>
              </div>
            </address>
          </div>
        </div>
        <div
          class="emotion-133 emotion-134"
        >
          <a
            href="https://www.dairyqueen.com/us-en/locator/Detail/?localechange=1&store-id=7001&"
            rel="nofollow"
            class="emotion-330 emotion-119"
          />
          <div
            class="emotion-132"
          >
            <div
              class="emotion-122 emotion-123"
            >
              <a
                href="https://www.dairyqueen.com/us-en/locator/Detail/?localechange=1&store-id=7001&"
                rel="nofollow"
                class="emotion-73 emotion-65"
              >
                Dairy Queen
              </a>
            </div>
            <address>
              <div>
                <span
                  class="emotion-11"
                >
                  <span
                    class="emotion-10"
                    role="img"
                    aria-label="round pushpin"
                  >
                    📍
                  </span>
                  <a
                    href="https://goo.gl/maps/LR9qrqDZ3DN2"
                    class="emotion-73 emotion-65"
                  >
                    7170 HWY 93 S, Lakeside, MT 59922
                  </a>
                </span>
              </div>
              <div>
                <span
                  class="emotion-11"
                >
                  <span
                    class="emotion-10"
                    role="img"
                    aria-label="phone receiver"
                  >
                    📞
                  </span>
                  <a
                    href="tel:(406) 844-3844"
                    class="emotion-73 emotion-65"
                  >
                    (406) 844-3844
                  </a>
                </span>
              </div>
            </address>
          </div>
        </div>
        <div
          class="emotion-133 emotion-134"
        >
          <a
            href="https://www.facebook.com/pages/Winchester-Steak-House/325894450829601"
            rel="nofollow"
            class="emotion-347 emotion-119"
          />
          <div
            class="emotion-132"
          >
            <div
              class="emotion-122 emotion-123"
            >
              <a
                href="https://www.facebook.com/pages/Winchester-Steak-House/325894450829601"
                rel="nofollow"
                class="emotion-73 emotion-65"
              >
                Winchester Steak House
              </a>
            </div>
            <address>
              <div>
                <span
                  class="emotion-11"
                >
                  <span
                    class="emotion-10"
                    role="img"
                    aria-label="round pushpin"
                  >
                    📍
                  </span>
                  <a
                    href="https://goo.gl/maps/RN46pwo4Be92"
                    class="emotion-73 emotion-65"
                  >
                    2205 US Highway 93 S, Kalispell, MT 59901
                  </a>
                </span>
              </div>
              <div>
                <span
                  class="emotion-11"
                >
                  <span
                    class="emotion-10"
                    role="img"
                    aria-label="phone receiver"
                  >
                    📞
                  </span>
                  <a
                    href="tel:(406) 257-8188"
                    class="emotion-73 emotion-65"
                  >
                    (406) 257-8188
                  </a>
                </span>
              </div>
            </address>
          </div>
        </div>
        <div
          class="emotion-133 emotion-134"
        >
          <a
            href="http://scottysmt.com"
            rel="nofollow"
            class="emotion-364 emotion-119"
          />
          <div
            class="emotion-132"
          >
            <div
              class="emotion-122 emotion-123"
            >
              <a
                href="http://scottysmt.com"
                rel="nofollow"
                class="emotion-73 emotion-65"
              >
                Scotty’s Bar
              </a>
            </div>
            <address>
              <div>
                <span
                  class="emotion-11"
                >
                  <span
                    class="emotion-10"
                    role="img"
                    aria-label="round pushpin"
                  >
                    📍
                  </span>
                  <a
                    href="https://goo.gl/maps/fpx285LR8JL2"
                    class="emotion-73 emotion-65"
                  >
                    2205 US Highway 93 S, Kalispell, MT 59901
                  </a>
                </span>
              </div>
              <div>
                <span
                  class="emotion-11"
                >
                  <span
                    class="emotion-10"
                    role="img"
                    aria-label="phone receiver"
                  >
                    📞
                  </span>
                  <a
                    href="tel:(406) 257-8188"
                    class="emotion-73 emotion-65"
                  >
                    (406) 257-8188
                  </a>
                </span>
              </div>
            </address>
          </div>
        </div>
      </div>
    </div>
  </section>
  <section
    id="activityList"
    aria-labelledby="activityList-description"
    class="emotion-98"
  >
    <div
      class="emotion-390"
    >
      <h1
        id="activityList-description"
        class="emotion-56 emotion-57"
      >
        <span
          class="emotion-11"
        >
          <span
            class="emotion-10"
            role="img"
            aria-label="biking woman"
          >
            🚴🏽‍♀️
          </span>
          What to Do?
        </span>
      </h1>
    </div>
    <div
      class="emotion-96 emotion-97"
    >
      <div
        class="emotion-252 emotion-253"
      >
        <div
          class="emotion-133 emotion-134"
        >
          <a
            href="https://www.nps.gov/glac/index.htm"
            rel="nofollow"
            class="emotion-391 emotion-119"
          />
          <div
            class="emotion-132"
          >
            <div
              class="emotion-122 emotion-123"
            >
              <a
                href="https://www.nps.gov/glac/index.htm"
                rel="nofollow"
                class="emotion-73 emotion-65"
              >
                Glacier National Park
              </a>
            </div>
            <address>
              <div>
                <span
                  class="emotion-11"
                >
                  <span
                    class="emotion-10"
                    role="img"
                    aria-label="round pushpin"
                  >
                    📍
                  </span>
                  <a
                    href="https://goo.gl/maps/SR32JLrbeb62"
                    class="emotion-73 emotion-65"
                  >
                    Glacier National Park, MT
                  </a>
                </span>
              </div>
              <div>
                <span
                  class="emotion-11"
                >
                  <span
                    class="emotion-10"
                    role="img"
                    aria-label="phone receiver"
                  >
                    📞
                  </span>
                  <a
                    href="tel:(406) 888-7800"
                    class="emotion-73 emotion-65"
                  >
                    (406) 888-7800
                  </a>
                </span>
              </div>
            </address>
          </div>
        </div>
        <div
          class="emotion-133 emotion-134"
        >
          <a
            href="http://www.flatheadlakeboattour.com"
            rel="nofollow"
            class="emotion-408 emotion-119"
          />
          <div
            class="emotion-132"
          >
            <div
              class="emotion-122 emotion-123"
            >
              <a
                href="http://www.flatheadlakeboattour.com"
                rel="nofollow"
                class="emotion-73 emotion-65"
              >
                Far West Boat Tours
              </a>
            </div>
            <p
              class="emotion-141"
            >
              Adults $22, Children 6–12: $10
            </p>
            <address>
              <div>
                <span
                  class="emotion-11"
                >
                  <span
                    class="emotion-10"
                    role="img"
                    aria-label="round pushpin"
                  >
                    📍
                  </span>
                  <a
                    href="https://goo.gl/maps/9eSbLLUZ58L2"
                    class="emotion-73 emotion-65"
                  >
                    Lakeside Marina, 7135 Hwy 93 South, Lakeside, MT 59922
                  </a>
                </span>
              </div>
              <div>
                <span
                  class="emotion-11"
                >
                  <span
                    class="emotion-10"
                    role="img"
                    aria-label="phone receiver"
                  >
                    📞
                  </span>
                  <a
                    href="tel:(406) 844-2628"
                    class="emotion-73 emotion-65"
                  >
                    (406) 844-2628
                  </a>
                </span>
              </div>
            </address>
          </div>
        </div>
        <div
          class="emotion-133 emotion-134"
        >
          <a
            href="http://www.spokeandpaddle.com"
            rel="nofollow"
            class="emotion-426 emotion-119"
          />
          <div
            class="emotion-132"
          >
            <div
              class="emotion-122 emotion-123"
            >
              <a
                href="http://www.spokeandpaddle.com"
                rel="nofollow"
                class="emotion-73 emotion-65"
              >
                Spoke & Paddle Outdoor Adventures
              </a>
            </div>
            <address>
              <div>
                <span
                  class="emotion-11"
                >
                  <span
                    class="emotion-10"
                    role="img"
                    aria-label="round pushpin"
                  >
                    📍
                  </span>
                  <a
                    href="https://goo.gl/maps/CJPCsbMfwdP2"
                    class="emotion-73 emotion-65"
                  >
                    10 Somers Rd, Somers, MT 59932
                  </a>
                </span>
              </div>
              <div>
                <span
                  class="emotion-11"
                >
                  <span
                    class="emotion-10"
                    role="img"
                    aria-label="phone receiver"
                  >
                    📞
                  </span>
                  <a
                    href="tel:(406) 393-2133"
                    class="emotion-73 emotion-65"
                  >
                    (406) 393-2133
                  </a>
                </span>
              </div>
            </address>
          </div>
        </div>
        <div
          class="emotion-133 emotion-134"
        >
          <a
            href="http://www.seamepaddle.com"
            rel="nofollow"
            class="emotion-443 emotion-119"
          />
          <div
            class="emotion-132"
          >
            <div
              class="emotion-122 emotion-123"
            >
              <a
                href="http://www.seamepaddle.com"
                rel="nofollow"
                class="emotion-73 emotion-65"
              >
                Sea Me Paddle Kayaking Tours
              </a>
            </div>
            <address>
              <div>
                <span
                  class="emotion-11"
                >
                  <span
                    class="emotion-10"
                    role="img"
                    aria-label="round pushpin"
                  >
                    📍
                  </span>
                  <a
                    href="https://goo.gl/maps/sJHiaKQe8zk"
                    class="emotion-73 emotion-65"
                  >
                    7220 Hwy 93 S #3, Lakeside,, MT 59922
                  </a>
                </span>
              </div>
              <div>
                <span
                  class="emotion-11"
                >
                  <span
                    class="emotion-10"
                    role="img"
                    aria-label="phone receiver"
                  >
                    📞
                  </span>
                  <a
                    href="tel:(406) 249-1153"
                    class="emotion-73 emotion-65"
                  >
                    (406) 249-1153
                  </a>
                </span>
              </div>
            </address>
          </div>
        </div>
        <div
          class="emotion-133 emotion-134"
        >
          <a
            href="https://glacierraftco.com"
            rel="nofollow"
            class="emotion-460 emotion-119"
          />
          <div
            class="emotion-132"
          >
            <div
              class="emotion-122 emotion-123"
            >
              <a
                href="https://glacierraftco.com"
                rel="nofollow"
                class="emotion-73 emotion-65"
              >
                Glacier Raft Company
              </a>
            </div>
            <address>
              <div>
                <span
                  class="emotion-11"
                >
                  <span
                    class="emotion-10"
                    role="img"
                    aria-label="round pushpin"
                  >
                    📍
                  </span>
                  <a
                    href="https://goo.gl/maps/cRRSk9WZ6ny"
                    class="emotion-73 emotion-65"
                  >
                    106 Going-To-The-Sun Rd, West Glacier, MT 59936
                  </a>
                </span>
              </div>
              <div>
                <span
                  class="emotion-11"
                >
                  <span
                    class="emotion-10"
                    role="img"
                    aria-label="phone receiver"
                  >
                    📞
                  </span>
                  <a
                    href="tel:(406) 888-5454"
                    class="emotion-73 emotion-65"
                  >
                    (406) 888-5454
                  </a>
                </span>
              </div>
            </address>
          </div>
        </div>
        <div
          class="emotion-133 emotion-134"
        >
          <a
            href="http://www.bigfork.org/contents/view/bigfork-montana-chamber"
            rel="nofollow"
            class="emotion-477 emotion-119"
          />
          <div
            class="emotion-132"
          >
            <div
              class="emotion-122 emotion-123"
            >
              <a
                href="http://www.bigfork.org/contents/view/bigfork-montana-chamber"
                rel="nofollow"
                class="emotion-73 emotion-65"
              >
                Bigfork
              </a>
            </div>
            <address>
              <div>
                <span
                  class="emotion-11"
                >
                  <span
                    class="emotion-10"
                    role="img"
                    aria-label="round pushpin"
                  >
                    📍
                  </span>
                  <a
                    href="https://goo.gl/maps/nd9GxmGTmJv"
                    class="emotion-73 emotion-65"
                  >
                    Bigfork, MT
                  </a>
                </span>
              </div>
            </address>
          </div>
        </div>
        <div
          class="emotion-133 emotion-134"
        >
          <a
            href="http://www.boatrentalsandrides.com"
            rel="nofollow"
            class="emotion-490 emotion-119"
          />
          <div
            class="emotion-132"
          >
            <div
              class="emotion-122 emotion-123"
            >
              <a
                href="http://www.boatrentalsandrides.com"
                rel="nofollow"
                class="emotion-73 emotion-65"
              >
                Boat Rentals and Rides
              </a>
            </div>
            <address>
              <div>
                <span
                  class="emotion-11"
                >
                  <span
                    class="emotion-10"
                    role="img"
                    aria-label="round pushpin"
                  >
                    📍
                  </span>
                  <a
                    href="https://goo.gl/maps/WvUwTE5xy882"
                    class="emotion-73 emotion-65"
                  >
                    44227 A St, Big Arm, MT 59910
                  </a>
                </span>
              </div>
              <div>
                <span
                  class="emotion-11"
                >
                  <span
                    class="emotion-10"
                    role="img"
                    aria-label="phone receiver"
                  >
                    📞
                  </span>
                  <a
                    href="tel:(406) 260-5090"
                    class="emotion-73 emotion-65"
                  >
                    (406) 260-5090
                  </a>
                </span>
              </div>
            </address>
          </div>
        </div>
        <div
          class="emotion-133 emotion-134"
        >
          <a
            href="http://www.flatheadlakesailing.com"
            rel="nofollow"
            class="emotion-507 emotion-119"
          />
          <div
            class="emotion-132"
          >
            <div
              class="emotion-122 emotion-123"
            >
              <a
                href="http://www.flatheadlakesailing.com"
                rel="nofollow"
                class="emotion-73 emotion-65"
              >
                Flathead Lake Sailing & Charters
              </a>
            </div>
            <address>
              <div>
                <span
                  class="emotion-11"
                >
                  <span
                    class="emotion-10"
                    role="img"
                    aria-label="round pushpin"
                  >
                    📍
                  </span>
                  <a
                    href="https://goo.gl/maps/nzUd172fAPr"
                    class="emotion-73 emotion-65"
                  >
                    150 Flathead Lodge Rd, Bigfork, MT 59911
                  </a>
                </span>
              </div>
              <div>
                <span
                  class="emotion-11"
                >
                  <span
                    class="emotion-10"
                    role="img"
                    aria-label="phone receiver"
                  >
                    📞
                  </span>
                  <a
                    href="tel:(406) 837-5569"
                    class="emotion-73 emotion-65"
                  >
                    (406) 837-5569
                  </a>
                </span>
              </div>
            </address>
          </div>
        </div>
        <div
          class="emotion-133 emotion-134"
        >
          <a
            href="http://www.wildhorseislandboattrips.com"
            rel="nofollow"
            class="emotion-524 emotion-119"
          />
          <div
            class="emotion-132"
          >
            <div
              class="emotion-122 emotion-123"
            >
              <a
                href="http://www.wildhorseislandboattrips.com"
                rel="nofollow"
                class="emotion-73 emotion-65"
              >
                WildHorse Island Boat Trips
              </a>
            </div>
            <address>
              <div>
                <span
                  class="emotion-11"
                >
                  <span
                    class="emotion-10"
                    role="img"
                    aria-label="round pushpin"
                  >
                    📍
                  </span>
                  <a
                    href="https://goo.gl/maps/Ni7GehCRdDR2"
                    class="emotion-73 emotion-65"
                  >
                    452 Grand Drive, Bigfork, MT 59911
                  </a>
                </span>
              </div>
              <div>
                <span
                  class="emotion-11"
                >
                  <span
                    class="emotion-10"
                    role="img"
                    aria-label="phone receiver"
                  >
                    📞
                  </span>
                  <a
                    href="tel:(406) 837-5617"
                    class="emotion-73 emotion-65"
                  >
                    (406) 837-5617
                  </a>
                </span>
              </div>
            </address>
          </div>
        </div>
      </div>
    </div>
  </section>
  <section
    id="contactUs"
    aria-labelledby="contactUs-description"
    class="emotion-98"
  >
    <div
      class="emotion-550"
    >
      <h1
        id="contactUs-description"
        class="emotion-56 emotion-57"
      >
        <span
          class="emotion-11"
        >
          <span
            class="emotion-10"
            role="img"
            aria-label="woman raising hand"
          >
            🙋🏻‍♀️
          </span>
          Questions?
        </span>
      </h1>
    </div>
    <div
      class="emotion-96 emotion-97"
    >
      <form
        action="https://formspree.io/birky50@damacy.net"
        method="POST"
        class="emotion-565 emotion-566"
      >
        <label
          for="contact_us_name"
          class="emotion-551 emotion-552"
        >
          Name
        </label>
        <input
          type="text"
          name="name"
          id="contact_us_name"
          placeholder="Your Name"
          required=""
          class="emotion-553 emotion-554"
        />
        <label
          for="contact_us_email"
          class="emotion-551 emotion-552"
        >
          Email
        </label>
        <input
          type="email"
          name="email"
          id="contact_us_email"
          placeholder="Your Email"
          required=""
          class="emotion-553 emotion-554"
        />
        <label
          for="contact_us_message"
          class="emotion-551 emotion-552"
        >
          Message
        </label>
        <textarea
          name="message"
          id="contact_us_message"
          placeholder="Message"
          rows="3"
          required=""
          class="emotion-561 emotion-562"
        />
        <input
          type="hidden"
          name="_subject"
          value="Birky 50th Anniversary Message"
        />
        <input
          type="hidden"
          name="_gotcha"
        />
        <button
          type="submit"
          class="emotion-563 emotion-564"
        >
          Send
        </button>
      </form>
    </div>
  </section>
</div>
`;
