// Jest Snapshot v1, https://goo.gl/fbAQLP

exports[`App renders 1`] = `
.emotion-58 {
  font-weight: bold;
}

.emotion-10 {
  background-image: url(header-background.png);
  background-color: hsl(243,68%,16%);
  background-size: 100%;
  background-repeat: no-repeat;
  padding: 18px 18px;
  padding-bottom: 30px;
}

@media (min-width:75em) {
  .emotion-10 {
    padding-bottom: 60px;
  }
}

.emotion-0 {
  font-family: "Playfair Display";
  font-weight: normal;
  color: hsl(243,68%,95%);
  margin: 0 0 0.5em;
  font-size: 13vw;
}

@media (min-width:36em) {
  .emotion-0 {
    font-size: 9vw;
  }
}

@media (min-width:48em) {
  .emotion-0 {
    font-size: 6vw;
  }
}

@media (min-width:62em) {
  .emotion-0 {
    font-size: 5vw;
  }
}

@media (min-width:75em) {
  .emotion-0 {
    font-size: 4vw;
  }
}

.emotion-2 {
  color: hsl(243,68%,85%);
  font-size: 1.1rem;
  margin: 1.3499999999999999rem 0;
}

@media (min-width:36em) {
  .emotion-2 {
    font-size: 1.25rem;
    margin: 1.125rem 0;
  }
}

.emotion-8 {
  padding-top: 0.275rem;
}

@media (min-width:36em) {
  .emotion-8 {
    padding-top: 0.3125rem;
  }
}

.emotion-6 {
  border-radius: 0.25rem;
  box-shadow: 0 3px 8px 0 hsla(0,0%,0%,0.15);
  display: inline-block;
  font-size: 1rem;
  text-align: center;
  vertical-align: middle;
  -webkit-text-decoration: none;
  text-decoration: none;
  padding: 0.625rem 1.125rem;
  border: 0;
  font-size: 1.25rem;
  padding: 0.5rem 1.125rem;
  background-color: hsl(328,85%,48%);
  color: hsl(328,85%,95%);
  width: auto;
}

.emotion-48 {
  display: -webkit-box;
  display: -webkit-flex;
  display: -ms-flexbox;
  display: flex;
  -webkit-flex-wrap: wrap;
  -ms-flex-wrap: wrap;
  flex-wrap: wrap;
  -webkit-box-pack: space-around;
  -webkit-justify-content: space-around;
  -ms-flex-pack: space-around;
  justify-content: space-around;
  list-style-type: none;
  padding: 0.375rem 0 0.75rem;
  margin: 0;
}

.emotion-16 {
  color: hsl(44,56%,32%);
  -webkit-text-decoration: none;
  text-decoration: none;
  display: block;
  font-size: 1.25rem;
  padding: 0.75rem 1.125rem;
}

.emotion-14 {
  display: inline-block;
  padding: 0 0.25em 0.1875em;
  border-bottom: 4px solid hsl(48,93%,47%);
}

.emotion-13 {
  display: -webkit-box;
  display: -webkit-flex;
  display: -ms-flexbox;
  display: flex;
  -webkit-align-items: baseline;
  -webkit-box-align: baseline;
  -ms-flex-align: baseline;
  align-items: baseline;
}

.emotion-12 {
  font-family: "Segoe UI Emoji";
  margin-right: 0.25em;
}

.emotion-20 {
  display: inline-block;
  padding: 0 0.25em 0.1875em;
  border-bottom: 4px solid hsl(199,71%,51%);
}

.emotion-26 {
  display: inline-block;
  padding: 0 0.25em 0.1875em;
  border-bottom: 4px solid hsl(335,82%,70%);
}

.emotion-32 {
  display: inline-block;
  padding: 0 0.25em 0.1875em;
  border-bottom: 4px solid hsl(30,83%,65%);
}

.emotion-38 {
  display: inline-block;
  padding: 0 0.25em 0.1875em;
  border-bottom: 4px solid hsl(354,63%,51%);
}

.emotion-44 {
  display: inline-block;
  padding: 0 0.25em 0.1875em;
  border-bottom: 4px solid hsl(288,50%,48%);
}

.emotion-91 {
  padding: 0 24px;
}

.emotion-92 {
  padding: 0 0 24px;
}

.emotion-54 {
  position: -webkit-sticky;
  position: sticky;
  top: 0;
  background-color: hsla(0,0%,100%,0.8);
  padding: 15px 24px;
  border-top: 8px solid hsl(48,93%,47%);
}

@media (max-width:21.875em) {
  .emotion-54 {
    padding: 12px 24px;
  }
}

.emotion-52 {
  font-weight: normal;
  margin: 0 0;
  font-size: 1.75rem;
}

@media (max-width:21.875em) {
  .emotion-52 {
    font-size: 1.5rem;
  }
}

@media (min-width:63.125em) {
  .emotion-89 {
    display: grid;
    grid-template-columns: 1fr 2fr;
    grid-column-gap: 1.125rem;
  }
}

@media (min-width:63.125em) {
  .emotion-89 {
    display: -webkit-box;
    display: -webkit-flex;
    display: -ms-flexbox;
    display: flex;
    -webkit-box-pack: justify;
    -webkit-justify-content: space-between;
    -ms-flex-pack: justify;
    justify-content: space-between;
  }
}

@media (min-width:63.125em) {
  .emotion-89 > *:first-child {
    -webkit-flex: 0 0 32%;
    -ms-flex: 0 0 32%;
    flex: 0 0 32%;
  }
}

@media (min-width:63.125em) {
  .emotion-89 > *:last-child {
    -webkit-flex: 0 0 65%;
    -ms-flex: 0 0 65%;
    flex: 0 0 65%;
  }
}

.emotion-84 {
  -webkit-flex-wrap: wrap;
  -ms-flex-wrap: wrap;
  flex-wrap: wrap;
}

@media (min-width:36.875em) {
  .emotion-84 {
    display: grid;
    grid-template-columns: 1fr 1fr;
    grid-column-gap: 10vw;
  }
}

@media (min-width:63.125em) {
  .emotion-84 {
    display: block;
  }
}

@media (min-width:36.875em) {
  .emotion-84 {
    display: -webkit-box;
    display: -webkit-flex;
    display: -ms-flexbox;
    display: flex;
  }
}

@media (min-width:63.125em) {
  .emotion-84 {
    display: block;
  }
}

@media (min-width:36.875em) {
  .emotion-84 > *:first-child {
    margin-right: 10vw;
  }
}

.emotion-56 {
  font-size: 1rem;
  font-weight: normal;
  color: hsl(0,0%,29%);
  margin: 0 0 0;
}

.emotion-63 a,
.emotion-63 p {
  display: block;
  margin: 0.75em 0 0;
}

.emotion-61 {
  color: hsl(44,56%,32%);
  -webkit-text-decoration: none;
  text-decoration: none;
  display: inline-block;
}

.emotion-65 {
  font-size: 1rem;
  font-weight: normal;
  color: hsl(0,0%,29%);
  margin: 0 0 0;
  margin-top: 2.25em;
}

@media (min-width:36.875em) {
  .emotion-65 {
    margin-top: 0;
  }
}

@media (min-width:63.125em) {
  .emotion-65 {
    margin-top: 2.25em;
  }
}

.emotion-67 {
  color: hsl(44,56%,32%);
  -webkit-text-decoration: none;
  text-decoration: none;
  font-weight: bold;
}

.emotion-70 {
  color: hsl(44,56%,32%);
  -webkit-text-decoration: none;
  text-decoration: none;
}

.emotion-79 {
  grid-column: 1 / 3;
  padding: 0;
  margin-top: 2.25em;
}

.emotion-79 li {
  color: hsl(0,0%,45%);
  margin-left: 1.5rem;
}

.emotion-82 {
  border-radius: 0.25rem;
  box-shadow: 0 3px 8px 0 hsla(0,0%,0%,0.15);
  display: inline-block;
  font-size: 1rem;
  text-align: center;
  vertical-align: middle;
  -webkit-text-decoration: none;
  text-decoration: none;
  padding: 0.625rem 1.125rem;
  border: 0;
  font-size: 1.25rem;
  padding: 0.5rem 1.125rem;
  background-color: hsl(328,85%,48%);
  color: hsl(328,85%,95%);
  width: auto;
  grid-column: 1 / 3;
  margin-top: 0.375rem;
  width: 100%;
}

.emotion-87 {
  margin-top: 1.5rem;
}

@media (min-width:63.125em) {
  .emotion-87 {
    margin-top: 0px;
  }
}

.emotion-86 {
  box-shadow: 0 2px 6px 0 hsla(0,0%,0%,0.2);
  width: 100%;
  border: 0;
}

.emotion-97 {
  position: -webkit-sticky;
  position: sticky;
  top: 0;
  background-color: hsla(0,0%,100%,0.8);
  padding: 15px 24px;
  border-top: 8px solid hsl(199,71%,51%);
}

@media (max-width:21.875em) {
  .emotion-97 {
    padding: 12px 24px;
  }
}

.emotion-105 {
  margin: 0.75rem 0 0;
}

.emotion-103 {
  color: hsl(0,0%,45%);
}

.emotion-112 {
  position: -webkit-sticky;
  position: sticky;
  top: 0;
  background-color: hsla(0,0%,100%,0.8);
  padding: 15px 24px;
  border-top: 8px solid hsl(335,82%,70%);
}

@media (max-width:21.875em) {
  .emotion-112 {
    padding: 12px 24px;
  }
}

.emotion-248 {
  display: grid;
  grid-gap: 1.5rem;
  margin-bottom: 0.75em;
  display: -webkit-box;
  display: -webkit-flex;
  display: -ms-flexbox;
  display: flex;
  -webkit-flex-wrap: wrap;
  -ms-flex-wrap: wrap;
  flex-wrap: wrap;
}

.emotion-248 > div {
  margin-right: 1.5rem;
  margin-bottom: 1.5rem;
}

.emotion-248 > div {
  -webkit-flex: 0 0 18.333333333333332rem;
  -ms-flex: 0 0 18.333333333333332rem;
  flex: 0 0 18.333333333333332rem;
}

.emotion-128 {
  margin: 0.75rem;
}

.emotion-127 > * {
  margin-top: 0.75rem;
}

.emotion-129 {
  border-radius: 0.25rem;
  box-shadow: 0 2px 6px 0 hsla(0,0%,0%,0.2);
}

.emotion-114 {
  border-radius: 0.25rem;
  border-bottom-left-radius: 0;
  border-bottom-right-radius: 0;
  display: block;
  height: 12rem;
  background-image: url(https://lh5.googleusercontent.com/p/AF1QipP6DfmJnGhCT_brALxXqoV-ldPxWuavT-KKvPPe=w408-h273-k-no);
  background-size: cover;
  background-position: center center;
}

.emotion-136 {
  margin: 0.75rem 0 0;
  color: hsl(0,0%,45%);
}

.emotion-131 {
  border-radius: 0.25rem;
  border-bottom-left-radius: 0;
  border-bottom-right-radius: 0;
  display: block;
  height: 12rem;
  background-image: url(https://lh3.ggpht.com/p/AF1QipPl0yDkYjiWoiJL-9HYuu832fm2Yj02m71GcsNf=s1536);
  background-size: cover;
  background-position: center center;
}

.emotion-149 {
  border-radius: 0.25rem;
  border-bottom-left-radius: 0;
  border-bottom-right-radius: 0;
  display: block;
  height: 12rem;
  background-image: url(https://lh5.googleusercontent.com/p/AF1QipMoJX1_n9nNn6tHnv6tNXQo9DG78AxOpHYoTM2x=w408-h271-k-no);
  background-size: cover;
  background-position: center center;
}

.emotion-166 {
  border-radius: 0.25rem;
  border-bottom-left-radius: 0;
  border-bottom-right-radius: 0;
  display: block;
  height: 12rem;
  background-image: url(https://cdn.ostrovok.ru/t/1024x768/mec/hotels/8000000/7120000/7118600/7118558/7118558_15_b.jpg);
  background-size: cover;
  background-position: center center;
}

.emotion-179 {
  border-radius: 0.25rem;
  border-bottom-left-radius: 0;
  border-bottom-right-radius: 0;
  display: block;
  height: 12rem;
  background-image: url(https://lh3.ggpht.com/p/AF1QipMwGIaY-rFy-uL4pYwy2zgApjQdN9ZJiCn_ZYSj=s1024);
  background-size: cover;
  background-position: center center;
}

.emotion-197 {
  border-radius: 0.25rem;
  border-bottom-left-radius: 0;
  border-bottom-right-radius: 0;
  display: block;
  height: 12rem;
  background-image: url(http://sunrisevistainn.weebly.com/uploads/5/3/4/1/53416569/8098879_orig.jpg);
  background-size: cover;
  background-position: center center;
}

.emotion-214 {
  border-radius: 0.25rem;
  border-bottom-left-radius: 0;
  border-bottom-right-radius: 0;
  display: block;
  height: 12rem;
  background-image: url(http://www.passportamerica.com/img/campgrounds/3358/CG-3278_4.png);
  background-size: cover;
  background-position: center center;
}

.emotion-231 {
  border-radius: 0.25rem;
  border-bottom-left-radius: 0;
  border-bottom-right-radius: 0;
  display: block;
  height: 12rem;
  background-image: url(http://www.peacefulbayresort.com/assets/img/PBR-Hero3.jpg);
  background-size: cover;
  background-position: center center;
}

.emotion-256 {
  position: -webkit-sticky;
  position: sticky;
  top: 0;
  background-color: hsla(0,0%,100%,0.8);
  padding: 15px 24px;
  border-top: 8px solid hsl(30,83%,65%);
}

@media (max-width:21.875em) {
  .emotion-256 {
    padding: 12px 24px;
  }
}

.emotion-258 {
  border-radius: 0.25rem;
  border-bottom-left-radius: 0;
  border-bottom-right-radius: 0;
  display: block;
  height: 12rem;
  background-image: url(https://lh5.googleusercontent.com/p/AF1QipNWYhfT5pFGozkX93Vy4k6xyOtuTTOgxU4JPVgr=s792-k-no);
  background-size: cover;
  background-position: center center;
}

.emotion-275 {
  border-radius: 0.25rem;
  border-bottom-left-radius: 0;
  border-bottom-right-radius: 0;
  display: block;
  height: 12rem;
  background-image: url(https://lh3.ggpht.com/p/AF1QipMnq0hRJAZx8v0dzUghoHUTZWIdU0DehUtECS7O=s1024);
  background-size: cover;
  background-position: center center;
}

.emotion-292 {
  border-radius: 0.25rem;
  border-bottom-left-radius: 0;
  border-bottom-right-radius: 0;
  display: block;
  height: 12rem;
  background-image: url(https://lh3.ggpht.com/p/AF1QipPunoYdh_MlZieT4exVD5a6x-337zzUaTBV1p9I=s1024);
  background-size: cover;
  background-position: center center;
}

.emotion-309 {
  border-radius: 0.25rem;
  border-bottom-left-radius: 0;
  border-bottom-right-radius: 0;
  display: block;
  height: 12rem;
  background-image: url(https://lh3.ggpht.com/p/AF1QipMjDbTEfGaaysS5OVQUaxeGGQHi5adNwoNMYan6=s1024);
  background-size: cover;
  background-position: center center;
}

.emotion-326 {
  border-radius: 0.25rem;
  border-bottom-left-radius: 0;
  border-bottom-right-radius: 0;
  display: block;
  height: 12rem;
  background-image: url(https://geo0.ggpht.com/cbk?cb_client=maps_sv.tactile&authuser=0&hl=en&gl=us&photoid=gkRxLlg5XAIAAAQun13VTQ&output=photo);
  background-size: cover;
  background-position: center center;
}

.emotion-343 {
  border-radius: 0.25rem;
  border-bottom-left-radius: 0;
  border-bottom-right-radius: 0;
  display: block;
  height: 12rem;
  background-image: url(https://lh3.ggpht.com/p/AF1QipPdnh0NOOANGbddezmt93GNeHsbkV6PtcpZdFws=s1024);
  background-size: cover;
  background-position: center center;
}

.emotion-360 {
  border-radius: 0.25rem;
  border-bottom-left-radius: 0;
  border-bottom-right-radius: 0;
  display: block;
  height: 12rem;
  background-image: url(https://lh3.ggpht.com/p/AF1QipNisMxLj0y-kjpFsm7xRX_JufIRw2_K1PXmbjI_=s1024);
  background-size: cover;
  background-position: center center;
}

.emotion-385 {
  position: -webkit-sticky;
  position: sticky;
  top: 0;
  background-color: hsla(0,0%,100%,0.8);
  padding: 15px 24px;
  border-top: 8px solid hsl(354,63%,51%);
}

@media (max-width:21.875em) {
  .emotion-385 {
    padding: 12px 24px;
  }
}

.emotion-387 {
  border-radius: 0.25rem;
  border-bottom-left-radius: 0;
  border-bottom-right-radius: 0;
  display: block;
  height: 12rem;
  background-image: url(https://lh3.ggpht.com/p/AF1QipMneZ7VhRLaiEaUTBhRo1CWqUzv3hs-gBP3fYkM=s1024);
  background-size: cover;
  background-position: center center;
}

.emotion-404 {
  border-radius: 0.25rem;
  border-bottom-left-radius: 0;
  border-bottom-right-radius: 0;
  display: block;
  height: 12rem;
  background-image: url(https://flatheadlakeboattour.com/wp-content/uploads/2017/05/Far-West-Tour-Boat.jpg);
  background-size: cover;
  background-position: center center;
}

.emotion-422 {
  border-radius: 0.25rem;
  border-bottom-left-radius: 0;
  border-bottom-right-radius: 0;
  display: block;
  height: 12rem;
  background-image: url(http://www.spokeandpaddle.com/images/sandflats.jpg);
  background-size: cover;
  background-position: center center;
}

.emotion-439 {
  border-radius: 0.25rem;
  border-bottom-left-radius: 0;
  border-bottom-right-radius: 0;
  display: block;
  height: 12rem;
  background-image: url(https://lh3.ggpht.com/p/AF1QipNbgLiDCF3vj9_AMegijlQMaBJf9OvAImYPjqyN=s1024);
  background-size: cover;
  background-position: center center;
}

.emotion-456 {
  border-radius: 0.25rem;
  border-bottom-left-radius: 0;
  border-bottom-right-radius: 0;
  display: block;
  height: 12rem;
  background-image: url(https://www.bmwunstoppable.com/wp-content/uploads/2017/04/maxresdefault-1-7.jpg);
  background-size: cover;
  background-position: center center;
}

.emotion-473 {
  border-radius: 0.25rem;
  border-bottom-left-radius: 0;
  border-bottom-right-radius: 0;
  display: block;
  height: 12rem;
  background-image: url(https://images.fineartamerica.com/images-medium-large/bigfork-montana-sunset-jim-pavelle.jpg);
  background-size: cover;
  background-position: center center;
}

.emotion-486 {
  border-radius: 0.25rem;
  border-bottom-left-radius: 0;
  border-bottom-right-radius: 0;
  display: block;
  height: 12rem;
  background-image: url(https://lh3.ggpht.com/p/AF1QipPOnBM5O5btlHaud1AH-QlcdmbFp-apN3jGtF8j=s1024);
  background-size: cover;
  background-position: center center;
}

.emotion-503 {
  border-radius: 0.25rem;
  border-bottom-left-radius: 0;
  border-bottom-right-radius: 0;
  display: block;
  height: 12rem;
  background-image: url(https://static1.squarespace.com/static/54da76f0e4b004762df44faa/t/54f7394ce4b0aff87aef4f08/1425488206828/FLR2032.jpg);
  background-size: cover;
  background-position: center center;
}

.emotion-520 {
  border-radius: 0.25rem;
  border-bottom-left-radius: 0;
  border-bottom-right-radius: 0;
  display: block;
  height: 12rem;
  background-image: url(https://lh3.ggpht.com/p/AF1QipMuV4H2G2h4_I0oCPKyTxmuMVOBeEEqjqcTvdDb=s1024);
  background-size: cover;
  background-position: center center;
}

.emotion-545 {
  position: -webkit-sticky;
  position: sticky;
  top: 0;
  background-color: hsla(0,0%,100%,0.8);
  padding: 15px 24px;
  border-top: 8px solid hsl(288,50%,48%);
}

@media (max-width:21.875em) {
  .emotion-545 {
    padding: 12px 24px;
  }
}

@media (min-width:37.5em) {
  .emotion-561 {
    display: grid;
    grid-template-columns: 5.25rem 30rem;
    grid-row-gap: 1.125rem;
  }
}

@media (min-width:37.5em) {
  .emotion-561 {
    display: -webkit-box;
    display: -webkit-flex;
    display: -ms-flexbox;
    display: flex;
    -webkit-flex-wrap: wrap;
    -ms-flex-wrap: wrap;
    flex-wrap: wrap;
    -webkit-align-items: baseline;
    -webkit-box-align: baseline;
    -ms-flex-align: baseline;
    align-items: baseline;
    width: 38rem;
  }
}

@media (min-width:37.5em) {
  .emotion-547 {
    margin-top: 0.375rem;
  }
}

@media (min-width:37.5em) {
  .emotion-547 {
    -webkit-flex: 0 0 5.25rem;
    -ms-flex: 0 0 5.25rem;
    flex: 0 0 5.25rem;
  }
}

.emotion-549 {
  border-radius: 0.25rem;
  font: 1rem "Libre Franklin",sans-serif;
  line-height: 1.5;
  padding: 0.375rem 0.75rem;
  border: 1px solid hsla(0,0%,0%,0.16);
  box-shadow: inset 0 2px 4px 0 hsla(0,0%,0%,0.08);
  -webkit-appearance: none;
  display: block;
  width: 100%;
  margin: 0.5rem 0 1.625rem;
}

@media (min-width:37.5em) {
  .emotion-549 {
    width: auto;
    margin: 0;
  }
}

@media (min-width:37.5em) {
  .emotion-549 {
    -webkit-flex: 0 0 30rem;
    -ms-flex: 0 0 30rem;
    flex: 0 0 30rem;
  }
}

@media (min-width:37.5em) {
  .emotion-549 {
    margin-top: 1.125rem;
  }
}

.emotion-557 {
  border-radius: 0.25rem;
  font: 1rem "Libre Franklin",sans-serif;
  line-height: 1.5;
  padding: 0.375rem 0.75rem;
  border: 1px solid hsla(0,0%,0%,0.16);
  box-shadow: inset 0 2px 4px 0 hsla(0,0%,0%,0.08);
  -webkit-appearance: none;
  display: block;
  width: 100%;
  margin: 0.5rem 0 1.625rem;
}

@media (min-width:37.5em) {
  .emotion-557 {
    width: auto;
    margin: 0;
  }
}

@media (min-width:37.5em) {
  .emotion-557 {
    -webkit-flex: 0 0 30rem;
    -ms-flex: 0 0 30rem;
    flex: 0 0 30rem;
  }
}

@media (min-width:37.5em) {
  .emotion-557 {
    margin-top: 1.125rem;
  }
}

.emotion-559 {
  border-radius: 0.25rem;
  box-shadow: 0 3px 8px 0 hsla(0,0%,0%,0.15);
  display: inline-block;
  font-size: 1rem;
  text-align: center;
  vertical-align: middle;
  -webkit-text-decoration: none;
  text-decoration: none;
  padding: 0.625rem 1.125rem;
  border: 0;
  grid-column-start: 2;
  justify-self: start;
  cursor: pointer;
  color: hsl(288,50%,48%);
  border: 4px solid hsl(288,50%,78%);
  background-color: transparent;
  width: 6em;
}

@media (min-width:37.5em) {
  .emotion-559 {
    margin-left: 5.25rem;
  }
}

@media (min-width:37.5em) {
  .emotion-559 {
    margin-top: 1.125rem;
  }
}

<div>
  <header
    aria-label="Event header"
    style="background-position-x: 0px; background-position-y: -61.44px;"
    class="emotion-10 emotion-11"
  >
    <h1
      class="emotion-0 emotion-1"
    >
      Sam & Sue’s 50th Anniversary
    </h1>
    <p
      class="emotion-2 emotion-3"
    >
      Saturday, June 23, 2018
    </p>
    <p
      class="emotion-2 emotion-3"
    >
      Somers, Montana
    </p>
    <div
      class="emotion-8 emotion-9"
    >
      <a
        href="https://goo.gl/forms/SKdVBcUt7LUQmP1K2"
        class="emotion-6 emotion-7"
      >
        RSVP
      </a>
    </div>
  </header>
  <nav>
    <ul
      class="emotion-48 emotion-49"
    >
      <li>
        <a
          href="#event"
          class="emotion-16 emotion-17"
        >
          <span
            class="emotion-14 emotion-15"
          >
            <span
              class="emotion-13"
            >
              <span
                class="emotion-12"
                role="img"
                aria-label="party hat"
              >
                🎉
              </span>
              Details
            </span>
          </span>
        </a>
      </li>
      <li>
        <a
          href="#airport"
          class="emotion-16 emotion-17"
        >
          <span
            class="emotion-20 emotion-15"
          >
            <span
              class="emotion-13"
            >
              <span
                class="emotion-12"
                role="img"
                aria-label="airplane"
              >
                ✈️
              </span>
              Airport
            </span>
          </span>
        </a>
      </li>
      <li>
        <a
          href="#lodgingList"
          class="emotion-16 emotion-17"
        >
          <span
            class="emotion-26 emotion-15"
          >
            <span
              class="emotion-13"
            >
              <span
                class="emotion-12"
                role="img"
                aria-label="hotel"
              >
                🏩
              </span>
              Lodging
            </span>
          </span>
        </a>
      </li>
      <li>
        <a
          href="#foodList"
          class="emotion-16 emotion-17"
        >
          <span
            class="emotion-32 emotion-15"
          >
            <span
              class="emotion-13"
            >
              <span
                class="emotion-12"
                role="img"
                aria-label="burger"
              >
                🍔
              </span>
              Food
            </span>
          </span>
        </a>
      </li>
      <li>
        <a
          href="#activityList"
          class="emotion-16 emotion-17"
        >
          <span
            class="emotion-38 emotion-15"
          >
            <span
              class="emotion-13"
            >
              <span
                class="emotion-12"
                role="img"
                aria-label="biking woman"
              >
                🚴🏽‍♀️
              </span>
              Activities
            </span>
          </span>
        </a>
      </li>
      <li>
        <a
          href="#contactUs"
          class="emotion-16 emotion-17"
        >
          <span
            class="emotion-44 emotion-15"
          >
            <span
              class="emotion-13"
            >
              <span
                class="emotion-12"
                role="img"
                aria-label="woman raising hand"
              >
                🙋🏻‍♀️
              </span>
              Questions?
            </span>
          </span>
        </a>
      </li>
    </ul>
  </nav>
  <main
    id="event"
    aria-labelledby="event-description"
    class="emotion-92"
  >
    <div
      class="emotion-54 emotion-55"
    >
      <h1
        id="event-description"
        class="emotion-52 emotion-53"
      >
        <span
          class="emotion-13"
        >
          <span
            class="emotion-12"
            role="img"
            aria-label="party hat"
          >
            🎉
          </span>
          Celebration Details
        </span>
      </h1>
    </div>
    <div
      class="emotion-91"
    >
      <div
        class="emotion-89 emotion-90"
      >
        <div
          class="emotion-84 emotion-85"
        >
          <div>
            <h2
              class="emotion-56 emotion-57"
            >
              When?
            </h2>
            <div
              class="emotion-63 emotion-64"
            >
              <p
                class="emotion-58"
              >
                <time
                  datetime="2018-06-23 16:00"
                >
                  Saturday, June 23, 2018
                </time>
              </p>
              <p>
                Starts at 4:00pm, dinner buffet at 5:00pm
              </p>
              <a
                href="event.ics"
                class="emotion-61 emotion-62"
                download=""
              >
                <span
                  class="emotion-13"
                >
                  <span
                    class="emotion-12"
                    role="img"
                    aria-label="calendar"
                  >
                    📆
                  </span>
                  Add to calendar
                </span>
              </a>
            </div>
          </div>
          <div>
            <h2
              class="emotion-65 emotion-57"
            >
              Where?
            </h2>
            <div
              class="emotion-63 emotion-64"
            >
              <a
                href="http://vistalindacatering.com/"
                rel="nofollow"
                class="emotion-67 emotion-62"
              >
                Vista Linda Mexican & Catering
              </a>
              <address>
                <div>
                  <span
                    class="emotion-13"
                  >
                    <span
                      class="emotion-12"
                      role="img"
                      aria-label="round pushpin"
                    >
                      📍
                    </span>
                    <a
                      href="https://goo.gl/maps/THRyvih62562"
                      class="emotion-70 emotion-62"
                    >
                      240 Boon Rd, Somers, MT 59932
                    </a>
                  </span>
                </div>
                <div>
                  <span
                    class="emotion-13"
                  >
                    <span
                      class="emotion-12"
                      role="img"
                      aria-label="phone receiver"
                    >
                      📞
                    </span>
                    <a
                      href="tel:(406) 857-3158"
                      class="emotion-70 emotion-62"
                    >
                      (406) 857-3158
                    </a>
                  </span>
                </div>
              </address>
            </div>
          </div>
          <ul
            class="emotion-79 emotion-80"
          >
            <li>
              Event will take place outdoors in a covered pavilion
            </li>
            <li>
              Dressy casual attire
            </li>
          </ul>
          <a
            href="https://goo.gl/forms/SKdVBcUt7LUQmP1K2"
            class="emotion-81 emotion-82 emotion-7"
          >
            RSVP
          </a>
        </div>
        <div
          class="emotion-87 emotion-88"
        >
          <div>
            <iframe
              src="https://www.google.com/maps/embed?pb=!1m18!1m12!1m3!1d2665.5868734347823!2d-114.24015338435312!3d48.07961667921895!2m3!1f0!2f0!3f0!3m2!1i1024!2i768!4f13.1!3m3!1m2!1s0x5366535871876905%3A0x3088f2289bea6c!2sVista+Linda+Mexican+%26+Catering!5e0!3m2!1sen!2sus!4v1520397563655"
              title="map"
              height="300"
              allowfullscreen=""
              class="emotion-86"
            />
          </div>
        </div>
      </div>
    </div>
  </main>
  <section
    id="airport"
    aria-labelledby="airport-description"
    class="emotion-92"
  >
    <div
      class="emotion-97 emotion-55"
    >
      <h1
        id="airport-description"
        class="emotion-52 emotion-53"
      >
        <span
          class="emotion-13"
        >
          <span
            class="emotion-12"
            role="img"
            aria-label="airplane"
          >
            ✈️
          </span>
          Where to Fly Into?
        </span>
      </h1>
    </div>
    <div
      class="emotion-91"
    >
      <span
        class="emotion-13"
      >
        <span
          class="emotion-12"
          role="img"
          aria-label="flight arrival"
        >
          🛬
        </span>
        <a
          href="http://www.iflyglacier.com"
          rel="nofollow"
          class="emotion-70 emotion-62"
        >
          Glacier Park International Airport
        </a>
      </span>
      <p
        class="emotion-105"
      >
        <span
          class="emotion-103"
        >
          Code:
        </span>
        <span
          class="emotion-58"
        >
          FCA
        </span>
      </p>
    </div>
  </section>
  <section
    id="lodgingList"
    aria-labelledby="lodgingList-description"
    class="emotion-92"
  >
    <div
      class="emotion-112 emotion-55"
    >
      <h1
        id="lodgingList-description"
        class="emotion-52 emotion-53"
      >
        <span
          class="emotion-13"
        >
          <span
            class="emotion-12"
            role="img"
            aria-label="hotel"
          >
            🏩
          </span>
          Where to Stay?
        </span>
      </h1>
    </div>
    <div
      class="emotion-91"
    >
      <div
        class="emotion-248 emotion-249"
      >
        <div
          class="emotion-129 emotion-130"
        >
          <a
            href="http://outlookinnbandb.com"
            rel="nofollow"
            class="emotion-114 emotion-115"
          />
          <div
            class="emotion-128"
          >
            <div
              class="emotion-58"
            >
              <a
                href="http://outlookinnbandb.com"
                rel="nofollow"
                class="emotion-70 emotion-62"
              >
                Outlook Inn Bed and Breakfast
              </a>
            </div>
            <address
              class="emotion-127"
            >
              <div>
                <span
                  class="emotion-13"
                >
                  <span
                    class="emotion-12"
                    role="img"
                    aria-label="round pushpin"
                  >
                    📍
                  </span>
                  <a
                    href="https://goo.gl/maps/am3u2e5nG9Q2"
                    class="emotion-70 emotion-62"
                  >
                    175 Boon Rd, Somers, MT 59932
                  </a>
                </span>
              </div>
              <div>
                <span
                  class="emotion-13"
                >
                  <span
                    class="emotion-12"
                    role="img"
                    aria-label="phone receiver"
                  >
                    📞
                  </span>
                  <a
                    href="tel:(406) 857-2060"
                    class="emotion-70 emotion-62"
                  >
                    (406) 857-2060
                  </a>
                </span>
              </div>
            </address>
          </div>
        </div>
        <div
          class="emotion-129 emotion-130"
        >
          <a
            href="http://bestwesternflatheadlake.com"
            rel="nofollow"
            class="emotion-131 emotion-115"
          />
          <div
            class="emotion-128"
          >
            <div
              class="emotion-58"
            >
              <a
                href="http://bestwesternflatheadlake.com"
                rel="nofollow"
                class="emotion-70 emotion-62"
              >
                Best Western Plus Flathead Lake Inn and Suites
              </a>
            </div>
            <p
              class="emotion-136"
            >
              $199–$219
            </p>
            <address
              class="emotion-127"
            >
              <div>
                <span
                  class="emotion-13"
                >
                  <span
                    class="emotion-12"
                    role="img"
                    aria-label="round pushpin"
                  >
                    📍
                  </span>
                  <a
                    href="https://goo.gl/maps/GshRHRYWWHT2"
                    class="emotion-70 emotion-62"
                  >
                    4824 US Highway 93 S, Kalispell, MT 59901
                  </a>
                </span>
              </div>
              <div>
                <span
                  class="emotion-13"
                >
                  <span
                    class="emotion-12"
                    role="img"
                    aria-label="phone receiver"
                  >
                    📞
                  </span>
                  <a
                    href="tel:(406) 857-2400"
                    class="emotion-70 emotion-62"
                  >
                    (406) 857-2400
                  </a>
                </span>
              </div>
            </address>
          </div>
        </div>
        <div
          class="emotion-129 emotion-130"
        >
          <a
            href="http://hiltongardeninn3.hilton.com/en/hotels/montana/hilton-garden-inn-kalispell-FCAKSGI/index.html"
            rel="nofollow"
            class="emotion-149 emotion-115"
          />
          <div
            class="emotion-128"
          >
            <div
              class="emotion-58"
            >
              <a
                href="http://hiltongardeninn3.hilton.com/en/hotels/montana/hilton-garden-inn-kalispell-FCAKSGI/index.html"
                rel="nofollow"
                class="emotion-70 emotion-62"
              >
                Hilton Garden Inn Kalispell
              </a>
            </div>
            <address
              class="emotion-127"
            >
              <div>
                <span
                  class="emotion-13"
                >
                  <span
                    class="emotion-12"
                    role="img"
                    aria-label="round pushpin"
                  >
                    📍
                  </span>
                  <a
                    href="https://goo.gl/maps/ZdHX7Scv3Z22"
                    class="emotion-70 emotion-62"
                  >
                    1840 Highway 93 South, Kalispell, MT, 59901
                  </a>
                </span>
              </div>
              <div>
                <span
                  class="emotion-13"
                >
                  <span
                    class="emotion-12"
                    role="img"
                    aria-label="phone receiver"
                  >
                    📞
                  </span>
                  <a
                    href="tel:(406) 756-4500"
                    class="emotion-70 emotion-62"
                  >
                    (406) 756-4500
                  </a>
                </span>
              </div>
            </address>
          </div>
        </div>
        <div
          class="emotion-129 emotion-130"
        >
          <a
            href="http://www.somersbaycabins.com"
            rel="nofollow"
            class="emotion-166 emotion-115"
          />
          <div
            class="emotion-128"
          >
            <div
              class="emotion-58"
            >
              <a
                href="http://www.somersbaycabins.com"
                rel="nofollow"
                class="emotion-70 emotion-62"
              >
                Somer’s Bay Log Cabin
              </a>
            </div>
            <address
              class="emotion-127"
            >
              <div>
                <span
                  class="emotion-13"
                >
                  <span
                    class="emotion-12"
                    role="img"
                    aria-label="round pushpin"
                  >
                    📍
                  </span>
                  <a
                    href="https://goo.gl/maps/BbkY5V9RMDw"
                    class="emotion-70 emotion-62"
                  >
                    5496 Highway 93 South, Somers, MT 59932
                  </a>
                </span>
              </div>
            </address>
          </div>
        </div>
        <div
          class="emotion-129 emotion-130"
        >
          <a
            href="http://www.fairbridgeinns.com/Booking_Platform/#/fairbridge/new/20160528012100"
            rel="nofollow"
            class="emotion-179 emotion-115"
          />
          <div
            class="emotion-128"
          >
            <div
              class="emotion-58"
            >
              <a
                href="http://www.fairbridgeinns.com/Booking_Platform/#/fairbridge/new/20160528012100"
                rel="nofollow"
                class="emotion-70 emotion-62"
              >
                FairBridge Inn & Suites
              </a>
            </div>
            <p
              class="emotion-136"
            >
              $129–$159
            </p>
            <address
              class="emotion-127"
            >
              <div>
                <span
                  class="emotion-13"
                >
                  <span
                    class="emotion-12"
                    role="img"
                    aria-label="round pushpin"
                  >
                    📍
                  </span>
                  <a
                    href="https://goo.gl/maps/5rr3juZy5Yz"
                    class="emotion-70 emotion-62"
                  >
                    1701 Highway 93 South, Kalispell, MT, 59901
                  </a>
                </span>
              </div>
              <div>
                <span
                  class="emotion-13"
                >
                  <span
                    class="emotion-12"
                    role="img"
                    aria-label="phone receiver"
                  >
                    📞
                  </span>
                  <a
                    href="tel:(406) 755-6100"
                    class="emotion-70 emotion-62"
                  >
                    (406) 755-6100
                  </a>
                </span>
              </div>
            </address>
          </div>
        </div>
        <div
          class="emotion-129 emotion-130"
        >
          <a
            href="http://sunrisevistainn.weebly.com"
            rel="nofollow"
            class="emotion-197 emotion-115"
          />
          <div
            class="emotion-128"
          >
            <div
              class="emotion-58"
            >
              <a
                href="http://sunrisevistainn.weebly.com"
                rel="nofollow"
                class="emotion-70 emotion-62"
              >
                Sunrise Vista Inn
              </a>
            </div>
            <address
              class="emotion-127"
            >
              <div>
                <span
                  class="emotion-13"
                >
                  <span
                    class="emotion-12"
                    role="img"
                    aria-label="round pushpin"
                  >
                    📍
                  </span>
                  <a
                    href="https://goo.gl/maps/mQ1WixYQD142"
                    class="emotion-70 emotion-62"
                  >
                    7005 Highway 93 S, Lakeside, MT 59922
                  </a>
                </span>
              </div>
              <div>
                <span
                  class="emotion-13"
                >
                  <span
                    class="emotion-12"
                    role="img"
                    aria-label="phone receiver"
                  >
                    📞
                  </span>
                  <a
                    href="tel:(406) 844-0231"
                    class="emotion-70 emotion-62"
                  >
                    (406) 844-0231
                  </a>
                </span>
              </div>
            </address>
          </div>
        </div>
        <div
          class="emotion-129 emotion-130"
        >
          <a
            href="http://edgewaterrv.com"
            rel="nofollow"
            class="emotion-214 emotion-115"
          />
          <div
            class="emotion-128"
          >
            <div
              class="emotion-58"
            >
              <a
                href="http://edgewaterrv.com"
                rel="nofollow"
                class="emotion-70 emotion-62"
              >
                Edgewater RV Resort & Motel
              </a>
            </div>
            <address
              class="emotion-127"
            >
              <div>
                <span
                  class="emotion-13"
                >
                  <span
                    class="emotion-12"
                    role="img"
                    aria-label="round pushpin"
                  >
                    📍
                  </span>
                  <a
                    href="https://goo.gl/maps/tVCfyofRppH2"
                    class="emotion-70 emotion-62"
                  >
                    7140 US-93, Lakeside, MT 59922
                  </a>
                </span>
              </div>
              <div>
                <span
                  class="emotion-13"
                >
                  <span
                    class="emotion-12"
                    role="img"
                    aria-label="phone receiver"
                  >
                    📞
                  </span>
                  <a
                    href="tel:(406) 844-3644"
                    class="emotion-70 emotion-62"
                  >
                    (406) 844-3644
                  </a>
                </span>
              </div>
            </address>
          </div>
        </div>
        <div
          class="emotion-129 emotion-130"
        >
          <a
            href="http://www.peacefulbayresort.com"
            rel="nofollow"
            class="emotion-231 emotion-115"
          />
          <div
            class="emotion-128"
          >
            <div
              class="emotion-58"
            >
              <a
                href="http://www.peacefulbayresort.com"
                rel="nofollow"
                class="emotion-70 emotion-62"
              >
                Peaceful Bay Resort & Club
              </a>
            </div>
            <address
              class="emotion-127"
            >
              <div>
                <span
                  class="emotion-13"
                >
                  <span
                    class="emotion-12"
                    role="img"
                    aria-label="round pushpin"
                  >
                    📍
                  </span>
                  <a
                    href="https://goo.gl/maps/V32mgjc37Q62"
                    class="emotion-70 emotion-62"
                  >
                    59901, 137 Peaceful Ln, Lakeside, MT 59922
                  </a>
                </span>
              </div>
              <div>
                <span
                  class="emotion-13"
                >
                  <span
                    class="emotion-12"
                    role="img"
                    aria-label="phone receiver"
                  >
                    📞
                  </span>
                  <a
                    href="tel:(406) 709-2202"
                    class="emotion-70 emotion-62"
                  >
                    (406) 709-2202
                  </a>
                </span>
              </div>
            </address>
          </div>
        </div>
      </div>
    </div>
  </section>
  <section
    id="foodList"
    aria-labelledby="foodList-description"
    class="emotion-92"
  >
    <div
      class="emotion-256 emotion-55"
    >
      <h1
        id="foodList-description"
        class="emotion-52 emotion-53"
      >
        <span
          class="emotion-13"
        >
          <span
            class="emotion-12"
            role="img"
            aria-label="burger"
          >
            🍔
          </span>
          Where to Eat?
        </span>
      </h1>
    </div>
    <div
      class="emotion-91"
    >
      <div
        class="emotion-248 emotion-249"
      >
        <div
          class="emotion-129 emotion-130"
        >
          <a
            href="https://www.facebook.com/glacier.perks.coffee/"
            rel="nofollow"
            class="emotion-258 emotion-115"
          />
          <div
            class="emotion-128"
          >
            <div
              class="emotion-58"
            >
              <a
                href="https://www.facebook.com/glacier.perks.coffee/"
                rel="nofollow"
                class="emotion-70 emotion-62"
              >
                Glacier Perks Coffee House
              </a>
            </div>
            <address
              class="emotion-127"
            >
              <div>
                <span
                  class="emotion-13"
                >
                  <span
                    class="emotion-12"
                    role="img"
                    aria-label="round pushpin"
                  >
                    📍
                  </span>
                  <a
                    href="https://goo.gl/maps/jugv4Y9a1cB2"
                    class="emotion-70 emotion-62"
                  >
                    7235 US Highway 93 S, Lakeside, MT 59922
                  </a>
                </span>
              </div>
              <div>
                <span
                  class="emotion-13"
                >
                  <span
                    class="emotion-12"
                    role="img"
                    aria-label="phone receiver"
                  >
                    📞
                  </span>
                  <a
                    href="tel:(406) 844-0908"
                    class="emotion-70 emotion-62"
                  >
                    (406) 844-0908
                  </a>
                </span>
              </div>
            </address>
          </div>
        </div>
        <div
          class="emotion-129 emotion-130"
        >
          <a
            href="http://www.farmhouselakeside.com"
            rel="nofollow"
            class="emotion-275 emotion-115"
          />
          <div
            class="emotion-128"
          >
            <div
              class="emotion-58"
            >
              <a
                href="http://www.farmhouselakeside.com"
                rel="nofollow"
                class="emotion-70 emotion-62"
              >
                The Farmhouse Restaurant
              </a>
            </div>
            <address
              class="emotion-127"
            >
              <div>
                <span
                  class="emotion-13"
                >
                  <span
                    class="emotion-12"
                    role="img"
                    aria-label="round pushpin"
                  >
                    📍
                  </span>
                  <a
                    href="https://goo.gl/maps/torto64XEY12"
                    class="emotion-70 emotion-62"
                  >
                    306 Stoner Loop, Lakeside, MT 59922
                  </a>
                </span>
              </div>
              <div>
                <span
                  class="emotion-13"
                >
                  <span
                    class="emotion-12"
                    role="img"
                    aria-label="phone receiver"
                  >
                    📞
                  </span>
                  <a
                    href="tel:(406) 844-0610"
                    class="emotion-70 emotion-62"
                  >
                    (406) 844-0610
                  </a>
                </span>
              </div>
            </address>
          </div>
        </div>
        <div
          class="emotion-129 emotion-130"
        >
          <a
            href="https://www.tamarackbrewing.com/lakeside"
            rel="nofollow"
            class="emotion-292 emotion-115"
          />
          <div
            class="emotion-128"
          >
            <div
              class="emotion-58"
            >
              <a
                href="https://www.tamarackbrewing.com/lakeside"
                rel="nofollow"
                class="emotion-70 emotion-62"
              >
                Tamarack Brewing Company
              </a>
            </div>
            <address
              class="emotion-127"
            >
              <div>
                <span
                  class="emotion-13"
                >
                  <span
                    class="emotion-12"
                    role="img"
                    aria-label="round pushpin"
                  >
                    📍
                  </span>
                  <a
                    href="https://goo.gl/maps/sTZ8XbjgAiG2"
                    class="emotion-70 emotion-62"
                  >
                    105 Blacktail Road, Lakeside, MT
                  </a>
                </span>
              </div>
              <div>
                <span
                  class="emotion-13"
                >
                  <span
                    class="emotion-12"
                    role="img"
                    aria-label="phone receiver"
                  >
                    📞
                  </span>
                  <a
                    href="tel:(406) 844-0244"
                    class="emotion-70 emotion-62"
                  >
                    (406) 844-0244
                  </a>
                </span>
              </div>
            </address>
          </div>
        </div>
        <div
          class="emotion-129 emotion-130"
        >
          <a
            href="https://www.facebook.com/homesteadcafebarandcasino/"
            rel="nofollow"
            class="emotion-309 emotion-115"
          />
          <div
            class="emotion-128"
          >
            <div
              class="emotion-58"
            >
              <a
                href="https://www.facebook.com/homesteadcafebarandcasino/"
                rel="nofollow"
                class="emotion-70 emotion-62"
              >
                Homestead Cafe
              </a>
            </div>
            <address
              class="emotion-127"
            >
              <div>
                <span
                  class="emotion-13"
                >
                  <span
                    class="emotion-12"
                    role="img"
                    aria-label="round pushpin"
                  >
                    📍
                  </span>
                  <a
                    href="https://goo.gl/maps/9YQK8DymPK52"
                    class="emotion-70 emotion-62"
                  >
                    7262 US Highway 93, Lakeside, MT 59922
                  </a>
                </span>
              </div>
              <div>
                <span
                  class="emotion-13"
                >
                  <span
                    class="emotion-12"
                    role="img"
                    aria-label="phone receiver"
                  >
                    📞
                  </span>
                  <a
                    href="tel:(406) 844-3926"
                    class="emotion-70 emotion-62"
                  >
                    (406) 844-3926
                  </a>
                </span>
              </div>
            </address>
          </div>
        </div>
        <div
          class="emotion-129 emotion-130"
        >
          <a
            href="https://www.dairyqueen.com/us-en/locator/Detail/?localechange=1&store-id=7001&"
            rel="nofollow"
            class="emotion-326 emotion-115"
          />
          <div
            class="emotion-128"
          >
            <div
              class="emotion-58"
            >
              <a
                href="https://www.dairyqueen.com/us-en/locator/Detail/?localechange=1&store-id=7001&"
                rel="nofollow"
                class="emotion-70 emotion-62"
              >
                Dairy Queen
              </a>
            </div>
            <address
              class="emotion-127"
            >
              <div>
                <span
                  class="emotion-13"
                >
                  <span
                    class="emotion-12"
                    role="img"
                    aria-label="round pushpin"
                  >
                    📍
                  </span>
                  <a
                    href="https://goo.gl/maps/LR9qrqDZ3DN2"
                    class="emotion-70 emotion-62"
                  >
                    7170 HWY 93 S, Lakeside, MT 59922
                  </a>
                </span>
              </div>
              <div>
                <span
                  class="emotion-13"
                >
                  <span
                    class="emotion-12"
                    role="img"
                    aria-label="phone receiver"
                  >
                    📞
                  </span>
                  <a
                    href="tel:(406) 844-3844"
                    class="emotion-70 emotion-62"
                  >
                    (406) 844-3844
                  </a>
                </span>
              </div>
            </address>
          </div>
        </div>
        <div
          class="emotion-129 emotion-130"
        >
          <a
            href="https://www.facebook.com/pages/Winchester-Steak-House/325894450829601"
            rel="nofollow"
            class="emotion-343 emotion-115"
          />
          <div
            class="emotion-128"
          >
            <div
              class="emotion-58"
            >
              <a
                href="https://www.facebook.com/pages/Winchester-Steak-House/325894450829601"
                rel="nofollow"
                class="emotion-70 emotion-62"
              >
                Winchester Steak House
              </a>
            </div>
            <address
              class="emotion-127"
            >
              <div>
                <span
                  class="emotion-13"
                >
                  <span
                    class="emotion-12"
                    role="img"
                    aria-label="round pushpin"
                  >
                    📍
                  </span>
                  <a
                    href="https://goo.gl/maps/RN46pwo4Be92"
                    class="emotion-70 emotion-62"
                  >
                    2205 US Highway 93 S, Kalispell, MT 59901
                  </a>
                </span>
              </div>
              <div>
                <span
                  class="emotion-13"
                >
                  <span
                    class="emotion-12"
                    role="img"
                    aria-label="phone receiver"
                  >
                    📞
                  </span>
                  <a
                    href="tel:(406) 257-8188"
                    class="emotion-70 emotion-62"
                  >
                    (406) 257-8188
                  </a>
                </span>
              </div>
            </address>
          </div>
        </div>
        <div
          class="emotion-129 emotion-130"
        >
          <a
            href="http://scottysmt.com"
            rel="nofollow"
            class="emotion-360 emotion-115"
          />
          <div
            class="emotion-128"
          >
            <div
              class="emotion-58"
            >
              <a
                href="http://scottysmt.com"
                rel="nofollow"
                class="emotion-70 emotion-62"
              >
                Scotty’s Bar
              </a>
            </div>
            <address
              class="emotion-127"
            >
              <div>
                <span
                  class="emotion-13"
                >
                  <span
                    class="emotion-12"
                    role="img"
                    aria-label="round pushpin"
                  >
                    📍
                  </span>
                  <a
                    href="https://goo.gl/maps/fpx285LR8JL2"
                    class="emotion-70 emotion-62"
                  >
                    2205 US Highway 93 S, Kalispell, MT 59901
                  </a>
                </span>
              </div>
              <div>
                <span
                  class="emotion-13"
                >
                  <span
                    class="emotion-12"
                    role="img"
                    aria-label="phone receiver"
                  >
                    📞
                  </span>
                  <a
                    href="tel:(406) 257-8188"
                    class="emotion-70 emotion-62"
                  >
                    (406) 257-8188
                  </a>
                </span>
              </div>
            </address>
          </div>
        </div>
      </div>
    </div>
  </section>
  <section
    id="activityList"
    aria-labelledby="activityList-description"
    class="emotion-92"
  >
    <div
      class="emotion-385 emotion-55"
    >
      <h1
        id="activityList-description"
        class="emotion-52 emotion-53"
      >
        <span
          class="emotion-13"
        >
          <span
            class="emotion-12"
            role="img"
            aria-label="biking woman"
          >
            🚴🏽‍♀️
          </span>
          What to Do?
        </span>
      </h1>
    </div>
    <div
      class="emotion-91"
    >
      <div
        class="emotion-248 emotion-249"
      >
        <div
          class="emotion-129 emotion-130"
        >
          <a
            href="https://www.nps.gov/glac/index.htm"
            rel="nofollow"
            class="emotion-387 emotion-115"
          />
          <div
            class="emotion-128"
          >
            <div
              class="emotion-58"
            >
              <a
                href="https://www.nps.gov/glac/index.htm"
                rel="nofollow"
                class="emotion-70 emotion-62"
              >
                Glacier National Park
              </a>
            </div>
            <address
              class="emotion-127"
            >
              <div>
                <span
                  class="emotion-13"
                >
                  <span
                    class="emotion-12"
                    role="img"
                    aria-label="round pushpin"
                  >
                    📍
                  </span>
                  <a
                    href="https://goo.gl/maps/SR32JLrbeb62"
                    class="emotion-70 emotion-62"
                  >
                    Glacier National Park, MT
                  </a>
                </span>
              </div>
              <div>
                <span
                  class="emotion-13"
                >
                  <span
                    class="emotion-12"
                    role="img"
                    aria-label="phone receiver"
                  >
                    📞
                  </span>
                  <a
                    href="tel:(406) 888-7800"
                    class="emotion-70 emotion-62"
                  >
                    (406) 888-7800
                  </a>
                </span>
              </div>
            </address>
          </div>
        </div>
        <div
          class="emotion-129 emotion-130"
        >
          <a
            href="https://flatheadlakeboattour.com/"
            rel="nofollow"
            class="emotion-404 emotion-115"
          />
          <div
            class="emotion-128"
          >
            <div
              class="emotion-58"
            >
              <a
                href="https://flatheadlakeboattour.com/"
                rel="nofollow"
                class="emotion-70 emotion-62"
              >
                Far West Boat Tours
              </a>
            </div>
            <p
              class="emotion-136"
            >
              Adults $22, Children 6–12: $10
            </p>
            <address
              class="emotion-127"
            >
              <div>
                <span
                  class="emotion-13"
                >
                  <span
                    class="emotion-12"
                    role="img"
                    aria-label="round pushpin"
                  >
                    📍
                  </span>
                  <a
                    href="https://goo.gl/maps/9eSbLLUZ58L2"
                    class="emotion-70 emotion-62"
                  >
                    Lakeside Marina, 7135 Hwy 93 South, Lakeside, MT 59922
                  </a>
                </span>
              </div>
              <div>
                <span
                  class="emotion-13"
                >
                  <span
                    class="emotion-12"
                    role="img"
                    aria-label="phone receiver"
                  >
                    📞
                  </span>
                  <a
                    href="tel:(406) 844-2628"
                    class="emotion-70 emotion-62"
                  >
                    (406) 844-2628
                  </a>
                </span>
              </div>
            </address>
          </div>
        </div>
        <div
          class="emotion-129 emotion-130"
        >
          <a
            href="http://www.spokeandpaddle.com"
            rel="nofollow"
            class="emotion-422 emotion-115"
          />
          <div
            class="emotion-128"
          >
            <div
              class="emotion-58"
            >
              <a
                href="http://www.spokeandpaddle.com"
                rel="nofollow"
                class="emotion-70 emotion-62"
              >
                Spoke & Paddle Outdoor Adventures
              </a>
            </div>
            <address
              class="emotion-127"
            >
              <div>
                <span
                  class="emotion-13"
                >
                  <span
                    class="emotion-12"
                    role="img"
                    aria-label="round pushpin"
                  >
                    📍
                  </span>
                  <a
                    href="https://goo.gl/maps/CJPCsbMfwdP2"
                    class="emotion-70 emotion-62"
                  >
                    10 Somers Rd, Somers, MT 59932
                  </a>
                </span>
              </div>
              <div>
                <span
                  class="emotion-13"
                >
                  <span
                    class="emotion-12"
                    role="img"
                    aria-label="phone receiver"
                  >
                    📞
                  </span>
                  <a
                    href="tel:(406) 393-2133"
                    class="emotion-70 emotion-62"
                  >
                    (406) 393-2133
                  </a>
                </span>
              </div>
            </address>
          </div>
        </div>
        <div
          class="emotion-129 emotion-130"
        >
          <a
            href="http://www.seamepaddle.com"
            rel="nofollow"
            class="emotion-439 emotion-115"
          />
          <div
            class="emotion-128"
          >
            <div
              class="emotion-58"
            >
              <a
                href="http://www.seamepaddle.com"
                rel="nofollow"
                class="emotion-70 emotion-62"
              >
                Sea Me Paddle Kayaking Tours
              </a>
            </div>
            <address
              class="emotion-127"
            >
              <div>
                <span
                  class="emotion-13"
                >
                  <span
                    class="emotion-12"
                    role="img"
                    aria-label="round pushpin"
                  >
                    📍
                  </span>
                  <a
                    href="https://goo.gl/maps/sJHiaKQe8zk"
                    class="emotion-70 emotion-62"
                  >
                    7220 Hwy 93 S #3, Lakeside,, MT 59922
                  </a>
                </span>
              </div>
              <div>
                <span
                  class="emotion-13"
                >
                  <span
                    class="emotion-12"
                    role="img"
                    aria-label="phone receiver"
                  >
                    📞
                  </span>
                  <a
                    href="tel:(406) 249-1153"
                    class="emotion-70 emotion-62"
                  >
                    (406) 249-1153
                  </a>
                </span>
              </div>
            </address>
          </div>
        </div>
        <div
          class="emotion-129 emotion-130"
        >
          <a
            href="https://glacierraftco.com"
            rel="nofollow"
            class="emotion-456 emotion-115"
          />
          <div
            class="emotion-128"
          >
            <div
              class="emotion-58"
            >
              <a
                href="https://glacierraftco.com"
                rel="nofollow"
                class="emotion-70 emotion-62"
              >
                Glacier Raft Company
              </a>
            </div>
            <address
              class="emotion-127"
            >
              <div>
                <span
                  class="emotion-13"
                >
                  <span
                    class="emotion-12"
                    role="img"
                    aria-label="round pushpin"
                  >
                    📍
                  </span>
                  <a
                    href="https://goo.gl/maps/cRRSk9WZ6ny"
                    class="emotion-70 emotion-62"
                  >
                    106 Going-To-The-Sun Rd, West Glacier, MT 59936
                  </a>
                </span>
              </div>
              <div>
                <span
                  class="emotion-13"
                >
                  <span
                    class="emotion-12"
                    role="img"
                    aria-label="phone receiver"
                  >
                    📞
                  </span>
                  <a
                    href="tel:(406) 888-5454"
                    class="emotion-70 emotion-62"
                  >
                    (406) 888-5454
                  </a>
                </span>
              </div>
            </address>
          </div>
        </div>
        <div
          class="emotion-129 emotion-130"
        >
          <a
            href="http://www.bigfork.org/contents/view/bigfork-montana-chamber"
            rel="nofollow"
            class="emotion-473 emotion-115"
          />
          <div
            class="emotion-128"
          >
            <div
              class="emotion-58"
            >
              <a
                href="http://www.bigfork.org/contents/view/bigfork-montana-chamber"
                rel="nofollow"
                class="emotion-70 emotion-62"
              >
                Bigfork
              </a>
            </div>
            <address
              class="emotion-127"
            >
              <div>
                <span
                  class="emotion-13"
                >
                  <span
                    class="emotion-12"
                    role="img"
                    aria-label="round pushpin"
                  >
                    📍
                  </span>
                  <a
                    href="https://goo.gl/maps/nd9GxmGTmJv"
                    class="emotion-70 emotion-62"
                  >
                    Bigfork, MT
                  </a>
                </span>
              </div>
            </address>
          </div>
        </div>
        <div
          class="emotion-129 emotion-130"
        >
          <a
            href="http://www.boatrentalsandrides.com"
            rel="nofollow"
            class="emotion-486 emotion-115"
          />
          <div
            class="emotion-128"
          >
            <div
              class="emotion-58"
            >
              <a
                href="http://www.boatrentalsandrides.com"
                rel="nofollow"
                class="emotion-70 emotion-62"
              >
                Boat Rentals and Rides
              </a>
            </div>
            <address
              class="emotion-127"
            >
              <div>
                <span
                  class="emotion-13"
                >
                  <span
                    class="emotion-12"
                    role="img"
                    aria-label="round pushpin"
                  >
                    📍
                  </span>
                  <a
                    href="https://goo.gl/maps/WvUwTE5xy882"
                    class="emotion-70 emotion-62"
                  >
                    44227 A St, Big Arm, MT 59910
                  </a>
                </span>
              </div>
              <div>
                <span
                  class="emotion-13"
                >
                  <span
                    class="emotion-12"
                    role="img"
                    aria-label="phone receiver"
                  >
                    📞
                  </span>
                  <a
                    href="tel:(406) 260-5090"
                    class="emotion-70 emotion-62"
                  >
                    (406) 260-5090
                  </a>
                </span>
              </div>
            </address>
          </div>
        </div>
        <div
          class="emotion-129 emotion-130"
        >
          <a
            href="http://www.flatheadlakesailing.com"
            rel="nofollow"
            class="emotion-503 emotion-115"
          />
          <div
            class="emotion-128"
          >
            <div
              class="emotion-58"
            >
              <a
                href="http://www.flatheadlakesailing.com"
                rel="nofollow"
                class="emotion-70 emotion-62"
              >
                Flathead Lake Sailing & Charters
              </a>
            </div>
            <address
              class="emotion-127"
            >
              <div>
                <span
                  class="emotion-13"
                >
                  <span
                    class="emotion-12"
                    role="img"
                    aria-label="round pushpin"
                  >
                    📍
                  </span>
                  <a
                    href="https://goo.gl/maps/nzUd172fAPr"
                    class="emotion-70 emotion-62"
                  >
                    150 Flathead Lodge Rd, Bigfork, MT 59911
                  </a>
                </span>
              </div>
              <div>
                <span
                  class="emotion-13"
                >
                  <span
                    class="emotion-12"
                    role="img"
                    aria-label="phone receiver"
                  >
                    📞
                  </span>
                  <a
                    href="tel:(406) 837-5569"
                    class="emotion-70 emotion-62"
                  >
                    (406) 837-5569
                  </a>
                </span>
              </div>
            </address>
          </div>
        </div>
        <div
          class="emotion-129 emotion-130"
        >
          <a
            href="http://www.wildhorseislandboattrips.com"
            rel="nofollow"
            class="emotion-520 emotion-115"
          />
          <div
            class="emotion-128"
          >
            <div
              class="emotion-58"
            >
              <a
                href="http://www.wildhorseislandboattrips.com"
                rel="nofollow"
                class="emotion-70 emotion-62"
              >
                WildHorse Island Boat Trips
              </a>
            </div>
            <address
              class="emotion-127"
            >
              <div>
                <span
                  class="emotion-13"
                >
                  <span
                    class="emotion-12"
                    role="img"
                    aria-label="round pushpin"
                  >
                    📍
                  </span>
                  <a
                    href="https://goo.gl/maps/Ni7GehCRdDR2"
                    class="emotion-70 emotion-62"
                  >
                    452 Grand Drive, Bigfork, MT 59911
                  </a>
                </span>
              </div>
              <div>
                <span
                  class="emotion-13"
                >
                  <span
                    class="emotion-12"
                    role="img"
                    aria-label="phone receiver"
                  >
                    📞
                  </span>
                  <a
                    href="tel:(406) 837-5617"
                    class="emotion-70 emotion-62"
                  >
                    (406) 837-5617
                  </a>
                </span>
              </div>
            </address>
          </div>
        </div>
      </div>
    </div>
  </section>
  <section
    id="contactUs"
    aria-labelledby="contactUs-description"
    class="emotion-92"
  >
    <div
      class="emotion-545 emotion-55"
    >
      <h1
        id="contactUs-description"
        class="emotion-52 emotion-53"
      >
        <span
          class="emotion-13"
        >
          <span
            class="emotion-12"
            role="img"
            aria-label="woman raising hand"
          >
            🙋🏻‍♀️
          </span>
          Questions?
        </span>
      </h1>
    </div>
    <div
      class="emotion-91"
    >
      <form
        action="https://formspree.io/birky50@damacy.net"
        method="POST"
        class="emotion-561 emotion-562"
      >
        <label
          for="contact_us_name"
          class="emotion-547 emotion-548"
        >
          Name
        </label>
        <input
          type="text"
          name="name"
          id="contact_us_name"
          placeholder="Your Name"
          required=""
          class="emotion-549 emotion-550"
        />
        <label
          for="contact_us_email"
          class="emotion-547 emotion-548"
        >
          Email
        </label>
        <input
          type="email"
          name="email"
          id="contact_us_email"
          placeholder="Your Email"
          required=""
          class="emotion-549 emotion-550"
        />
        <label
          for="contact_us_message"
          class="emotion-547 emotion-548"
        >
          Message
        </label>
        <textarea
          name="message"
          id="contact_us_message"
          placeholder="Message"
          rows="3"
          required=""
          class="emotion-557 emotion-558"
        />
        <input
          type="hidden"
          name="_subject"
          value="Birky 50th Anniversary Message"
        />
        <input
          type="hidden"
          name="_gotcha"
        />
        <button
          type="submit"
          class="emotion-559 emotion-560"
        >
          Send
        </button>
      </form>
    </div>
  </section>
</div>
`;
