// Jest Snapshot v1, https://goo.gl/fbAQLP

exports[`App renders 1`] = `
.emotion-10 {
  background-image: url(header-background.png);
  background-color: hsl(243,68%,16%);
  background-size: 100%;
  background-repeat: no-repeat;
  padding: 18px 18px;
  padding-bottom: 30px;
}

@media (min-width:75em) {
  .emotion-10 {
    padding-bottom: 60px;
  }
}

.emotion-0 {
  font-family: "Playfair Display";
  font-weight: normal;
  color: hsl(243,68%,95%);
  margin: 0 0 0.5em;
  font-size: 13vw;
}

@media (min-width:36em) {
  .emotion-0 {
    font-size: 9vw;
  }
}

@media (min-width:48em) {
  .emotion-0 {
    font-size: 6vw;
  }
}

@media (min-width:62em) {
  .emotion-0 {
    font-size: 5vw;
  }
}

@media (min-width:75em) {
  .emotion-0 {
    font-size: 4vw;
  }
}

.emotion-2 {
  color: hsl(243,68%,85%);
  font-size: 1.1rem;
  margin: 1.3499999999999999rem 0;
}

@media (min-width:36em) {
  .emotion-2 {
    font-size: 1.25rem;
    margin: 1.125rem 0;
  }
}

.emotion-8 {
  padding-top: 0.275rem;
}

@media (min-width:36em) {
  .emotion-8 {
    padding-top: 0.3125rem;
  }
}

.emotion-6 {
  border-radius: 0.25rem;
  box-shadow: 0 3px 8px 0 hsla(0,0%,0%,0.15);
  display: inline-block;
  font-size: 1rem;
  text-align: center;
  vertical-align: middle;
  -webkit-text-decoration: none;
  text-decoration: none;
  padding: 0.625rem 1.125rem;
  border: 0;
  font-size: 1.25rem;
  padding: 0.5rem 1.125rem;
  background-color: hsl(328,85%,48%);
  color: hsl(328,85%,95%);
  width: auto;
}

.emotion-14 {
  display: inline-block;
  border-bottom: 4px solid hsl(48,93%,47%);
  padding-bottom: 0.1875em;
}

.emotion-19 {
  display: inline-block;
  border-bottom: 4px solid hsl(199,71%,51%);
  padding-bottom: 0.1875em;
}

.emotion-24 {
  display: inline-block;
  border-bottom: 4px solid hsl(335,82%,70%);
  padding-bottom: 0.1875em;
}

.emotion-29 {
  display: inline-block;
  border-bottom: 4px solid hsl(30,83%,65%);
  padding-bottom: 0.1875em;
}

.emotion-34 {
  display: inline-block;
  border-bottom: 4px solid hsl(354,63%,51%);
  padding-bottom: 0.1875em;
}

.emotion-39 {
  display: inline-block;
  border-bottom: 4px solid hsl(288,50%,48%);
  padding-bottom: 0.1875em;
}

.emotion-42 {
  display: -webkit-box;
  display: -webkit-flex;
  display: -ms-flexbox;
  display: flex;
  -webkit-flex-wrap: wrap;
  -ms-flex-wrap: wrap;
  flex-wrap: wrap;
  -webkit-box-pack: space-around;
  -webkit-justify-content: space-around;
  -ms-flex-pack: space-around;
  justify-content: space-around;
  list-style-type: none;
  padding: 0.375rem 0 0.75rem;
  margin: 0;
}

.emotion-15 {
  color: hsl(44,56%,32%);
  -webkit-text-decoration: none;
  text-decoration: none;
  display: block;
  font-size: 1.25rem;
  padding: 0.75rem 1.125rem;
}

.emotion-13 {
  display: -webkit-box;
  display: -webkit-flex;
  display: -ms-flexbox;
  display: flex;
  -webkit-align-items: baseline;
  -webkit-box-align: baseline;
  -ms-flex-align: baseline;
  align-items: baseline;
}

.emotion-12 {
  font-family: "Segoe UI Emoji";
  margin-right: 0.25em;
}

.emotion-87 {
  padding: 12px 24px 0;
}

.emotion-88 {
  padding: 0 0 24px;
}

.emotion-48 {
  border-top: 8px solid hsl(48,93%,47%);
  position: -webkit-sticky;
  position: sticky;
  top: 0;
  background-color: hsla(0,0%,100%,0.8);
  padding: 15px 24px;
}

@media (max-width:21.875em) {
  .emotion-48 {
    padding: 12px 24px;
  }
}

.emotion-46 {
  font-weight: normal;
  margin: 0 0;
  font-size: 1.75rem;
}

@media (max-width:21.875em) {
  .emotion-46 {
    font-size: 1.5rem;
  }
}

.emotion-52 {
  font-weight: bold;
}

.emotion-77 {
  grid-column: 1 / 3;
  padding: 0;
  margin-top: 2.25em;
}

@media (min-width:63.125em) {
  .emotion-85 {
    display: grid;
    grid-template-columns: 1fr 2fr;
    grid-column-gap: 1.125rem;
  }
}

@media (min-width:36.875em) {
  .emotion-80 {
    display: grid;
    grid-template-columns: 1fr 1fr;
    grid-column-gap: 10vw;
  }
}

@media (min-width:63.125em) {
  .emotion-80 {
    display: block;
  }
}

.emotion-50 {
  font-size: 1rem;
  font-weight: normal;
  color: hsl(0,0%,29%);
  margin: 0 0 0;
}

.emotion-57 a,
.emotion-57 p {
  display: block;
  margin: 0.75em 0 0;
}

.emotion-55 {
  color: hsl(44,56%,32%);
  -webkit-text-decoration: none;
  text-decoration: none;
  display: inline-block;
}

.emotion-59 {
  font-size: 1rem;
  font-weight: normal;
  color: hsl(0,0%,29%);
  margin: 0 0 0;
  margin-top: 2.25em;
}

@media (min-width:36.875em) {
  .emotion-59 {
    margin-top: 0;
  }
}

@media (min-width:63.125em) {
  .emotion-59 {
    margin-top: 2.25em;
  }
}

.emotion-61 {
  color: hsl(44,56%,32%);
  -webkit-text-decoration: none;
  text-decoration: none;
  font-weight: bold;
}

.emotion-64 {
  color: hsl(44,56%,32%);
  -webkit-text-decoration: none;
  text-decoration: none;
}

.emotion-73 {
  color: hsl(0,0%,45%);
  margin-left: 1.5rem;
}

.emotion-78 {
  border-radius: 0.25rem;
  box-shadow: 0 3px 8px 0 hsla(0,0%,0%,0.15);
  display: inline-block;
  font-size: 1rem;
  text-align: center;
  vertical-align: middle;
  -webkit-text-decoration: none;
  text-decoration: none;
  padding: 0.625rem 1.125rem;
  border: 0;
  font-size: 1.25rem;
  padding: 0.5rem 1.125rem;
  background-color: hsl(328,85%,48%);
  color: hsl(328,85%,95%);
  width: 100%;
  grid-column: 1 / 3;
  margin-top: 0.375rem;
}

.emotion-83 {
  margin-top: 1.5rem;
}

@media (min-width:63.125em) {
  .emotion-83 {
    margin-top: 0px;
  }
}

.emotion-82 {
  box-shadow: 0 2px 6px 0 hsla(0,0%,0%,0.2);
  width: 100%;
  border: 0;
}

.emotion-93 {
  border-top: 8px solid hsl(199,71%,51%);
  position: -webkit-sticky;
  position: sticky;
  top: 0;
  background-color: hsla(0,0%,100%,0.8);
  padding: 15px 24px;
}

@media (max-width:21.875em) {
  .emotion-93 {
    padding: 12px 24px;
  }
}

.emotion-99 {
  color: hsl(0,0%,45%);
}

.emotion-107 {
  border-top: 8px solid hsl(335,82%,70%);
  position: -webkit-sticky;
  position: sticky;
  top: 0;
  background-color: hsla(0,0%,100%,0.8);
  padding: 15px 24px;
}

@media (max-width:21.875em) {
  .emotion-107 {
    padding: 12px 24px;
  }
}

.emotion-267 {
  display: grid;
  grid-gap: 1.5rem;
  margin-bottom: 0.75em;
  grid-template-columns: repeat(3,1fr);
}

.emotion-126 {
  margin: 0.75rem;
}

.emotion-125 > * {
  margin-top: 0.75rem;
}

.emotion-127 {
  border-radius: 0.25rem;
  box-shadow: 0 2px 6px 0 hsla(0,0%,0%,0.2);
}

.emotion-111 {
  border-radius: 0.25rem;
  border-bottom-left-radius: 0;
  border-bottom-right-radius: 0;
}

.emotion-109 {
  border-radius: 0.25rem;
  border-bottom-left-radius: 0;
  border-bottom-right-radius: 0;
  width: 100%;
  height: 12rem;
  object-fit: cover;
}

.emotion-115 {
  font-weight: bold;
}

.emotion-137 {
  margin: 0.75rem 0 0;
  color: hsl(0,0%,45%);
}

.emotion-275 {
  border-top: 8px solid hsl(30,83%,65%);
  position: -webkit-sticky;
  position: sticky;
  top: 0;
  background-color: hsla(0,0%,100%,0.8);
  padding: 15px 24px;
}

@media (max-width:21.875em) {
  .emotion-275 {
    padding: 12px 24px;
  }
}

.emotion-425 {
  border-top: 8px solid hsl(354,63%,51%);
  position: -webkit-sticky;
  position: sticky;
  top: 0;
  background-color: hsla(0,0%,100%,0.8);
  padding: 15px 24px;
}

@media (max-width:21.875em) {
  .emotion-425 {
    padding: 12px 24px;
  }
}

.emotion-612 {
  border-top: 8px solid hsl(288,50%,48%);
  position: -webkit-sticky;
  position: sticky;
  top: 0;
  background-color: hsla(0,0%,100%,0.8);
  padding: 15px 24px;
}

@media (max-width:21.875em) {
  .emotion-612 {
    padding: 12px 24px;
  }
}

@media (min-width:37.5em) {
  .emotion-628 {
    display: grid;
    grid-template-columns: 5.25rem 30rem;
    grid-row-gap: 1.125rem;
  }
}

@media (min-width:37.5em) {
  .emotion-614 {
    margin-top: 0.375rem;
  }
}

.emotion-616 {
  border-radius: 0.25rem;
  font: 1rem "Libre Franklin",sans-serif;
  line-height: 1.5;
  padding: 0.375rem 0.75rem;
  border: 1px solid hsla(0,0%,0%,0.16);
  box-shadow: inset 0 2px 4px 0 hsla(0,0%,0%,0.08);
  -webkit-appearance: none;
  display: block;
  width: 100%;
  margin: 0.5rem 0 1.625rem;
}

@media (min-width:37.5em) {
  .emotion-616 {
    width: auto;
    margin: 0;
  }
}

.emotion-624 {
  border-radius: 0.25rem;
  font: 1rem "Libre Franklin",sans-serif;
  line-height: 1.5;
  padding: 0.375rem 0.75rem;
  border: 1px solid hsla(0,0%,0%,0.16);
  box-shadow: inset 0 2px 4px 0 hsla(0,0%,0%,0.08);
  -webkit-appearance: none;
  display: block;
  width: 100%;
  margin: 0.5rem 0 1.625rem;
}

@media (min-width:37.5em) {
  .emotion-624 {
    width: auto;
    margin: 0;
  }
}

.emotion-626 {
  border-radius: 0.25rem;
  box-shadow: 0 3px 8px 0 hsla(0,0%,0%,0.15);
  display: inline-block;
  font-size: 1rem;
  text-align: center;
  vertical-align: middle;
  -webkit-text-decoration: none;
  text-decoration: none;
  padding: 0.625rem 1.125rem;
  border: 0;
  grid-column-start: 2;
  justify-self: start;
  cursor: pointer;
  color: hsl(288,50%,48%);
  border: 4px solid hsl(288,50%,78%);
  background-color: transparent;
  width: 6em;
}

<div>
  <header
    aria-label="Event header"
    style="background-position-x: 0px; background-position-y: -61.44px;"
    class="emotion-10 emotion-11"
  >
    <h1
      class="emotion-0 emotion-1"
    >
      Sam & Sue’s 50th Anniversary
    </h1>
    <p
      class="emotion-2 emotion-3"
    >
      Saturday, June 23, 2018
    </p>
    <p
      class="emotion-2 emotion-3"
    >
      Somers, Montana
    </p>
    <div
      class="emotion-8 emotion-9"
    >
      <a
        href="https://goo.gl/forms/SKdVBcUt7LUQmP1K2"
        class="emotion-6 emotion-7"
      >
        RSVP
      </a>
    </div>
  </header>
  <nav>
    <ul
      class="emotion-42 emotion-43"
    >
      <li>
        <a
          href="#event"
          class="emotion-15 emotion-16"
        >
          <span
            class="emotion-14"
          >
            <span
              class="emotion-13"
            >
              <span
                class="emotion-12"
                role="img"
                aria-label="party hat"
              >
                🎉
              </span>
              Details
            </span>
          </span>
        </a>
      </li>
      <li>
        <a
          href="#airport"
          class="emotion-15 emotion-16"
        >
          <span
            class="emotion-19"
          >
            <span
              class="emotion-13"
            >
              <span
                class="emotion-12"
                role="img"
                aria-label="airplane"
              >
                ✈️
              </span>
              Airport
            </span>
          </span>
        </a>
      </li>
      <li>
        <a
          href="#lodgingList"
          class="emotion-15 emotion-16"
        >
          <span
            class="emotion-24"
          >
            <span
              class="emotion-13"
            >
              <span
                class="emotion-12"
                role="img"
                aria-label="hotel"
              >
                🏩
              </span>
              Lodging
            </span>
          </span>
        </a>
      </li>
      <li>
        <a
          href="#foodList"
          class="emotion-15 emotion-16"
        >
          <span
            class="emotion-29"
          >
            <span
              class="emotion-13"
            >
              <span
                class="emotion-12"
                role="img"
                aria-label="burger"
              >
                🍔
              </span>
              Food
            </span>
          </span>
        </a>
      </li>
      <li>
        <a
          href="#activityList"
          class="emotion-15 emotion-16"
        >
          <span
            class="emotion-34"
          >
            <span
              class="emotion-13"
            >
              <span
                class="emotion-12"
                role="img"
                aria-label="biking woman"
              >
                🚴🏽‍♀️
              </span>
              Activities
            </span>
          </span>
        </a>
      </li>
      <li>
        <a
          href="#contactUs"
          class="emotion-15 emotion-16"
        >
          <span
            class="emotion-39"
          >
            <span
              class="emotion-13"
            >
              <span
                class="emotion-12"
                role="img"
                aria-label="woman raising hand"
              >
                🙋🏻‍♀️
              </span>
              Questions?
            </span>
          </span>
        </a>
      </li>
    </ul>
  </nav>
  <main
    id="event"
    aria-labelledby="event-description"
    class="emotion-88"
  >
    <div
      color="hsl(48, 93%, 47%)"
      class="emotion-48 emotion-49"
    >
      <h1
        id="event-description"
        class="emotion-46 emotion-47"
      >
        <span
          class="emotion-13"
        >
          <span
            class="emotion-12"
            role="img"
            aria-label="party hat"
          >
            🎉
          </span>
          Celebration Details
        </span>
      </h1>
    </div>
    <div
      class="emotion-87"
    >
      <div
        class="emotion-85 emotion-86"
      >
        <div
          class="emotion-80 emotion-81"
        >
          <div>
            <h2
              class="emotion-50 emotion-51"
            >
              When?
            </h2>
            <div
              class="emotion-57 emotion-58"
            >
              <p
                class="emotion-52"
              >
                <time
                  datetime="2018-06-23 16:00"
                >
                  Saturday, June 23, 2018
                </time>
              </p>
              <p>
                Starts at 4:00pm, dinner buffet at 5:00pm
              </p>
              <a
                href="event.ics"
                class="emotion-55 emotion-56"
                download=""
              >
                <span
                  class="emotion-13"
                >
                  <span
                    class="emotion-12"
                    role="img"
                    aria-label="calendar"
                  >
                    📆
                  </span>
                  Add to calendar
                </span>
              </a>
            </div>
          </div>
          <div>
            <h2
              class="emotion-59 emotion-51"
            >
              Where?
            </h2>
            <div
              class="emotion-57 emotion-58"
            >
              <a
                href="http://vistalindacatering.com/"
                rel="nofollow"
                class="emotion-61 emotion-56"
              >
                Vista Linda Mexican & Catering
              </a>
              <address>
                <div>
                  <span
                    class="emotion-13"
                  >
                    <span
                      class="emotion-12"
                      role="img"
                      aria-label="round pushpin"
                    >
                      📍
                    </span>
                    <a
                      href="https://goo.gl/maps/THRyvih62562"
                      class="emotion-64 emotion-56"
                    >
                      240 Boon Rd, Somers, MT 59932
                    </a>
                  </span>
                </div>
                <div>
                  <span
                    class="emotion-13"
                  >
                    <span
                      class="emotion-12"
                      role="img"
                      aria-label="phone receiver"
                    >
                      📞
                    </span>
                    <a
                      href="tel:(406) 857-3158"
                      class="emotion-64 emotion-56"
                    >
                      (406) 857-3158
                    </a>
                  </span>
                </div>
              </address>
            </div>
          </div>
          <ul
            class="emotion-77"
          >
            <li
              class="emotion-73 emotion-74"
            >
              Event will take place outdoors in a covered pavilion
            </li>
            <li
              class="emotion-73 emotion-74"
            >
              Dressy casual attire
            </li>
          </ul>
          <a
            href="https://goo.gl/forms/SKdVBcUt7LUQmP1K2"
            width="100%"
            class="emotion-78 emotion-7"
          >
            RSVP
          </a>
        </div>
        <div
          class="emotion-83 emotion-84"
        >
          <div>
            <iframe
              src="https://www.google.com/maps/embed?pb=!1m18!1m12!1m3!1d2665.5868734347823!2d-114.24015338435312!3d48.07961667921895!2m3!1f0!2f0!3f0!3m2!1i1024!2i768!4f13.1!3m3!1m2!1s0x5366535871876905%3A0x3088f2289bea6c!2sVista+Linda+Mexican+%26+Catering!5e0!3m2!1sen!2sus!4v1520397563655"
              title="map"
              height="300"
              allowfullscreen=""
              class="emotion-82"
            />
          </div>
        </div>
      </div>
    </div>
  </main>
  <section
    id="airport"
    aria-labelledby="airport-description"
    class="emotion-88"
  >
    <div
      color="hsl(199, 71%, 51%)"
      class="emotion-93 emotion-49"
    >
      <h1
        id="airport-description"
        class="emotion-46 emotion-47"
      >
        <span
          class="emotion-13"
        >
          <span
            class="emotion-12"
            role="img"
            aria-label="airplane"
          >
            ✈️
          </span>
          Where to Fly Into?
        </span>
      </h1>
    </div>
    <div
      class="emotion-87"
    >
      <span
        class="emotion-13"
      >
        <span
          class="emotion-12"
          role="img"
          aria-label="flight arrival"
        >
          🛬
        </span>
        <a
          href="http://www.iflyglacier.com"
          rel="nofollow"
          class="emotion-64 emotion-56"
        >
          Glacier Park International Airport
        </a>
      </span>
      <p>
        <span
          class="emotion-99"
        >
          Code:
        </span>
        <span
          class="emotion-52"
        >
          FCA
        </span>
      </p>
    </div>
  </section>
  <section
    id="lodgingList"
    aria-labelledby="lodgingList-description"
    class="emotion-88"
  >
    <div
      color="hsl(335, 82%, 70%)"
      class="emotion-107 emotion-49"
    >
      <h1
        id="lodgingList-description"
        class="emotion-46 emotion-47"
      >
        <span
          class="emotion-13"
        >
          <span
            class="emotion-12"
            role="img"
            aria-label="hotel"
          >
            🏩
          </span>
          Where to Stay?
        </span>
      </h1>
    </div>
    <div
      class="emotion-87"
    >
      <div
        class="emotion-267 emotion-268"
      >
        <div
          class="emotion-127 emotion-128"
        >
          <a
            href="http://outlookinnbandb.com"
            rel="nofollow"
            class="emotion-111 emotion-112"
          >
            <img
              src="https://lh5.googleusercontent.com/p/AF1QipP6DfmJnGhCT_brALxXqoV-ldPxWuavT-KKvPPe=w408-h273-k-no"
              alt="Outlook Inn Bed and Breakfast"
              class="emotion-109 emotion-110"
            />
          </a>
          <div
            class="emotion-126"
          >
            <div
              class="emotion-115 emotion-116"
            >
              <a
                href="http://outlookinnbandb.com"
                rel="nofollow"
                class="emotion-64 emotion-56"
              >
                Outlook Inn Bed and Breakfast
              </a>
            </div>
            <address
              class="emotion-125"
            >
              <div>
                <span
                  class="emotion-13"
                >
                  <span
                    class="emotion-12"
                    role="img"
                    aria-label="round pushpin"
                  >
                    📍
                  </span>
                  <a
                    href="https://goo.gl/maps/am3u2e5nG9Q2"
                    class="emotion-64 emotion-56"
                  >
                    175 Boon Rd, Somers, MT 59932
                  </a>
                </span>
              </div>
              <div>
                <span
                  class="emotion-13"
                >
                  <span
                    class="emotion-12"
                    role="img"
                    aria-label="phone receiver"
                  >
                    📞
                  </span>
                  <a
                    href="tel:(406) 857-2060"
                    class="emotion-64 emotion-56"
                  >
                    (406) 857-2060
                  </a>
                </span>
              </div>
            </address>
          </div>
        </div>
        <div
          class="emotion-127 emotion-128"
        >
          <a
            href="http://bestwesternflatheadlake.com"
            rel="nofollow"
            class="emotion-111 emotion-112"
          >
            <img
              src="https://lh3.ggpht.com/p/AF1QipPl0yDkYjiWoiJL-9HYuu832fm2Yj02m71GcsNf=s1536"
              alt="Best Western Plus Flathead Lake Inn and Suites"
              class="emotion-109 emotion-110"
            />
          </a>
          <div
            class="emotion-126"
          >
            <div
              class="emotion-115 emotion-116"
            >
              <a
                href="http://bestwesternflatheadlake.com"
                rel="nofollow"
                class="emotion-64 emotion-56"
              >
                Best Western Plus Flathead Lake Inn and Suites
              </a>
            </div>
            <p
              class="emotion-137"
            >
              $199–$219
            </p>
            <address
              class="emotion-125"
            >
              <div>
                <span
                  class="emotion-13"
                >
                  <span
                    class="emotion-12"
                    role="img"
                    aria-label="round pushpin"
                  >
                    📍
                  </span>
                  <a
                    href="https://goo.gl/maps/GshRHRYWWHT2"
                    class="emotion-64 emotion-56"
                  >
                    4824 US Highway 93 S, Kalispell, MT 59901
                  </a>
                </span>
              </div>
              <div>
                <span
                  class="emotion-13"
                >
                  <span
                    class="emotion-12"
                    role="img"
                    aria-label="phone receiver"
                  >
                    📞
                  </span>
                  <a
                    href="tel:(406) 857-2400"
                    class="emotion-64 emotion-56"
                  >
                    (406) 857-2400
                  </a>
                </span>
              </div>
            </address>
          </div>
        </div>
        <div
          class="emotion-127 emotion-128"
        >
          <a
            href="http://hiltongardeninn3.hilton.com/en/hotels/montana/hilton-garden-inn-kalispell-FCAKSGI/index.html"
            rel="nofollow"
            class="emotion-111 emotion-112"
          >
            <img
              src="https://lh5.googleusercontent.com/p/AF1QipMoJX1_n9nNn6tHnv6tNXQo9DG78AxOpHYoTM2x=w408-h271-k-no"
              alt="Hilton Garden Inn Kalispell"
              class="emotion-109 emotion-110"
            />
          </a>
          <div
            class="emotion-126"
          >
            <div
              class="emotion-115 emotion-116"
            >
              <a
                href="http://hiltongardeninn3.hilton.com/en/hotels/montana/hilton-garden-inn-kalispell-FCAKSGI/index.html"
                rel="nofollow"
                class="emotion-64 emotion-56"
              >
                Hilton Garden Inn Kalispell
              </a>
            </div>
            <address
              class="emotion-125"
            >
              <div>
                <span
                  class="emotion-13"
                >
                  <span
                    class="emotion-12"
                    role="img"
                    aria-label="round pushpin"
                  >
                    📍
                  </span>
                  <a
                    href="https://goo.gl/maps/ZdHX7Scv3Z22"
                    class="emotion-64 emotion-56"
                  >
                    1840 Highway 93 South, Kalispell, MT, 59901
                  </a>
                </span>
              </div>
              <div>
                <span
                  class="emotion-13"
                >
                  <span
                    class="emotion-12"
                    role="img"
                    aria-label="phone receiver"
                  >
                    📞
                  </span>
                  <a
                    href="tel:(406) 756-4500"
                    class="emotion-64 emotion-56"
                  >
                    (406) 756-4500
                  </a>
                </span>
              </div>
            </address>
          </div>
        </div>
        <div
          class="emotion-127 emotion-128"
        >
          <a
            href="http://www.somersbaycabins.com"
            rel="nofollow"
            class="emotion-111 emotion-112"
          >
            <img
              src="https://cdn.ostrovok.ru/t/1024x768/mec/hotels/8000000/7120000/7118600/7118558/7118558_15_b.jpg"
              alt="Somer’s Bay Log Cabin"
              class="emotion-109 emotion-110"
            />
          </a>
          <div
            class="emotion-126"
          >
            <div
              class="emotion-115 emotion-116"
            >
              <a
                href="http://www.somersbaycabins.com"
                rel="nofollow"
                class="emotion-64 emotion-56"
              >
                Somer’s Bay Log Cabin
              </a>
            </div>
            <address
              class="emotion-125"
            >
              <div>
                <span
                  class="emotion-13"
                >
                  <span
                    class="emotion-12"
                    role="img"
                    aria-label="round pushpin"
                  >
                    📍
                  </span>
                  <a
                    href="https://goo.gl/maps/BbkY5V9RMDw"
                    class="emotion-64 emotion-56"
                  >
                    5496 Highway 93 South, Somers, MT 59932
                  </a>
                </span>
              </div>
            </address>
          </div>
        </div>
        <div
          class="emotion-127 emotion-128"
        >
          <a
            href="http://www.fairbridgeinns.com/Booking_Platform/#/fairbridge/new/20160528012100"
            rel="nofollow"
            class="emotion-111 emotion-112"
          >
            <img
              src="https://lh3.ggpht.com/p/AF1QipMwGIaY-rFy-uL4pYwy2zgApjQdN9ZJiCn_ZYSj=s1024"
              alt="FairBridge Inn & Suites"
              class="emotion-109 emotion-110"
            />
          </a>
          <div
            class="emotion-126"
          >
            <div
              class="emotion-115 emotion-116"
            >
              <a
                href="http://www.fairbridgeinns.com/Booking_Platform/#/fairbridge/new/20160528012100"
                rel="nofollow"
                class="emotion-64 emotion-56"
              >
                FairBridge Inn & Suites
              </a>
            </div>
            <p
              class="emotion-137"
            >
              $129–$159
            </p>
            <address
              class="emotion-125"
            >
              <div>
                <span
                  class="emotion-13"
                >
                  <span
                    class="emotion-12"
                    role="img"
                    aria-label="round pushpin"
                  >
                    📍
                  </span>
                  <a
                    href="https://goo.gl/maps/5rr3juZy5Yz"
                    class="emotion-64 emotion-56"
                  >
                    1701 Highway 93 South, Kalispell, MT, 59901
                  </a>
                </span>
              </div>
              <div>
                <span
                  class="emotion-13"
                >
                  <span
                    class="emotion-12"
                    role="img"
                    aria-label="phone receiver"
                  >
                    📞
                  </span>
                  <a
                    href="tel:(406) 755-6100"
                    class="emotion-64 emotion-56"
                  >
                    (406) 755-6100
                  </a>
                </span>
              </div>
            </address>
          </div>
        </div>
        <div
          class="emotion-127 emotion-128"
        >
          <a
            href="http://sunrisevistainn.weebly.com"
            rel="nofollow"
            class="emotion-111 emotion-112"
          >
            <img
              src="http://sunrisevistainn.weebly.com/uploads/5/3/4/1/53416569/8098879_orig.jpg"
              alt="Sunrise Vista Inn"
              class="emotion-109 emotion-110"
            />
          </a>
          <div
            class="emotion-126"
          >
            <div
              class="emotion-115 emotion-116"
            >
              <a
                href="http://sunrisevistainn.weebly.com"
                rel="nofollow"
                class="emotion-64 emotion-56"
              >
                Sunrise Vista Inn
              </a>
            </div>
            <address
              class="emotion-125"
            >
              <div>
                <span
                  class="emotion-13"
                >
                  <span
                    class="emotion-12"
                    role="img"
                    aria-label="round pushpin"
                  >
                    📍
                  </span>
                  <a
                    href="https://goo.gl/maps/mQ1WixYQD142"
                    class="emotion-64 emotion-56"
                  >
                    7005 Highway 93 S, Lakeside, MT 59922
                  </a>
                </span>
              </div>
              <div>
                <span
                  class="emotion-13"
                >
                  <span
                    class="emotion-12"
                    role="img"
                    aria-label="phone receiver"
                  >
                    📞
                  </span>
                  <a
                    href="tel:(406) 844-0231"
                    class="emotion-64 emotion-56"
                  >
                    (406) 844-0231
                  </a>
                </span>
              </div>
            </address>
          </div>
        </div>
        <div
          class="emotion-127 emotion-128"
        >
          <a
            href="http://edgewaterrv.com"
            rel="nofollow"
            class="emotion-111 emotion-112"
          >
            <img
              src="http://www.passportamerica.com/img/campgrounds/3358/CG-3278_4.png"
              alt="Edgewater RV Resort & Motel"
              class="emotion-109 emotion-110"
            />
          </a>
          <div
            class="emotion-126"
          >
            <div
              class="emotion-115 emotion-116"
            >
              <a
                href="http://edgewaterrv.com"
                rel="nofollow"
                class="emotion-64 emotion-56"
              >
                Edgewater RV Resort & Motel
              </a>
            </div>
            <address
              class="emotion-125"
            >
              <div>
                <span
                  class="emotion-13"
                >
                  <span
                    class="emotion-12"
                    role="img"
                    aria-label="round pushpin"
                  >
                    📍
                  </span>
                  <a
                    href="https://goo.gl/maps/tVCfyofRppH2"
                    class="emotion-64 emotion-56"
                  >
                    7140 US-93, Lakeside, MT 59922
                  </a>
                </span>
              </div>
              <div>
                <span
                  class="emotion-13"
                >
                  <span
                    class="emotion-12"
                    role="img"
                    aria-label="phone receiver"
                  >
                    📞
                  </span>
                  <a
                    href="tel:(406) 844-3644"
                    class="emotion-64 emotion-56"
                  >
                    (406) 844-3644
                  </a>
                </span>
              </div>
            </address>
          </div>
        </div>
        <div
          class="emotion-127 emotion-128"
        >
          <a
            href="http://www.peacefulbayresort.com"
            rel="nofollow"
            class="emotion-111 emotion-112"
          >
            <img
              src="http://www.peacefulbayresort.com/assets/img/PBR-Hero3.jpg"
              alt="Peaceful Bay Resort & Club"
              class="emotion-109 emotion-110"
            />
          </a>
          <div
            class="emotion-126"
          >
            <div
              class="emotion-115 emotion-116"
            >
              <a
                href="http://www.peacefulbayresort.com"
                rel="nofollow"
                class="emotion-64 emotion-56"
              >
                Peaceful Bay Resort & Club
              </a>
            </div>
            <address
              class="emotion-125"
            >
              <div>
                <span
                  class="emotion-13"
                >
                  <span
                    class="emotion-12"
                    role="img"
                    aria-label="round pushpin"
                  >
                    📍
                  </span>
                  <a
                    href="https://goo.gl/maps/V32mgjc37Q62"
                    class="emotion-64 emotion-56"
                  >
                    59901, 137 Peaceful Ln, Lakeside, MT 59922
                  </a>
                </span>
              </div>
              <div>
                <span
                  class="emotion-13"
                >
                  <span
                    class="emotion-12"
                    role="img"
                    aria-label="phone receiver"
                  >
                    📞
                  </span>
                  <a
                    href="tel:(406) 709-2202"
                    class="emotion-64 emotion-56"
                  >
                    (406) 709-2202
                  </a>
                </span>
              </div>
            </address>
          </div>
        </div>
      </div>
    </div>
  </section>
  <section
    id="foodList"
    aria-labelledby="foodList-description"
    class="emotion-88"
  >
    <div
      color="hsl(30, 83%, 65%)"
      class="emotion-275 emotion-49"
    >
      <h1
        id="foodList-description"
        class="emotion-46 emotion-47"
      >
        <span
          class="emotion-13"
        >
          <span
            class="emotion-12"
            role="img"
            aria-label="burger"
          >
            🍔
          </span>
          Where to Eat?
        </span>
      </h1>
    </div>
    <div
      class="emotion-87"
    >
      <div
        class="emotion-267 emotion-268"
      >
        <div
          class="emotion-127 emotion-128"
        >
          <a
            href="https://www.facebook.com/glacier.perks.coffee/"
            rel="nofollow"
            class="emotion-111 emotion-112"
          >
            <img
              src="https://lh5.googleusercontent.com/p/AF1QipNWYhfT5pFGozkX93Vy4k6xyOtuTTOgxU4JPVgr=s792-k-no"
              alt="Glacier Perks Coffee House"
              class="emotion-109 emotion-110"
            />
          </a>
          <div
            class="emotion-126"
          >
            <div
              class="emotion-115 emotion-116"
            >
              <a
                href="https://www.facebook.com/glacier.perks.coffee/"
                rel="nofollow"
                class="emotion-64 emotion-56"
              >
                Glacier Perks Coffee House
              </a>
            </div>
            <address
              class="emotion-125"
            >
              <div>
                <span
                  class="emotion-13"
                >
                  <span
                    class="emotion-12"
                    role="img"
                    aria-label="round pushpin"
                  >
                    📍
                  </span>
                  <a
                    href="https://goo.gl/maps/jugv4Y9a1cB2"
                    class="emotion-64 emotion-56"
                  >
                    7235 US Highway 93 S, Lakeside, MT 59922
                  </a>
                </span>
              </div>
              <div>
                <span
                  class="emotion-13"
                >
                  <span
                    class="emotion-12"
                    role="img"
                    aria-label="phone receiver"
                  >
                    📞
                  </span>
                  <a
                    href="tel:(406) 844-0908"
                    class="emotion-64 emotion-56"
                  >
                    (406) 844-0908
                  </a>
                </span>
              </div>
            </address>
          </div>
        </div>
        <div
          class="emotion-127 emotion-128"
        >
          <a
            href="http://www.farmhouselakeside.com"
            rel="nofollow"
            class="emotion-111 emotion-112"
          >
            <img
              src="https://lh3.ggpht.com/p/AF1QipMnq0hRJAZx8v0dzUghoHUTZWIdU0DehUtECS7O=s1024"
              alt="The Farmhouse Restaurant"
              class="emotion-109 emotion-110"
            />
          </a>
          <div
            class="emotion-126"
          >
            <div
              class="emotion-115 emotion-116"
            >
              <a
                href="http://www.farmhouselakeside.com"
                rel="nofollow"
                class="emotion-64 emotion-56"
              >
                The Farmhouse Restaurant
              </a>
            </div>
            <address
              class="emotion-125"
            >
              <div>
                <span
                  class="emotion-13"
                >
                  <span
                    class="emotion-12"
                    role="img"
                    aria-label="round pushpin"
                  >
                    📍
                  </span>
                  <a
                    href="https://goo.gl/maps/torto64XEY12"
                    class="emotion-64 emotion-56"
                  >
                    306 Stoner Loop, Lakeside, MT 59922
                  </a>
                </span>
              </div>
              <div>
                <span
                  class="emotion-13"
                >
                  <span
                    class="emotion-12"
                    role="img"
                    aria-label="phone receiver"
                  >
                    📞
                  </span>
                  <a
                    href="tel:(406) 844-0610"
                    class="emotion-64 emotion-56"
                  >
                    (406) 844-0610
                  </a>
                </span>
              </div>
            </address>
          </div>
        </div>
        <div
          class="emotion-127 emotion-128"
        >
          <a
            href="https://www.tamarackbrewing.com/lakeside"
            rel="nofollow"
            class="emotion-111 emotion-112"
          >
            <img
              src="https://lh3.ggpht.com/p/AF1QipPunoYdh_MlZieT4exVD5a6x-337zzUaTBV1p9I=s1024"
              alt="Tamarack Brewing Company"
              class="emotion-109 emotion-110"
            />
          </a>
          <div
            class="emotion-126"
          >
            <div
              class="emotion-115 emotion-116"
            >
              <a
                href="https://www.tamarackbrewing.com/lakeside"
                rel="nofollow"
                class="emotion-64 emotion-56"
              >
                Tamarack Brewing Company
              </a>
            </div>
            <address
              class="emotion-125"
            >
              <div>
                <span
                  class="emotion-13"
                >
                  <span
                    class="emotion-12"
                    role="img"
                    aria-label="round pushpin"
                  >
                    📍
                  </span>
                  <a
                    href="https://goo.gl/maps/sTZ8XbjgAiG2"
                    class="emotion-64 emotion-56"
                  >
                    105 Blacktail Road, Lakeside, MT
                  </a>
                </span>
              </div>
              <div>
                <span
                  class="emotion-13"
                >
                  <span
                    class="emotion-12"
                    role="img"
                    aria-label="phone receiver"
                  >
                    📞
                  </span>
                  <a
                    href="tel:(406) 844-0244"
                    class="emotion-64 emotion-56"
                  >
                    (406) 844-0244
                  </a>
                </span>
              </div>
            </address>
          </div>
        </div>
        <div
          class="emotion-127 emotion-128"
        >
          <a
            href="https://www.facebook.com/homesteadcafebarandcasino/"
            rel="nofollow"
            class="emotion-111 emotion-112"
          >
            <img
              src="https://lh3.ggpht.com/p/AF1QipMjDbTEfGaaysS5OVQUaxeGGQHi5adNwoNMYan6=s1024"
              alt="Homestead Cafe"
              class="emotion-109 emotion-110"
            />
          </a>
          <div
            class="emotion-126"
          >
            <div
              class="emotion-115 emotion-116"
            >
              <a
                href="https://www.facebook.com/homesteadcafebarandcasino/"
                rel="nofollow"
                class="emotion-64 emotion-56"
              >
                Homestead Cafe
              </a>
            </div>
            <address
              class="emotion-125"
            >
              <div>
                <span
                  class="emotion-13"
                >
                  <span
                    class="emotion-12"
                    role="img"
                    aria-label="round pushpin"
                  >
                    📍
                  </span>
                  <a
                    href="https://goo.gl/maps/9YQK8DymPK52"
                    class="emotion-64 emotion-56"
                  >
                    7262 US Highway 93, Lakeside, MT 59922
                  </a>
                </span>
              </div>
              <div>
                <span
                  class="emotion-13"
                >
                  <span
                    class="emotion-12"
                    role="img"
                    aria-label="phone receiver"
                  >
                    📞
                  </span>
                  <a
                    href="tel:(406) 844-3926"
                    class="emotion-64 emotion-56"
                  >
                    (406) 844-3926
                  </a>
                </span>
              </div>
            </address>
          </div>
        </div>
        <div
          class="emotion-127 emotion-128"
        >
          <a
            href="https://www.dairyqueen.com/us-en/locator/Detail/?localechange=1&store-id=7001&"
            rel="nofollow"
            class="emotion-111 emotion-112"
          >
            <img
              src="https://geo0.ggpht.com/cbk?cb_client=maps_sv.tactile&authuser=0&hl=en&gl=us&photoid=gkRxLlg5XAIAAAQun13VTQ&output=photo"
              alt="Dairy Queen"
              class="emotion-109 emotion-110"
            />
          </a>
          <div
            class="emotion-126"
          >
            <div
              class="emotion-115 emotion-116"
            >
              <a
                href="https://www.dairyqueen.com/us-en/locator/Detail/?localechange=1&store-id=7001&"
                rel="nofollow"
                class="emotion-64 emotion-56"
              >
                Dairy Queen
              </a>
            </div>
            <address
              class="emotion-125"
            >
              <div>
                <span
                  class="emotion-13"
                >
                  <span
                    class="emotion-12"
                    role="img"
                    aria-label="round pushpin"
                  >
                    📍
                  </span>
                  <a
                    href="https://goo.gl/maps/LR9qrqDZ3DN2"
                    class="emotion-64 emotion-56"
                  >
                    7170 HWY 93 S, Lakeside, MT 59922
                  </a>
                </span>
              </div>
              <div>
                <span
                  class="emotion-13"
                >
                  <span
                    class="emotion-12"
                    role="img"
                    aria-label="phone receiver"
                  >
                    📞
                  </span>
                  <a
                    href="tel:(406) 844-3844"
                    class="emotion-64 emotion-56"
                  >
                    (406) 844-3844
                  </a>
                </span>
              </div>
            </address>
          </div>
        </div>
        <div
          class="emotion-127 emotion-128"
        >
          <a
            href="https://www.facebook.com/pages/Winchester-Steak-House/325894450829601"
            rel="nofollow"
            class="emotion-111 emotion-112"
          >
            <img
              src="https://lh3.ggpht.com/p/AF1QipPdnh0NOOANGbddezmt93GNeHsbkV6PtcpZdFws=s1024"
              alt="Winchester Steak House"
              class="emotion-109 emotion-110"
            />
          </a>
          <div
            class="emotion-126"
          >
            <div
              class="emotion-115 emotion-116"
            >
              <a
                href="https://www.facebook.com/pages/Winchester-Steak-House/325894450829601"
                rel="nofollow"
                class="emotion-64 emotion-56"
              >
                Winchester Steak House
              </a>
            </div>
            <address
              class="emotion-125"
            >
              <div>
                <span
                  class="emotion-13"
                >
                  <span
                    class="emotion-12"
                    role="img"
                    aria-label="round pushpin"
                  >
                    📍
                  </span>
                  <a
                    href="https://goo.gl/maps/RN46pwo4Be92"
                    class="emotion-64 emotion-56"
                  >
                    2205 US Highway 93 S, Kalispell, MT 59901
                  </a>
                </span>
              </div>
              <div>
                <span
                  class="emotion-13"
                >
                  <span
                    class="emotion-12"
                    role="img"
                    aria-label="phone receiver"
                  >
                    📞
                  </span>
                  <a
                    href="tel:(406) 257-8188"
                    class="emotion-64 emotion-56"
                  >
                    (406) 257-8188
                  </a>
                </span>
              </div>
            </address>
          </div>
        </div>
        <div
          class="emotion-127 emotion-128"
        >
          <a
            href="http://scottysmt.com"
            rel="nofollow"
            class="emotion-111 emotion-112"
          >
            <img
              src="https://lh3.ggpht.com/p/AF1QipNisMxLj0y-kjpFsm7xRX_JufIRw2_K1PXmbjI_=s1024"
              alt="Scotty’s Bar"
              class="emotion-109 emotion-110"
            />
          </a>
          <div
            class="emotion-126"
          >
            <div
              class="emotion-115 emotion-116"
            >
              <a
                href="http://scottysmt.com"
                rel="nofollow"
                class="emotion-64 emotion-56"
              >
                Scotty’s Bar
              </a>
            </div>
            <address
              class="emotion-125"
            >
              <div>
                <span
                  class="emotion-13"
                >
                  <span
                    class="emotion-12"
                    role="img"
                    aria-label="round pushpin"
                  >
                    📍
                  </span>
                  <a
                    href="https://goo.gl/maps/fpx285LR8JL2"
                    class="emotion-64 emotion-56"
                  >
                    2205 US Highway 93 S, Kalispell, MT 59901
                  </a>
                </span>
              </div>
              <div>
                <span
                  class="emotion-13"
                >
                  <span
                    class="emotion-12"
                    role="img"
                    aria-label="phone receiver"
                  >
                    📞
                  </span>
                  <a
                    href="tel:(406) 257-8188"
                    class="emotion-64 emotion-56"
                  >
                    (406) 257-8188
                  </a>
                </span>
              </div>
            </address>
          </div>
        </div>
      </div>
    </div>
  </section>
  <section
    id="activityList"
    aria-labelledby="activityList-description"
    class="emotion-88"
  >
    <div
      color="hsl(354, 63%, 51%)"
      class="emotion-425 emotion-49"
    >
      <h1
        id="activityList-description"
        class="emotion-46 emotion-47"
      >
        <span
          class="emotion-13"
        >
          <span
            class="emotion-12"
            role="img"
            aria-label="biking woman"
          >
            🚴🏽‍♀️
          </span>
          What to Do?
        </span>
      </h1>
    </div>
    <div
      class="emotion-87"
    >
      <div
        class="emotion-267 emotion-268"
      >
        <div
          class="emotion-127 emotion-128"
        >
          <a
            href="https://www.nps.gov/glac/index.htm"
            rel="nofollow"
            class="emotion-111 emotion-112"
          >
            <img
              src="https://lh3.ggpht.com/p/AF1QipMneZ7VhRLaiEaUTBhRo1CWqUzv3hs-gBP3fYkM=s1024"
              alt="Glacier National Park"
              class="emotion-109 emotion-110"
            />
          </a>
          <div
            class="emotion-126"
          >
            <div
              class="emotion-115 emotion-116"
            >
              <a
                href="https://www.nps.gov/glac/index.htm"
                rel="nofollow"
                class="emotion-64 emotion-56"
              >
                Glacier National Park
              </a>
            </div>
            <address
              class="emotion-125"
            >
              <div>
                <span
                  class="emotion-13"
                >
                  <span
                    class="emotion-12"
                    role="img"
                    aria-label="round pushpin"
                  >
                    📍
                  </span>
                  <a
                    href="https://goo.gl/maps/SR32JLrbeb62"
                    class="emotion-64 emotion-56"
                  >
                    Glacier National Park, MT
                  </a>
                </span>
              </div>
              <div>
                <span
                  class="emotion-13"
                >
                  <span
                    class="emotion-12"
                    role="img"
                    aria-label="phone receiver"
                  >
                    📞
                  </span>
                  <a
                    href="tel:(406) 888-7800"
                    class="emotion-64 emotion-56"
                  >
                    (406) 888-7800
                  </a>
                </span>
              </div>
            </address>
          </div>
        </div>
        <div
          class="emotion-127 emotion-128"
        >
          <a
            href="https://flatheadlakeboattour.com/"
            rel="nofollow"
            class="emotion-111 emotion-112"
          >
            <img
              src="https://flatheadlakeboattour.com/wp-content/uploads/2017/05/Far-West-Tour-Boat.jpg"
              alt="Far West Boat Tours"
              class="emotion-109 emotion-110"
            />
          </a>
          <div
            class="emotion-126"
          >
            <div
              class="emotion-115 emotion-116"
            >
              <a
                href="https://flatheadlakeboattour.com/"
                rel="nofollow"
                class="emotion-64 emotion-56"
              >
                Far West Boat Tours
              </a>
            </div>
            <p
              class="emotion-137"
            >
              Adults $22, Children 6–12: $10
            </p>
            <address
              class="emotion-125"
            >
              <div>
                <span
                  class="emotion-13"
                >
                  <span
                    class="emotion-12"
                    role="img"
                    aria-label="round pushpin"
                  >
                    📍
                  </span>
                  <a
                    href="https://goo.gl/maps/9eSbLLUZ58L2"
                    class="emotion-64 emotion-56"
                  >
                    Lakeside Marina, 7135 Hwy 93 South, Lakeside, MT 59922
                  </a>
                </span>
              </div>
              <div>
                <span
                  class="emotion-13"
                >
                  <span
                    class="emotion-12"
                    role="img"
                    aria-label="phone receiver"
                  >
                    📞
                  </span>
                  <a
                    href="tel:(406) 844-2628"
                    class="emotion-64 emotion-56"
                  >
                    (406) 844-2628
                  </a>
                </span>
              </div>
            </address>
          </div>
        </div>
        <div
          class="emotion-127 emotion-128"
        >
          <a
            href="http://www.spokeandpaddle.com"
            rel="nofollow"
            class="emotion-111 emotion-112"
          >
            <img
              src="http://www.spokeandpaddle.com/images/sandflats.jpg"
              alt="Spoke & Paddle Outdoor Adventures"
              class="emotion-109 emotion-110"
            />
          </a>
          <div
            class="emotion-126"
          >
            <div
              class="emotion-115 emotion-116"
            >
              <a
                href="http://www.spokeandpaddle.com"
                rel="nofollow"
                class="emotion-64 emotion-56"
              >
                Spoke & Paddle Outdoor Adventures
              </a>
            </div>
            <address
              class="emotion-125"
            >
              <div>
                <span
                  class="emotion-13"
                >
                  <span
                    class="emotion-12"
                    role="img"
                    aria-label="round pushpin"
                  >
                    📍
                  </span>
                  <a
                    href="https://goo.gl/maps/CJPCsbMfwdP2"
                    class="emotion-64 emotion-56"
                  >
                    10 Somers Rd, Somers, MT 59932
                  </a>
                </span>
              </div>
              <div>
                <span
                  class="emotion-13"
                >
                  <span
                    class="emotion-12"
                    role="img"
                    aria-label="phone receiver"
                  >
                    📞
                  </span>
                  <a
                    href="tel:(406) 393-2133"
                    class="emotion-64 emotion-56"
                  >
                    (406) 393-2133
                  </a>
                </span>
              </div>
            </address>
          </div>
        </div>
        <div
          class="emotion-127 emotion-128"
        >
          <a
            href="http://www.seamepaddle.com"
            rel="nofollow"
            class="emotion-111 emotion-112"
          >
            <img
              src="https://lh3.ggpht.com/p/AF1QipNbgLiDCF3vj9_AMegijlQMaBJf9OvAImYPjqyN=s1024"
              alt="Sea Me Paddle Kayaking Tours"
              class="emotion-109 emotion-110"
            />
          </a>
          <div
            class="emotion-126"
          >
            <div
              class="emotion-115 emotion-116"
            >
              <a
                href="http://www.seamepaddle.com"
                rel="nofollow"
                class="emotion-64 emotion-56"
              >
                Sea Me Paddle Kayaking Tours
              </a>
            </div>
            <address
              class="emotion-125"
            >
              <div>
                <span
                  class="emotion-13"
                >
                  <span
                    class="emotion-12"
                    role="img"
                    aria-label="round pushpin"
                  >
                    📍
                  </span>
                  <a
                    href="https://goo.gl/maps/sJHiaKQe8zk"
                    class="emotion-64 emotion-56"
                  >
                    7220 Hwy 93 S #3, Lakeside,, MT 59922
                  </a>
                </span>
              </div>
              <div>
                <span
                  class="emotion-13"
                >
                  <span
                    class="emotion-12"
                    role="img"
                    aria-label="phone receiver"
                  >
                    📞
                  </span>
                  <a
                    href="tel:(406) 249-1153"
                    class="emotion-64 emotion-56"
                  >
                    (406) 249-1153
                  </a>
                </span>
              </div>
            </address>
          </div>
        </div>
        <div
          class="emotion-127 emotion-128"
        >
          <a
            href="https://glacierraftco.com"
            rel="nofollow"
            class="emotion-111 emotion-112"
          >
            <img
              src="https://www.bmwunstoppable.com/wp-content/uploads/2017/04/maxresdefault-1-7.jpg"
              alt="Glacier Raft Company"
              class="emotion-109 emotion-110"
            />
          </a>
          <div
            class="emotion-126"
          >
            <div
              class="emotion-115 emotion-116"
            >
              <a
                href="https://glacierraftco.com"
                rel="nofollow"
                class="emotion-64 emotion-56"
              >
                Glacier Raft Company
              </a>
            </div>
            <address
              class="emotion-125"
            >
              <div>
                <span
                  class="emotion-13"
                >
                  <span
                    class="emotion-12"
                    role="img"
                    aria-label="round pushpin"
                  >
                    📍
                  </span>
                  <a
                    href="https://goo.gl/maps/cRRSk9WZ6ny"
                    class="emotion-64 emotion-56"
                  >
                    106 Going-To-The-Sun Rd, West Glacier, MT 59936
                  </a>
                </span>
              </div>
              <div>
                <span
                  class="emotion-13"
                >
                  <span
                    class="emotion-12"
                    role="img"
                    aria-label="phone receiver"
                  >
                    📞
                  </span>
                  <a
                    href="tel:(406) 888-5454"
                    class="emotion-64 emotion-56"
                  >
                    (406) 888-5454
                  </a>
                </span>
              </div>
            </address>
          </div>
        </div>
        <div
          class="emotion-127 emotion-128"
        >
          <a
            href="http://www.bigfork.org/contents/view/bigfork-montana-chamber"
            rel="nofollow"
            class="emotion-111 emotion-112"
          >
            <img
              src="https://images.fineartamerica.com/images-medium-large/bigfork-montana-sunset-jim-pavelle.jpg"
              alt="Bigfork"
              class="emotion-109 emotion-110"
            />
          </a>
          <div
            class="emotion-126"
          >
            <div
              class="emotion-115 emotion-116"
            >
              <a
                href="http://www.bigfork.org/contents/view/bigfork-montana-chamber"
                rel="nofollow"
                class="emotion-64 emotion-56"
              >
                Bigfork
              </a>
            </div>
            <address
              class="emotion-125"
            >
              <div>
                <span
                  class="emotion-13"
                >
                  <span
                    class="emotion-12"
                    role="img"
                    aria-label="round pushpin"
                  >
                    📍
                  </span>
                  <a
                    href="https://goo.gl/maps/nd9GxmGTmJv"
                    class="emotion-64 emotion-56"
                  >
                    Bigfork, MT
                  </a>
                </span>
              </div>
            </address>
          </div>
        </div>
        <div
          class="emotion-127 emotion-128"
        >
          <a
            href="http://www.boatrentalsandrides.com"
            rel="nofollow"
            class="emotion-111 emotion-112"
          >
            <img
              src="https://lh3.ggpht.com/p/AF1QipPOnBM5O5btlHaud1AH-QlcdmbFp-apN3jGtF8j=s1024"
              alt="Boat Rentals and Rides"
              class="emotion-109 emotion-110"
            />
          </a>
          <div
            class="emotion-126"
          >
            <div
              class="emotion-115 emotion-116"
            >
              <a
                href="http://www.boatrentalsandrides.com"
                rel="nofollow"
                class="emotion-64 emotion-56"
              >
                Boat Rentals and Rides
              </a>
            </div>
            <address
              class="emotion-125"
            >
              <div>
                <span
                  class="emotion-13"
                >
                  <span
                    class="emotion-12"
                    role="img"
                    aria-label="round pushpin"
                  >
                    📍
                  </span>
                  <a
                    href="https://goo.gl/maps/WvUwTE5xy882"
                    class="emotion-64 emotion-56"
                  >
                    44227 A St, Big Arm, MT 59910
                  </a>
                </span>
              </div>
              <div>
                <span
                  class="emotion-13"
                >
                  <span
                    class="emotion-12"
                    role="img"
                    aria-label="phone receiver"
                  >
                    📞
                  </span>
                  <a
                    href="tel:(406) 260-5090"
                    class="emotion-64 emotion-56"
                  >
                    (406) 260-5090
                  </a>
                </span>
              </div>
            </address>
          </div>
        </div>
        <div
          class="emotion-127 emotion-128"
        >
          <a
            href="http://www.flatheadlakesailing.com"
            rel="nofollow"
            class="emotion-111 emotion-112"
          >
            <img
              src="https://static1.squarespace.com/static/54da76f0e4b004762df44faa/t/54f7394ce4b0aff87aef4f08/1425488206828/FLR2032.jpg"
              alt="Flathead Lake Sailing & Charters"
              class="emotion-109 emotion-110"
            />
          </a>
          <div
            class="emotion-126"
          >
            <div
              class="emotion-115 emotion-116"
            >
              <a
                href="http://www.flatheadlakesailing.com"
                rel="nofollow"
                class="emotion-64 emotion-56"
              >
                Flathead Lake Sailing & Charters
              </a>
            </div>
            <address
              class="emotion-125"
            >
              <div>
                <span
                  class="emotion-13"
                >
                  <span
                    class="emotion-12"
                    role="img"
                    aria-label="round pushpin"
                  >
                    📍
                  </span>
                  <a
                    href="https://goo.gl/maps/nzUd172fAPr"
                    class="emotion-64 emotion-56"
                  >
                    150 Flathead Lodge Rd, Bigfork, MT 59911
                  </a>
                </span>
              </div>
              <div>
                <span
                  class="emotion-13"
                >
                  <span
                    class="emotion-12"
                    role="img"
                    aria-label="phone receiver"
                  >
                    📞
                  </span>
                  <a
                    href="tel:(406) 837-5569"
                    class="emotion-64 emotion-56"
                  >
                    (406) 837-5569
                  </a>
                </span>
              </div>
            </address>
          </div>
        </div>
        <div
          class="emotion-127 emotion-128"
        >
          <a
            href="http://www.wildhorseislandboattrips.com"
            rel="nofollow"
            class="emotion-111 emotion-112"
          >
            <img
              src="https://lh3.ggpht.com/p/AF1QipMuV4H2G2h4_I0oCPKyTxmuMVOBeEEqjqcTvdDb=s1024"
              alt="WildHorse Island Boat Trips"
              class="emotion-109 emotion-110"
            />
          </a>
          <div
            class="emotion-126"
          >
            <div
              class="emotion-115 emotion-116"
            >
              <a
                href="http://www.wildhorseislandboattrips.com"
                rel="nofollow"
                class="emotion-64 emotion-56"
              >
                WildHorse Island Boat Trips
              </a>
            </div>
            <address
              class="emotion-125"
            >
              <div>
                <span
                  class="emotion-13"
                >
                  <span
                    class="emotion-12"
                    role="img"
                    aria-label="round pushpin"
                  >
                    📍
                  </span>
                  <a
                    href="https://goo.gl/maps/Ni7GehCRdDR2"
                    class="emotion-64 emotion-56"
                  >
                    452 Grand Drive, Bigfork, MT 59911
                  </a>
                </span>
              </div>
              <div>
                <span
                  class="emotion-13"
                >
                  <span
                    class="emotion-12"
                    role="img"
                    aria-label="phone receiver"
                  >
                    📞
                  </span>
                  <a
                    href="tel:(406) 837-5617"
                    class="emotion-64 emotion-56"
                  >
                    (406) 837-5617
                  </a>
                </span>
              </div>
            </address>
          </div>
        </div>
      </div>
    </div>
  </section>
  <section
    id="contactUs"
    aria-labelledby="contactUs-description"
    class="emotion-88"
  >
    <div
      color="hsl(288, 50%, 48%)"
      class="emotion-612 emotion-49"
    >
      <h1
        id="contactUs-description"
        class="emotion-46 emotion-47"
      >
        <span
          class="emotion-13"
        >
          <span
            class="emotion-12"
            role="img"
            aria-label="woman raising hand"
          >
            🙋🏻‍♀️
          </span>
          Questions?
        </span>
      </h1>
    </div>
    <div
      class="emotion-87"
    >
      <form
        action="https://formspree.io/birky50@damacy.net"
        method="POST"
        class="emotion-628 emotion-629"
      >
        <label
          for="contact_us_name"
          class="emotion-614 emotion-615"
        >
          Name
        </label>
        <input
          type="text"
          name="name"
          id="contact_us_name"
          placeholder="Your Name"
          required=""
          class="emotion-616 emotion-617"
        />
        <label
          for="contact_us_email"
          class="emotion-614 emotion-615"
        >
          Email
        </label>
        <input
          type="email"
          name="email"
          id="contact_us_email"
          placeholder="Your Email"
          required=""
          class="emotion-616 emotion-617"
        />
        <label
          for="contact_us_message"
          class="emotion-614 emotion-615"
        >
          Message
        </label>
        <textarea
          name="message"
          id="contact_us_message"
          placeholder="Message"
          rows="3"
          required=""
          class="emotion-624 emotion-625"
        />
        <input
          type="hidden"
          name="_subject"
          value="Birky 50th Anniversary Message"
        />
        <input
          type="hidden"
          name="_gotcha"
        />
        <button
          type="submit"
          class="emotion-626 emotion-627"
        >
          Send
        </button>
      </form>
    </div>
  </section>
</div>
`;
