// Jest Snapshot v1, https://goo.gl/fbAQLP

exports[`Section is rendered 1`] = `
.emotion-12 {
  padding: 0 24px;
}

.emotion-13 {
  padding: 0 0 24px;
}

.emotion-4 {
  border-top: 8px solid hsl(199,71%,51%);
  padding: 16px 24px 0;
  position: -webkit-sticky;
  position: sticky;
  top: 0;
  background-color: hsla(0,0%,100%,0.8);
}

.emotion-2 {
  font-weight: normal;
  line-height: 1.1;
  margin: 0 0;
  padding: 0 0 1em;
  font-size: 1.75rem;
}

@media (max-width:21.875em) {
  .emotion-2 {
    font-size: 1.5rem;
  }
}

.emotion-1 {
  display: -webkit-box;
  display: -webkit-flex;
  display: -ms-flexbox;
  display: flex;
  -webkit-align-items: baseline;
  -webkit-box-align: baseline;
  -ms-flex-align: baseline;
  align-items: baseline;
}

.emotion-0 {
  font-family: "Segoe UI Emoji";
  margin-right: 0.25em;
}

.emotion-10 {
  color: hsl(0,0%,45%);
}

.emotion-11 {
  font-weight: bold;
}

.emotion-7 {
  color: hsl(44,56%,32%);
  -webkit-text-decoration: none;
  text-decoration: none;
}

<section
  id="airport"
  aria-labelledby="airport-description"
  class="emotion-13"
>
  <div
    color="hsl(199, 71%, 51%)"
    class="emotion-4 emotion-5"
  >
    <h1
      id="airport-description"
      class="emotion-2 emotion-3"
    >
      <span
        class="emotion-1"
      >
        <span
          class="emotion-0"
          role="img"
          aria-label="airplane"
        >
          ✈️
        </span>
        Where to Fly Into?
      </span>
    </h1>
  </div>
  <div
    class="emotion-12"
  >
    <span
      class="emotion-1"
    >
      <span
        class="emotion-0"
        role="img"
        aria-label="flight arrival"
      >
        🛬
      </span>
      <a
        href="http://www.iflyglacier.com"
        rel="nofollow"
        class="emotion-7 emotion-8"
      >
        Glacier Park International Airport
      </a>
    </span>
    <p>
      <span
        class="emotion-10"
      >
        Code:
      </span>
      <span
        class="emotion-11"
      >
        FCA
      </span>
    </p>
  </div>
</section>
`;
